Archive member included to satisfy reference by file (symbol)

d:/robeiide/tool/riscv64-unknown-elf-gcc/bin/../lib/gcc/riscv64-unknown-elf/8.1.0/../../../../riscv64-unknown-elf/lib/rv32im/ilp32\libc_nano.a(lib_a-atexit.o)
                              ./robei_sdk/env/rtos_start.o (atexit)
d:/robeiide/tool/riscv64-unknown-elf-gcc/bin/../lib/gcc/riscv64-unknown-elf/8.1.0/../../../../riscv64-unknown-elf/lib/rv32im/ilp32\libc_nano.a(lib_a-exit.o)
                              ./robei_sdk/env/rtos_start.o (exit)
d:/robeiide/tool/riscv64-unknown-elf-gcc/bin/../lib/gcc/riscv64-unknown-elf/8.1.0/../../../../riscv64-unknown-elf/lib/rv32im/ilp32\libc_nano.a(lib_a-fini.o)
                              ./robei_sdk/env/rtos_start.o (__libc_fini_array)
d:/robeiide/tool/riscv64-unknown-elf-gcc/bin/../lib/gcc/riscv64-unknown-elf/8.1.0/../../../../riscv64-unknown-elf/lib/rv32im/ilp32\libc_nano.a(lib_a-impure.o)
                              d:/robeiide/tool/riscv64-unknown-elf-gcc/bin/../lib/gcc/riscv64-unknown-elf/8.1.0/../../../../riscv64-unknown-elf/lib/rv32im/ilp32\libc_nano.a(lib_a-exit.o) (_global_impure_ptr)
d:/robeiide/tool/riscv64-unknown-elf-gcc/bin/../lib/gcc/riscv64-unknown-elf/8.1.0/../../../../riscv64-unknown-elf/lib/rv32im/ilp32\libc_nano.a(lib_a-init.o)
                              ./robei_sdk/env/rtos_start.o (__libc_init_array)
d:/robeiide/tool/riscv64-unknown-elf-gcc/bin/../lib/gcc/riscv64-unknown-elf/8.1.0/../../../../riscv64-unknown-elf/lib/rv32im/ilp32\libc_nano.a(lib_a-printf.o)
                              ./src/main.o (printf)
d:/robeiide/tool/riscv64-unknown-elf-gcc/bin/../lib/gcc/riscv64-unknown-elf/8.1.0/../../../../riscv64-unknown-elf/lib/rv32im/ilp32\libc_nano.a(lib_a-__atexit.o)
                              d:/robeiide/tool/riscv64-unknown-elf-gcc/bin/../lib/gcc/riscv64-unknown-elf/8.1.0/../../../../riscv64-unknown-elf/lib/rv32im/ilp32\libc_nano.a(lib_a-atexit.o) (__register_exitproc)
d:/robeiide/tool/riscv64-unknown-elf-gcc/bin/../lib/gcc/riscv64-unknown-elf/8.1.0/../../../../riscv64-unknown-elf/lib/rv32im/ilp32\libc_nano.a(lib_a-__call_atexit.o)
                              d:/robeiide/tool/riscv64-unknown-elf-gcc/bin/../lib/gcc/riscv64-unknown-elf/8.1.0/../../../../riscv64-unknown-elf/lib/rv32im/ilp32\libc_nano.a(lib_a-__atexit.o) (__call_exitprocs)
d:/robeiide/tool/riscv64-unknown-elf-gcc/bin/../lib/gcc/riscv64-unknown-elf/8.1.0/../../../../riscv64-unknown-elf/lib/rv32im/ilp32\libc_nano.a(lib_a-findfp.o)
                              d:/robeiide/tool/riscv64-unknown-elf-gcc/bin/../lib/gcc/riscv64-unknown-elf/8.1.0/../../../../riscv64-unknown-elf/lib/rv32im/ilp32\libc_nano.a(lib_a-printf.o) (__sinit)
d:/robeiide/tool/riscv64-unknown-elf-gcc/bin/../lib/gcc/riscv64-unknown-elf/8.1.0/../../../../riscv64-unknown-elf/lib/rv32im/ilp32\libc_nano.a(lib_a-fwalk.o)
                              d:/robeiide/tool/riscv64-unknown-elf-gcc/bin/../lib/gcc/riscv64-unknown-elf/8.1.0/../../../../riscv64-unknown-elf/lib/rv32im/ilp32\libc_nano.a(lib_a-findfp.o) (_fwalk)
d:/robeiide/tool/riscv64-unknown-elf-gcc/bin/../lib/gcc/riscv64-unknown-elf/8.1.0/../../../../riscv64-unknown-elf/lib/rv32im/ilp32\libc_nano.a(lib_a-memset.o)
                              d:/robeiide/tool/riscv64-unknown-elf-gcc/bin/../lib/gcc/riscv64-unknown-elf/8.1.0/../../../../riscv64-unknown-elf/lib/rv32im/ilp32\libc_nano.a(lib_a-findfp.o) (memset)
d:/robeiide/tool/riscv64-unknown-elf-gcc/bin/../lib/gcc/riscv64-unknown-elf/8.1.0/../../../../riscv64-unknown-elf/lib/rv32im/ilp32\libc_nano.a(lib_a-nano-mallocr.o)
                              d:/robeiide/tool/riscv64-unknown-elf-gcc/bin/../lib/gcc/riscv64-unknown-elf/8.1.0/../../../../riscv64-unknown-elf/lib/rv32im/ilp32\libc_nano.a(lib_a-findfp.o) (_malloc_r)
d:/robeiide/tool/riscv64-unknown-elf-gcc/bin/../lib/gcc/riscv64-unknown-elf/8.1.0/../../../../riscv64-unknown-elf/lib/rv32im/ilp32\libc_nano.a(lib_a-nano-vfprintf.o)
                              d:/robeiide/tool/riscv64-unknown-elf-gcc/bin/../lib/gcc/riscv64-unknown-elf/8.1.0/../../../../riscv64-unknown-elf/lib/rv32im/ilp32\libc_nano.a(lib_a-printf.o) (_vfprintf_r)
d:/robeiide/tool/riscv64-unknown-elf-gcc/bin/../lib/gcc/riscv64-unknown-elf/8.1.0/../../../../riscv64-unknown-elf/lib/rv32im/ilp32\libc_nano.a(lib_a-sbrkr.o)
                              d:/robeiide/tool/riscv64-unknown-elf-gcc/bin/../lib/gcc/riscv64-unknown-elf/8.1.0/../../../../riscv64-unknown-elf/lib/rv32im/ilp32\libc_nano.a(lib_a-nano-mallocr.o) (_sbrk_r)
d:/robeiide/tool/riscv64-unknown-elf-gcc/bin/../lib/gcc/riscv64-unknown-elf/8.1.0/../../../../riscv64-unknown-elf/lib/rv32im/ilp32\libc_nano.a(lib_a-stdio.o)
                              d:/robeiide/tool/riscv64-unknown-elf-gcc/bin/../lib/gcc/riscv64-unknown-elf/8.1.0/../../../../riscv64-unknown-elf/lib/rv32im/ilp32\libc_nano.a(lib_a-findfp.o) (__sread)
d:/robeiide/tool/riscv64-unknown-elf-gcc/bin/../lib/gcc/riscv64-unknown-elf/8.1.0/../../../../riscv64-unknown-elf/lib/rv32im/ilp32\libc_nano.a(lib_a-wbuf.o)
[...]
Memory Configuration

Name             Origin             Length             Attributes
flash            0x0000000000000000 0x0000000000400000 axrl !w
ram              0x0000000002000000 0x0000000000004000 axw !rl
*default*        0x0000000000000000 0xffffffffffffffff

Linker script and memory map

                0x0000000000000400                __stack_size = 0x400
START GROUP
END GROUP
LOAD ./src/main.o
LOAD ./robei_sdk/env/entry.o
LOAD ./robei_sdk/env/rtos_start.o
LOAD ./robei_sdk/env/start.o
LOAD ./robei_sdk/env/robei/init.o
LOAD ./robei_sdk/drivers/robei_MPU.o
LOAD ./robei_sdk/drivers/robei_GPIO.o
LOAD ./robei_sdk/drivers/robei_DMA.o
LOAD ./robei_sdk/drivers/robei_IIC.o
LOAD ./robei_sdk/drivers/robei_IWDG.o
LOAD ./robei_sdk/drivers/robei_MEMIO.o
LOAD ./robei_sdk/drivers/robei_RTC.o
LOAD ./robei_sdk/drivers/robei_SPI.o
LOAD ./robei_sdk/drivers/robei_SYSCLK.o
LOAD ./robei_sdk/drivers/robei_WWDG.o
LOAD ./robei_sdk/drivers/robei_IT.o
LOAD ./robei_sdk/drivers/robei_UART.o
LOAD ./robei_sdk/drivers/robei_TIM16.o
LOAD ./robei_sdk/drivers/robei_TIM32.o
LOAD ./robei_sdk/libwrap/misc/write_hex.o
LOAD ./robei_sdk/libwrap/stdlib/malloc.o
LOAD ./robei_sdk/libwrap/sys/_exit.o
LOAD ./robei_sdk/libwrap/sys/close.o
LOAD ./robei_sdk/libwrap/sys/execve.o
LOAD ./robei_sdk/libwrap/sys/fork.o
LOAD ./robei_sdk/libwrap/sys/fstat.o
LOAD ./robei_sdk/libwrap/sys/getpid.o
LOAD ./robei_sdk/libwrap/sys/isatty.o
LOAD ./robei_sdk/libwrap/sys/kill.o
LOAD ./robei_sdk/libwrap/sys/link.o
LOAD ./robei_sdk/libwrap/sys/lseek.o
LOAD ./robei_sdk/libwrap/sys/open.o
LOAD ./robei_sdk/libwrap/sys/openat.o
LOAD ./robei_sdk/libwrap/sys/puts.o
LOAD ./robei_sdk/libwrap/sys/read.o
LOAD ./robei_sdk/libwrap/sys/sbrk.o
LOAD ./robei_sdk/libwrap/sys/stat.o
LOAD ./robei_sdk/libwrap/sys/times.o
LOAD ./robei_sdk/libwrap/sys/unlink.o
LOAD ./robei_sdk/libwrap/sys/wait.o
LOAD ./robei_sdk/libwrap/sys/write.o
LOAD d:/robeiide/tool/riscv64-unknown-elf-gcc/bin/../lib/gcc/riscv64-unknown-elf/8.1.0/../../../../riscv64-unknown-elf/lib/rv32im/ilp32\libc_nano.a
LOAD d:/robeiide/tool/riscv64-unknown-elf-gcc/bin/../lib/gcc/riscv64-unknown-elf/8.1.0/rv32im/ilp32\libgcc.a
LOAD d:/robeiide/tool/riscv64-unknown-elf-gcc/bin/../lib/gcc/riscv64-unknown-elf/8.1.0/../../../../riscv64-unknown-elf/lib/rv32im/ilp32\libg_nano.a
LOAD d:/robeiide/tool/riscv64-unknown-elf-gcc/bin/../lib/gcc/riscv64-unknown-elf/8.1.0/../../../../riscv64-unknown-elf/lib/rv32im/ilp32\libc_nano.a
LOAD d:/robeiide/tool/riscv64-unknown-elf-gcc/bin/../lib/gcc/riscv64-unknown-elf/8.1.0/rv32im/ilp32\libgcc.a
START GROUP
LOAD d:/robeiide/tool/riscv64-unknown-elf-gcc/bin/../lib/gcc/riscv64-unknown-elf/8.1.0/rv32im/ilp32\libgcc.a
LOAD d:/robeiide/tool/riscv64-unknown-elf-gcc/bin/../lib/gcc/riscv64-unknown-elf/8.1.0/../../../../riscv64-unknown-elf/lib/rv32im/ilp32\libc_nano.a
LOAD d:/robeiide/tool/riscv64-unknown-elf-gcc/bin/../lib/gcc/riscv64-unknown-elf/8.1.0/../../../../riscv64-unknown-elf/lib/rv32im/ilp32\libgloss_nano.a
END GROUP
                0x0000000000000800                __stack_size = DEFINED (__stack_size)?__stack_size:0x800

.init           0x0000000000000000      0x61c
 *(SORT_NONE(.init))
 .init          0x0000000000000000      0x61c ./robei_sdk/env/start.o
                0x0000000000000000                _start

.text           0x000000000000061c     0x3b0c
 *(.text.unlikely .text.unlikely.*)
 *(.text.startup .text.startup.*)
 .text.startup.register_fini
                0x000000000000061c       0x1c d:/robeiide/tool/riscv64-unknown-elf-gcc/bin/../lib/gcc/riscv64-unknown-elf/8.1.0/../../../../riscv64-unknown-elf/lib/rv32im/ilp32\libc_nano.a(lib_a-__call_atexit.o)
 *(.text .text.*)
 .text.delay_us
                0x0000000000000638       0x40 ./src/main.o
                0x0000000000000638                delay_us
 .text.DM_ch_speed_Position
                0x0000000000000678      0x458 ./src/main.o
                0x0000000000000678                DM_ch_speed_Position
 .text.DM_Action
                0x0000000000000ad0       0xbc ./src/main.o
                0x0000000000000ad0                DM_Action
 .text.main     0x0000000000000b8c      0x250 ./src/main.o
                0x0000000000000b8c                main
 .text          0x0000000000000ddc       0x94 ./robei_sdk/env/rtos_start.o
                0x0000000000000ddc                _start_after_loder
 .text._init    0x0000000000000e70       0x1c ./robei_sdk/env/robei/init.o
                0x0000000000000e70                _init
 .text._fini    0x0000000000000e8c       0x1c ./robei_sdk/env/robei/init.o
                0x0000000000000e8c                _fini
 .text.Ro_GPIO_Init
                0x0000000000000ea8      0x1b4 ./robei_sdk/drivers/robei_GPIO.o
                0x0000000000000ea8                Ro_GPIO_Init
 .text.Ro_GPIO_ReadGroup
                0x000000000000105c       0x2c ./robei_sdk/drivers/robei_GPIO.o
                0x000000000000105c                Ro_GPIO_ReadGroup
 .text.Ro_WWDG_Refresh_IT
                0x0000000000001088       0x58 ./robei_sdk/drivers/robei_WWDG.o
                0x0000000000001088                Ro_WWDG_Refresh_IT
 .text.Ro_GPIO45_IRQHandle
                0x00000000000010e0       0x1c ./robei_sdk/drivers/robei_IT.o
                0x00000000000010e0                Ro_GPIO45_IRQHandle
 .text.Ro_GPIO6_IRQHandle
                0x00000000000010fc       0x1c ./robei_sdk/drivers/robei_IT.o
                0x00000000000010fc                Ro_GPIO6_IRQHandle
 .text.Ro_GPIO7_IRQHandle
                0x0000000000001118       0x1c ./robei_sdk/drivers/robei_IT.o
                0x0000000000001118                Ro_GPIO7_IRQHandle
 .text.Ro_GPIO0_IRQHandle
                0x0000000000001134       0x1c ./robei_sdk/drivers/robei_IT.o
                0x0000000000001134                Ro_GPIO0_IRQHandle
 .text.Ro_GPIO1_IRQHandle
                0x0000000000001150       0x1c ./robei_sdk/drivers/robei_IT.o
                0x0000000000001150                Ro_GPIO1_IRQHandle
 .text.Ro_GPIO2_IRQHandle
                0x000000000000116c       0x1c ./robei_sdk/drivers/robei_IT.o
                0x000000000000116c                Ro_GPIO2_IRQHandle
 .text.Ro_GPIO3_IRQHandle
                0x0000000000001188       0x1c ./robei_sdk/drivers/robei_IT.o
                0x0000000000001188                Ro_GPIO3_IRQHandle
 .text.Ro_WWDG_IRQHandle
                0x00000000000011a4       0x2c ./robei_sdk/drivers/robei_IT.o
                0x00000000000011a4                Ro_WWDG_IRQHandle
 .text.Ro_DMA0_CH01_IRQHandle
                0x00000000000011d0       0x1c ./robei_sdk/drivers/robei_IT.o
                0x00000000000011d0                Ro_DMA0_CH01_IRQHandle
 .text.Ro_DMA1_CH01_IRQHandle
                0x00000000000011ec       0x1c ./robei_sdk/drivers/robei_IT.o
                0x00000000000011ec                Ro_DMA1_CH01_IRQHandle
 .text.Ro_DMA01_CH2_IRQHandle
                0x0000000000001208       0x1c ./robei_sdk/drivers/robei_IT.o
                0x0000000000001208                Ro_DMA01_CH2_IRQHandle
 .text.Ro_DMA01_CH3_IRQHandle
                0x0000000000001224       0x1c ./robei_sdk/drivers/robei_IT.o
                0x0000000000001224                Ro_DMA01_CH3_IRQHandle
 .text.Ro_DMA01_CH4_IRQHandle
                0x0000000000001240       0x1c ./robei_sdk/drivers/robei_IT.o
                0x0000000000001240                Ro_DMA01_CH4_IRQHandle
 .text.Ro_DMA01_CH5_IRQHandle
                0x000000000000125c       0x1c ./robei_sdk/drivers/robei_IT.o
                0x000000000000125c                Ro_DMA01_CH5_IRQHandle
 .text.Ro_DMA01_CH6_IRQHandle
                0x0000000000001278       0x1c ./robei_sdk/drivers/robei_IT.o
                0x0000000000001278                Ro_DMA01_CH6_IRQHandle
 .text.Ro_TIM16_IRQHandle
                0x0000000000001294       0x1c ./robei_sdk/drivers/robei_IT.o
                0x0000000000001294                Ro_TIM16_IRQHandle
 .text.Ro_TIM32_IRQHandle
                0x00000000000012b0       0x1c ./robei_sdk/drivers/robei_IT.o
                0x00000000000012b0                Ro_TIM32_IRQHandle
 .text.Ro_DMA01_CH7_IRQHandle
                0x00000000000012cc       0x1c ./robei_sdk/drivers/robei_IT.o
                0x00000000000012cc                Ro_DMA01_CH7_IRQHandle
 .text.Ro_SSP0_IRQHandle
                0x00000000000012e8       0x1c ./robei_sdk/drivers/robei_IT.o
                0x00000000000012e8                Ro_SSP0_IRQHandle
 .text.Ro_SSP1_IRQHandle
                0x0000000000001304       0x1c ./robei_sdk/drivers/robei_IT.o
                0x0000000000001304                Ro_SSP1_IRQHandle
 .text.Ro_SSP2_IRQHandle
                0x0000000000001320       0x1c ./robei_sdk/drivers/robei_IT.o
                0x0000000000001320                Ro_SSP2_IRQHandle
 .text.Ro_Adptive_IRQHandle
                0x000000000000133c       0x1c ./robei_sdk/drivers/robei_IT.o
                0x000000000000133c                Ro_Adptive_IRQHandle
 .text.Ro_UART0_IRQHandle
                0x0000000000001358       0x1c ./robei_sdk/drivers/robei_IT.o
                0x0000000000001358                Ro_UART0_IRQHandle
 .text.Ro_UART1_IRQHandle
                0x0000000000001374       0x1c ./robei_sdk/drivers/robei_IT.o
                0x0000000000001374                Ro_UART1_IRQHandle
 .text.Ro_IIC_IRQHandle
                0x0000000000001390       0x1c ./robei_sdk/drivers/robei_IT.o
                0x0000000000001390                Ro_IIC_IRQHandle
 .text.Ro_Crash_IRQHandle
                0x00000000000013ac       0x1c ./robei_sdk/drivers/robei_IT.o
                0x00000000000013ac                Ro_Crash_IRQHandle
 .text.uart0_putchar
                0x00000000000013c8       0x48 ./robei_sdk/drivers/robei_UART.o
                0x00000000000013c8                uart0_putchar
 .text.uart1_putchar
                0x0000000000001410       0x48 ./robei_sdk/drivers/robei_UART.o
                0x0000000000001410                uart1_putchar
 .text.Ro_Uart_CLK
                0x0000000000001458       0xdc ./robei_sdk/drivers/robei_UART.o
                0x0000000000001458                Ro_Uart_CLK
 .text.Ro_Uart_Reset
                0x0000000000001534       0x54 ./robei_sdk/drivers/robei_UART.o
                0x0000000000001534                Ro_Uart_Reset
 .text.Ro_Uart_Enable
                0x0000000000001588      0x110 ./robei_sdk/drivers/robei_UART.o
                0x0000000000001588                Ro_Uart_Enable
 .text.Ro_Uart_ITEnable
                0x0000000000001698      0x208 ./robei_sdk/drivers/robei_UART.o
                0x0000000000001698                Ro_Uart_ITEnable
 .text.Ro_Uart_WLS
                0x00000000000018a0       0x84 ./robei_sdk/drivers/robei_UART.o
                0x00000000000018a0                Ro_Uart_WLS
 .text.Ro_Uart_OVS
                0x0000000000001924       0x68 ./robei_sdk/drivers/robei_UART.o
                0x0000000000001924                Ro_Uart_OVS
 .text.Ro_Uart_BaudRate
                0x000000000000198c       0x64 ./robei_sdk/drivers/robei_UART.o
                0x000000000000198c                Ro_Uart_BaudRate
 .text.Ro_Uart_Stopbit
                0x00000000000019f0       0x64 ./robei_sdk/drivers/robei_UART.o
                0x00000000000019f0                Ro_Uart_Stopbit
 .text.Ro_Uart_MSBFST
                0x0000000000001a54       0x64 ./robei_sdk/drivers/robei_UART.o
                0x0000000000001a54                Ro_Uart_MSBFST
 .text.Ro_Uart_SCKEN
                0x0000000000001ab8       0x68 ./robei_sdk/drivers/robei_UART.o
                0x0000000000001ab8                Ro_Uart_SCKEN
 .text.Ro_Uart_GPIO
                0x0000000000001b20      0x130 ./robei_sdk/drivers/robei_UART.o
                0x0000000000001b20                Ro_Uart_GPIO
 .text.Ro_Uart_RxDMA_Enable
                0x0000000000001c50       0x6c ./robei_sdk/drivers/robei_UART.o
                0x0000000000001c50                Ro_Uart_RxDMA_Enable
 .text.Ro_Uart_DMA_TimeOut
                0x0000000000001cbc       0x64 ./robei_sdk/drivers/robei_UART.o
                0x0000000000001cbc                Ro_Uart_DMA_TimeOut
 .text.Ro_Init_Uart
                0x0000000000001d20       0xf8 ./robei_sdk/drivers/robei_UART.o
                0x0000000000001d20                Ro_Init_Uart
 .text.write_hex
                0x0000000000001e18       0xd8 ./robei_sdk/libwrap/misc/write_hex.o
                0x0000000000001e18                write_hex
 .text.__wrap_exit
                0x0000000000001ef0       0x94 ./robei_sdk/libwrap/sys/_exit.o
                0x0000000000001ef0                __wrap_exit
                0x0000000000001ef0                __wrap__exit
 .text._stub    0x0000000000001f84       0x24 ./robei_sdk/libwrap/sys/close.o
 .text.__wrap_close
                0x0000000000001fa8       0x34 ./robei_sdk/libwrap/sys/close.o
                0x0000000000001fa8                __wrap__close
                0x0000000000001fa8                __wrap_close
 .text._stub    0x0000000000001fdc       0x24 ./robei_sdk/libwrap/sys/fstat.o
 .text.__wrap_fstat
                0x0000000000002000       0x5c ./robei_sdk/libwrap/sys/fstat.o
                0x0000000000002000                __wrap__fstat
                0x0000000000002000                __wrap_fstat
 .text.__wrap_isatty
                0x000000000000205c       0x44 ./robei_sdk/libwrap/sys/isatty.o
                0x000000000000205c                __wrap__isatty
                0x000000000000205c                __wrap_isatty
 .text._stub    0x00000000000020a0       0x24 ./robei_sdk/libwrap/sys/lseek.o
 .text.__wrap_lseek
                0x00000000000020c4       0x54 ./robei_sdk/libwrap/sys/lseek.o
                0x00000000000020c4                __wrap_lseek
                0x00000000000020c4                __wrap__lseek
 .text._stub    0x0000000000002118       0x24 ./robei_sdk/libwrap/sys/read.o
 .text.__wrap_read
                0x000000000000213c       0x3c ./robei_sdk/libwrap/sys/read.o
                0x000000000000213c                __wrap__read
                0x000000000000213c                __wrap_read
 .text.__wrap_sbrk
                0x0000000000002178       0x9c ./robei_sdk/libwrap/sys/sbrk.o
                0x0000000000002178                __wrap__sbrk
                0x0000000000002178                __wrap_sbrk
 .text._stub    0x0000000000002214       0x24 ./robei_sdk/libwrap/sys/write.o
 .text.__wrap_write
                0x0000000000002238       0xc4 ./robei_sdk/libwrap/sys/write.o
                0x0000000000002238                __wrap__write
                0x0000000000002238                __wrap_write
 .text.atexit   0x00000000000022fc       0x14 d:/robeiide/tool/riscv64-unknown-elf-gcc/bin/../lib/gcc/riscv64-unknown-elf/8.1.0/../../../../riscv64-unknown-elf/lib/rv32im/ilp32\libc_nano.a(lib_a-atexit.o)
                0x00000000000022fc                atexit
 .text.exit     0x0000000000002310       0x44 d:/robeiide/tool/riscv64-unknown-elf-gcc/bin/../lib/gcc/riscv64-unknown-elf/8.1.0/../../../../riscv64-unknown-elf/lib/rv32im/ilp32\libc_nano.a(lib_a-exit.o)
                0x0000000000002310                exit
 .text.__libc_fini_array
                0x0000000000002354       0x5c d:/robeiide/tool/riscv64-unknown-elf-gcc/bin/../lib/gcc/riscv64-unknown-elf/8.1.0/../../../../riscv64-unknown-elf/lib/rv32im/ilp32\libc_nano.a(lib_a-fini.o)
                0x0000000000002354                __libc_fini_array
 .text.__libc_init_array
                0x00000000000023b0       0xa8 d:/robeiide/tool/riscv64-unknown-elf-gcc/bin/../lib/gcc/riscv64-unknown-elf/8.1.0/../../../../riscv64-unknown-elf/lib/rv32im/ilp32\libc_nano.a(lib_a-init.o)
                0x00000000000023b0                __libc_init_array
 .text.printf   0x0000000000002458       0x7c d:/robeiide/tool/riscv64-unknown-elf-gcc/bin/../lib/gcc/riscv64-unknown-elf/8.1.0/../../../../riscv64-unknown-elf/lib/rv32im/ilp32\libc_nano.a(lib_a-printf.o)
                0x0000000000002458                iprintf
                0x0000000000002458                printf
 .text.__register_exitproc
                0x00000000000024d4       0xa4 d:/robeiide/tool/riscv64-unknown-elf-gcc/bin/../lib/gcc/riscv64-unknown-elf/8.1.0/../../../../riscv64-unknown-elf/lib/rv32im/ilp32\libc_nano.a(lib_a-__atexit.o)
                0x00000000000024d4                __register_exitproc
 .text.__call_exitprocs
                0x0000000000002578      0x130 d:/robeiide/tool/riscv64-unknown-elf-gcc/bin/../lib/gcc/riscv64-unknown-elf/8.1.0/../../../../riscv64-unknown-elf/lib/rv32im/ilp32\libc_nano.a(lib_a-__call_atexit.o)
                0x0000000000002578                __call_exitprocs
 .text.std      0x00000000000026a8       0x88 d:/robeiide/tool/riscv64-unknown-elf-gcc/bin/../lib/gcc/riscv64-unknown-elf/8.1.0/../../../../riscv64-unknown-elf/lib/rv32im/ilp32\libc_nano.a(lib_a-findfp.o)
 .text._cleanup_r
                0x0000000000002730        0xc d:/robeiide/tool/riscv64-unknown-elf-gcc/bin/../lib/gcc/riscv64-unknown-elf/8.1.0/../../../../riscv64-unknown-elf/lib/rv32im/ilp32\libc_nano.a(lib_a-findfp.o)
                0x0000000000002730                _cleanup_r
 .text.__sfmoreglue
                0x000000000000273c       0x6c d:/robeiide/tool/riscv64-unknown-elf-gcc/bin/../lib/gcc/riscv64-unknown-elf/8.1.0/../../../../riscv64-unknown-elf/lib/rv32im/ilp32\libc_nano.a(lib_a-findfp.o)
                0x000000000000273c                __sfmoreglue
 .text.__sinit  0x00000000000027a8       0xb4 d:/robeiide/tool/riscv64-unknown-elf-gcc/bin/../lib/gcc/riscv64-unknown-elf/8.1.0/../../../../riscv64-unknown-elf/lib/rv32im/ilp32\libc_nano.a(lib_a-findfp.o)
                0x00000000000027a8                __sinit
 .text.__sfp    0x000000000000285c       0xf0 d:/robeiide/tool/riscv64-unknown-elf-gcc/bin/../lib/gcc/riscv64-unknown-elf/8.1.0/../../../../riscv64-unknown-elf/lib/rv32im/ilp32\libc_nano.a(lib_a-findfp.o)
                0x000000000000285c                __sfp
 .text._fwalk_reent
                0x000000000000294c       0xb4 d:/robeiide/tool/riscv64-unknown-elf-gcc/bin/../lib/gcc/riscv64-unknown-elf/8.1.0/../../../../riscv64-unknown-elf/lib/rv32im/ilp32\libc_nano.a(lib_a-fwalk.o)
                0x000000000000294c                _fwalk_reent
 .text          0x0000000000002a00       0xdc d:/robeiide/tool/riscv64-unknown-elf-gcc/bin/../lib/gcc/riscv64-unknown-elf/8.1.0/../../../../riscv64-unknown-elf/lib/rv32im/ilp32\libc_nano.a(lib_a-memset.o)
                0x0000000000002a00                memset
 .text._malloc_r
                0x0000000000002adc      0x14c d:/robeiide/tool/riscv64-unknown-elf-gcc/bin/../lib/gcc/riscv64-unknown-elf/8.1.0/../../../../riscv64-unknown-elf/lib/rv32im/ilp32\libc_nano.a(lib_a-nano-mallocr.o)
                0x0000000000002adc                _malloc_r
 .text.__sfputc_r
                0x0000000000002c28       0x3c d:/robeiide/tool/riscv64-unknown-elf-gcc/bin/../lib/gcc/riscv64-unknown-elf/8.1.0/../../../../riscv64-unknown-elf/lib/rv32im/ilp32\libc_nano.a(lib_a-nano-vfprintf.o)
 .text.__sfputs_r
                0x0000000000002c64       0x74 d:/robeiide/tool/riscv64-unknown-elf-gcc/bin/../lib/gcc/riscv64-unknown-elf/8.1.0/../../../../riscv64-unknown-elf/lib/rv32im/ilp32\libc_nano.a(lib_a-nano-vfprintf.o)
                0x0000000000002c64                __sfputs_r
 .text._vfprintf_r
                0x0000000000002cd8      0x3c8 d:/robeiide/tool/riscv64-unknown-elf-gcc/bin/../lib/gcc/riscv64-unknown-elf/8.1.0/../../../../riscv64-unknown-elf/lib/rv32im/ilp32\libc_nano.a(lib_a-nano-vfprintf.o)
                0x0000000000002cd8                _vfprintf_r
                0x0000000000002cd8                _vfiprintf_r
 .text._sbrk_r  0x00000000000030a0       0x44 d:/robeiide/tool/riscv64-unknown-elf-gcc/bin/../lib/gcc/riscv64-unknown-elf/8.1.0/../../../../riscv64-unknown-elf/lib/rv32im/ilp32\libc_nano.a(lib_a-sbrkr.o)
                0x00000000000030a0                _sbrk_r
 .text.__sread  0x00000000000030e4       0x50 d:/robeiide/tool/riscv64-unknown-elf-gcc/bin/../lib/gcc/riscv64-unknown-elf/8.1.0/../../../../riscv64-unknown-elf/lib/rv32im/ilp32\libc_nano.a(lib_a-stdio.o)
                0x00000000000030e4                __sread
 .text.__swrite
                0x0000000000003134       0x84 d:/robeiide/tool/riscv64-unknown-elf-gcc/bin/../lib/gcc/riscv64-unknown-elf/8.1.0/../../../../riscv64-unknown-elf/lib/rv32im/ilp32\libc_nano.a(lib_a-stdio.o)
                0x0000000000003134                __swrite
 .text.__sseek  0x00000000000031b8       0x58 d:/robeiide/tool/riscv64-unknown-elf-gcc/bin/../lib/gcc/riscv64-unknown-elf/8.1.0/../../../../riscv64-unknown-elf/lib/rv32im/ilp32\libc_nano.a(lib_a-stdio.o)
                0x00000000000031b8                __sseek
 .text.__sclose
                0x0000000000003210        0x8 d:/robeiide/tool/riscv64-unknown-elf-gcc/bin/../lib/gcc/riscv64-unknown-elf/8.1.0/../../../../riscv64-unknown-elf/lib/rv32im/ilp32\libc_nano.a(lib_a-stdio.o)
                0x0000000000003210                __sclose
 .text.__swbuf_r
                0x0000000000003218      0x138 d:/robeiide/tool/riscv64-unknown-elf-gcc/bin/../lib/gcc/riscv64-unknown-elf/8.1.0/../../../../riscv64-unknown-elf/lib/rv32im/ilp32\libc_nano.a(lib_a-wbuf.o)
                0x0000000000003218                __swbuf_r
 .text._write_r
                0x0000000000003350       0x4c d:/robeiide/tool/riscv64-unknown-elf-gcc/bin/../lib/gcc/riscv64-unknown-elf/8.1.0/../../../../riscv64-unknown-elf/lib/rv32im/ilp32\libc_nano.a(lib_a-writer.o)
                0x0000000000003350                _write_r
 .text.__swsetup_r
                0x000000000000339c      0x180 d:/robeiide/tool/riscv64-unknown-elf-gcc/bin/../lib/gcc/riscv64-unknown-elf/8.1.0/../../../../riscv64-unknown-elf/lib/rv32im/ilp32\libc_nano.a(lib_a-wsetup.o)
                0x000000000000339c                __swsetup_r
 .text._close_r
                0x000000000000351c       0x44 d:/robeiide/tool/riscv64-unknown-elf-gcc/bin/../lib/gcc/riscv64-unknown-elf/8.1.0/../../../../riscv64-unknown-elf/lib/rv32im/ilp32\libc_nano.a(lib_a-closer.o)
                0x000000000000351c                _close_r
 .text.__sflush_r
                0x0000000000003560      0x1dc d:/robeiide/tool/riscv64-unknown-elf-gcc/bin/../lib/gcc/riscv64-unknown-elf/8.1.0/../../../../riscv64-unknown-elf/lib/rv32im/ilp32\libc_nano.a(lib_a-fflush.o)
                0x0000000000003560                __sflush_r
 .text._fflush_r
                0x000000000000373c       0xa0 d:/robeiide/tool/riscv64-unknown-elf-gcc/bin/../lib/gcc/riscv64-unknown-elf/8.1.0/../../../../riscv64-unknown-elf/lib/rv32im/ilp32\libc_nano.a(lib_a-fflush.o)
                0x000000000000373c                _fflush_r
 .text._lseek_r
                0x00000000000037dc       0x4c d:/robeiide/tool/riscv64-unknown-elf-gcc/bin/../lib/gcc/riscv64-unknown-elf/8.1.0/../../../../riscv64-unknown-elf/lib/rv32im/ilp32\libc_nano.a(lib_a-lseekr.o)
                0x00000000000037dc                _lseek_r
 .text.__swhatbuf_r
                0x0000000000003828       0x8c d:/robeiide/tool/riscv64-unknown-elf-gcc/bin/../lib/gcc/riscv64-unknown-elf/8.1.0/../../../../riscv64-unknown-elf/lib/rv32im/ilp32\libc_nano.a(lib_a-makebuf.o)
                0x0000000000003828                __swhatbuf_r
 .text.__smakebuf_r
                0x00000000000038b4       0xf0 d:/robeiide/tool/riscv64-unknown-elf-gcc/bin/../lib/gcc/riscv64-unknown-elf/8.1.0/../../../../riscv64-unknown-elf/lib/rv32im/ilp32\libc_nano.a(lib_a-makebuf.o)
                0x00000000000038b4                __smakebuf_r
 .text.memchr   0x00000000000039a4       0x24 d:/robeiide/tool/riscv64-unknown-elf-gcc/bin/../lib/gcc/riscv64-unknown-elf/8.1.0/../../../../riscv64-unknown-elf/lib/rv32im/ilp32\libc_nano.a(lib_a-memchr.o)
                0x00000000000039a4                memchr
 .text.__malloc_lock
                0x00000000000039c8        0x4 d:/robeiide/tool/riscv64-unknown-elf-gcc/bin/../lib/gcc/riscv64-unknown-elf/8.1.0/../../../../riscv64-unknown-elf/lib/rv32im/ilp32\libc_nano.a(lib_a-mlock.o)
                0x00000000000039c8                __malloc_lock
 .text.__malloc_unlock
                0x00000000000039cc        0x4 d:/robeiide/tool/riscv64-unknown-elf-gcc/bin/../lib/gcc/riscv64-unknown-elf/8.1.0/../../../../riscv64-unknown-elf/lib/rv32im/ilp32\libc_nano.a(lib_a-mlock.o)
                0x00000000000039cc                __malloc_unlock
 .text._free_r  0x00000000000039d0      0x104 d:/robeiide/tool/riscv64-unknown-elf-gcc/bin/../lib/gcc/riscv64-unknown-elf/8.1.0/../../../../riscv64-unknown-elf/lib/rv32im/ilp32\libc_nano.a(lib_a-nano-freer.o)
                0x00000000000039d0                _free_r
 .text._printf_common
                0x0000000000003ad4      0x1b0 d:/robeiide/tool/riscv64-unknown-elf-gcc/bin/../lib/gcc/riscv64-unknown-elf/8.1.0/../../../../riscv64-unknown-elf/lib/rv32im/ilp32\libc_nano.a(lib_a-nano-vfprintf_i.o)
                0x0000000000003ad4                _printf_common
 .text._printf_i
                0x0000000000003c84      0x3cc d:/robeiide/tool/riscv64-unknown-elf-gcc/bin/../lib/gcc/riscv64-unknown-elf/8.1.0/../../../../riscv64-unknown-elf/lib/rv32im/ilp32\libc_nano.a(lib_a-nano-vfprintf_i.o)
                0x0000000000003c84                _printf_i
 .text._read_r  0x0000000000004050       0x4c d:/robeiide/tool/riscv64-unknown-elf-gcc/bin/../lib/gcc/riscv64-unknown-elf/8.1.0/../../../../riscv64-unknown-elf/lib/rv32im/ilp32\libc_nano.a(lib_a-readr.o)
                0x0000000000004050                _read_r
 .text._fstat_r
                0x000000000000409c       0x48 d:/robeiide/tool/riscv64-unknown-elf-gcc/bin/../lib/gcc/riscv64-unknown-elf/8.1.0/../../../../riscv64-unknown-elf/lib/rv32im/ilp32\libc_nano.a(lib_a-fstatr.o)
                0x000000000000409c                _fstat_r
 .text._isatty_r
                0x00000000000040e4       0x44 d:/robeiide/tool/riscv64-unknown-elf-gcc/bin/../lib/gcc/riscv64-unknown-elf/8.1.0/../../../../riscv64-unknown-elf/lib/rv32im/ilp32\libc_nano.a(lib_a-isattyr.o)
                0x00000000000040e4                _isatty_r
 *(.gnu.linkonce.t.*)

.fini
 *(SORT_NONE(.fini))
                [!provide]                        PROVIDE (__etext = .)
                [!provide]                        PROVIDE (_etext = .)
                [!provide]                        PROVIDE (etext = .)

.rodata         0x0000000000004128      0x148
 *(.rdata)
 *(.rodata .rodata.*)
 .rodata        0x0000000000004128        0x3 ./src/main.o
 *fill*         0x000000000000412b        0x1 
 .rodata.DM_ch_speed_Position
                0x000000000000412c       0x80 ./src/main.o
 .rodata        0x00000000000041ac        0x3 ./robei_sdk/libwrap/misc/write_hex.o
 *fill*         0x00000000000041af        0x1 
 .rodata        0x00000000000041b0       0x22 ./robei_sdk/libwrap/sys/_exit.o
 *fill*         0x00000000000041d2        0x2 
 .rodata.__sf_fake_stderr
                0x00000000000041d4       0x20 d:/robeiide/tool/riscv64-unknown-elf-gcc/bin/../lib/gcc/riscv64-unknown-elf/8.1.0/../../../../riscv64-unknown-elf/lib/rv32im/ilp32\libc_nano.a(lib_a-findfp.o)
                0x00000000000041d4                __sf_fake_stderr
 .rodata.__sf_fake_stdin
                0x00000000000041f4       0x20 d:/robeiide/tool/riscv64-unknown-elf-gcc/bin/../lib/gcc/riscv64-unknown-elf/8.1.0/../../../../riscv64-unknown-elf/lib/rv32im/ilp32\libc_nano.a(lib_a-findfp.o)
                0x00000000000041f4                __sf_fake_stdin
 .rodata.__sf_fake_stdout
                0x0000000000004214       0x20 d:/robeiide/tool/riscv64-unknown-elf-gcc/bin/../lib/gcc/riscv64-unknown-elf/8.1.0/../../../../riscv64-unknown-elf/lib/rv32im/ilp32\libc_nano.a(lib_a-findfp.o)
                0x0000000000004214                __sf_fake_stdout
 .rodata._vfprintf_r.str1.4
                0x0000000000004234       0x13 d:/robeiide/tool/riscv64-unknown-elf-gcc/bin/../lib/gcc/riscv64-unknown-elf/8.1.0/../../../../riscv64-unknown-elf/lib/rv32im/ilp32\libc_nano.a(lib_a-nano-vfprintf.o)
 *fill*         0x0000000000004247        0x1 
 .rodata._printf_i.str1.4
                0x0000000000004248       0x28 d:/robeiide/tool/riscv64-unknown-elf-gcc/bin/../lib/gcc/riscv64-unknown-elf/8.1.0/../../../../riscv64-unknown-elf/lib/rv32im/ilp32\libc_nano.a(lib_a-nano-vfprintf_i.o)
                                         0x25 (size before relaxing)
 *(.gnu.linkonce.r.*)

.sdata2._global_impure_ptr
                0x0000000000004270        0x4
 .sdata2._global_impure_ptr
                0x0000000000004270        0x4 d:/robeiide/tool/riscv64-unknown-elf-gcc/bin/../lib/gcc/riscv64-unknown-elf/8.1.0/../../../../riscv64-unknown-elf/lib/rv32im/ilp32\libc_nano.a(lib_a-impure.o)
                0x0000000000004270                _global_impure_ptr

.rela.dyn       0x0000000000004274        0x0
 .rela.text.main
                0x0000000000004274        0x0 ./src/main.o
 .rela.text     0x0000000000004274        0x0 ./src/main.o
 .rela.init     0x0000000000004274        0x0 ./src/main.o
 .rela.sdata.curbrk.1543
                0x0000000000004274        0x0 ./src/main.o
 .rela.text.__wrap_sbrk
                0x0000000000004274        0x0 ./src/main.o
 .rela.text.exit
                0x0000000000004274        0x0 ./src/main.o
 .rela.text.__libc_fini_array
                0x0000000000004274        0x0 ./src/main.o
 .rela.text.__libc_init_array
                0x0000000000004274        0x0 ./src/main.o
 .rela.text.__register_exitproc
                0x0000000000004274        0x0 ./src/main.o
 .rela.text.startup.register_fini
                0x0000000000004274        0x0 ./src/main.o
 .rela.text._vfprintf_r
                0x0000000000004274        0x0 ./src/main.o
 .rela.text._sbrk_r
                0x0000000000004274        0x0 ./src/main.o
 .rela.text._write_r
                0x0000000000004274        0x0 ./src/main.o
 .rela.text._close_r
                0x0000000000004274        0x0 ./src/main.o
 .rela.text._lseek_r
                0x0000000000004274        0x0 ./src/main.o
 .rela.text._read_r
                0x0000000000004274        0x0 ./src/main.o
 .rela.text._fstat_r
                0x0000000000004274        0x0 ./src/main.o
 .rela.text._isatty_r
                0x0000000000004274        0x0 ./src/main.o
                0x0000000000004274                . = ALIGN (0x4)

.preinit_array  0x0000000000004274        0x0
                0x0000000000004274                PROVIDE (__preinit_array_start = .)
 *(.preinit_array)
                0x0000000000004274                PROVIDE (__preinit_array_end = .)

.init_array     0x0000000000004274        0x4
                0x0000000000004274                PROVIDE (__init_array_start = .)
 *(SORT_BY_INIT_PRIORITY(.init_array.*) SORT_BY_INIT_PRIORITY(.ctors.*))
 .init_array.00000
                0x0000000000004274        0x4 d:/robeiide/tool/riscv64-unknown-elf-gcc/bin/../lib/gcc/riscv64-unknown-elf/8.1.0/../../../../riscv64-unknown-elf/lib/rv32im/ilp32\libc_nano.a(lib_a-__call_atexit.o)
 *(.init_array EXCLUDE_FILE(*crtend?.o *crtend.o *crtbegin?.o *crtbegin.o) .ctors)
                0x0000000000004278                PROVIDE (__init_array_end = .)

.fini_array     0x0000000000004278        0x0
                0x0000000000004278                PROVIDE (__fini_array_start = .)
 *(SORT_BY_INIT_PRIORITY(.fini_array.*) SORT_BY_INIT_PRIORITY(.dtors.*))
 *(.fini_array EXCLUDE_FILE(*crtend?.o *crtend.o *crtbegin?.o *crtbegin.o) .dtors)
                0x0000000000004278                PROVIDE (__fini_array_end = .)

.ctors
 *crtbegin.o(.ctors)
 *crtbegin?.o(.ctors)
 *(EXCLUDE_FILE(*crtend?.o *crtend.o) .ctors)
 *(SORT_BY_NAME(.ctors.*))
 *(.ctors)

.dtors
 *crtbegin.o(.dtors)
 *crtbegin?.o(.dtors)
 *(EXCLUDE_FILE(*crtend?.o *crtend.o) .dtors)
 *(SORT_BY_NAME(.dtors.*))
 *(.dtors)

.lalign         0x0000000000004278        0x0
                0x0000000000004278                . = ALIGN (0x4)
                0x0000000000004278                PROVIDE (_data_lma = .)

.dalign         0x0000000002000000        0x0 load address 0x0000000000004278
                0x0000000002000000                . = ALIGN (0x4)
                0x0000000002000000                PROVIDE (_data = .)

.data           0x0000000002000000       0x68 load address 0x0000000000004278
                [!provide]                        PROVIDE (_dataaddr = .)
 *(.data .data.*)
 .data.impure_data
                0x0000000002000000       0x60 d:/robeiide/tool/riscv64-unknown-elf-gcc/bin/../lib/gcc/riscv64-unknown-elf/8.1.0/../../../../riscv64-unknown-elf/lib/rv32im/ilp32\libc_nano.a(lib_a-impure.o)
 *(.gnu.linkonce.d.*)
                0x0000000002000060                . = ALIGN (0x8)
                0x0000000002000860                PROVIDE (__global_pointer$ = (. + 0x800))
 *(.sdata .sdata.*)
 .sdata.curbrk.1543
                0x0000000002000060        0x4 ./robei_sdk/libwrap/sys/sbrk.o
 .sdata._impure_ptr
                0x0000000002000064        0x4 d:/robeiide/tool/riscv64-unknown-elf-gcc/bin/../lib/gcc/riscv64-unknown-elf/8.1.0/../../../../riscv64-unknown-elf/lib/rv32im/ilp32\libc_nano.a(lib_a-impure.o)
                0x0000000002000064                _impure_ptr
 *(.gnu.linkonce.s.*)
                0x0000000002000068                . = ALIGN (0x8)
 *(.srodata.cst16)
 *(.srodata.cst8)
 *(.srodata.cst4)
 *(.srodata.cst2)
 *(.srodata .srodata.*)
                0x0000000002000068                . = ALIGN (0x4)
                0x0000000002000068                PROVIDE (_edata = .)
                [!provide]                        PROVIDE (edata = .)
                [!provide]                        PROVIDE (_fbss = .)
                0x0000000002000068                PROVIDE (__bss_start = .)

.bss            0x0000000002000068       0xe0
 *(.sbss*)
 .sbss.g_u8printsel
                0x0000000002000068        0x1 ./robei_sdk/libwrap/sys/write.o
                0x0000000002000068                g_u8printsel
 *fill*         0x0000000002000069        0x3 
 .sbss._global_atexit
                0x000000000200006c        0x4 d:/robeiide/tool/riscv64-unknown-elf-gcc/bin/../lib/gcc/riscv64-unknown-elf/8.1.0/../../../../riscv64-unknown-elf/lib/rv32im/ilp32\libc_nano.a(lib_a-__call_atexit.o)
                0x000000000200006c                _global_atexit
 .sbss.__malloc_free_list
                0x0000000002000070        0x4 d:/robeiide/tool/riscv64-unknown-elf-gcc/bin/../lib/gcc/riscv64-unknown-elf/8.1.0/../../../../riscv64-unknown-elf/lib/rv32im/ilp32\libc_nano.a(lib_a-nano-mallocr.o)
                0x0000000002000070                __malloc_free_list
 .sbss.__malloc_sbrk_start
                0x0000000002000074        0x4 d:/robeiide/tool/riscv64-unknown-elf-gcc/bin/../lib/gcc/riscv64-unknown-elf/8.1.0/../../../../riscv64-unknown-elf/lib/rv32im/ilp32\libc_nano.a(lib_a-nano-mallocr.o)
                0x0000000002000074                __malloc_sbrk_start
 *(.gnu.linkonce.sb.*)
 *(.bss .bss.*)
 .bss._global_atexit0
                0x0000000002000078       0x8c d:/robeiide/tool/riscv64-unknown-elf-gcc/bin/../lib/gcc/riscv64-unknown-elf/8.1.0/../../../../riscv64-unknown-elf/lib/rv32im/ilp32\libc_nano.a(lib_a-__atexit.o)
 *(.gnu.linkonce.b.*)
 *(COMMON)
 COMMON         0x0000000002000104       0x40 ./robei_sdk/drivers/robei_UART.o
                0x0000000002000104                huart1
                0x0000000002000124                huart0
 COMMON         0x0000000002000144        0x4 d:/robeiide/tool/riscv64-unknown-elf-gcc/bin/../lib/gcc/riscv64-unknown-elf/8.1.0/../../../../riscv64-unknown-elf/lib/rv32im/ilp32\libc_nano.a(lib_a-reent.o)
                0x0000000002000144                errno
                0x0000000002000148                . = ALIGN (0x4)
                0x0000000002000148                . = ALIGN (0x8)
                0x0000000002000148                PROVIDE (_end = .)
                [!provide]                        PROVIDE (end = .)

.stack          0x0000000002003c00      0x400 load address 0x0000000002000148
                0x0000000002003c00                PROVIDE (_heap_end = .)
                0x0000000000000400                . = __stack_size
 *fill*         0x0000000002003c00      0x400 
                0x0000000002004000                PROVIDE (_sp = .)
                0x0000000002004000                __freertos_irq_stack_top = .
OUTPUT(main.elf elf32-littleriscv)

.debug_info     0x0000000000000000     0x8abf
 .debug_info    0x0000000000000000      0xf9f ./src/main.o
 .debug_info    0x0000000000000f9f       0x26 ./robei_sdk/env/rtos_start.o
 .debug_info    0x0000000000000fc5       0x26 ./robei_sdk/env/start.o
 .debug_info    0x0000000000000feb      0x98c ./robei_sdk/env/robei/init.o
 .debug_info    0x0000000000001977      0xde2 ./robei_sdk/drivers/robei_GPIO.o
 .debug_info    0x0000000000002759      0xb80 ./robei_sdk/drivers/robei_WWDG.o
 .debug_info    0x00000000000032d9      0xf0b ./robei_sdk/drivers/robei_IT.o
 .debug_info    0x00000000000041e4      0xffc ./robei_sdk/drivers/robei_UART.o
 .debug_info    0x00000000000051e0      0x15e ./robei_sdk/libwrap/misc/write_hex.o
 .debug_info    0x000000000000533e      0x12f ./robei_sdk/libwrap/sys/_exit.o
 .debug_info    0x000000000000546d      0x996 ./robei_sdk/libwrap/sys/close.o
 .debug_info    0x0000000000005e03      0xc23 ./robei_sdk/libwrap/sys/fstat.o
 .debug_info    0x0000000000006a26       0xf7 ./robei_sdk/libwrap/sys/isatty.o
 .debug_info    0x0000000000006b1d      0xa1a ./robei_sdk/libwrap/sys/lseek.o
 .debug_info    0x0000000000007537      0xa1a ./robei_sdk/libwrap/sys/read.o
 .debug_info    0x0000000000007f51       0xf1 ./robei_sdk/libwrap/sys/sbrk.o
 .debug_info    0x0000000000008042      0xa7d ./robei_sdk/libwrap/sys/write.o

.debug_abbrev   0x0000000000000000     0x1ad9
 .debug_abbrev  0x0000000000000000      0x27d ./src/main.o
 .debug_abbrev  0x000000000000027d       0x14 ./robei_sdk/env/rtos_start.o
 .debug_abbrev  0x0000000000000291       0x14 ./robei_sdk/env/start.o
 .debug_abbrev  0x00000000000002a5      0x1d0 ./robei_sdk/env/robei/init.o
 .debug_abbrev  0x0000000000000475      0x248 ./robei_sdk/drivers/robei_GPIO.o
 .debug_abbrev  0x00000000000006bd      0x217 ./robei_sdk/drivers/robei_WWDG.o
 .debug_abbrev  0x00000000000008d4      0x243 ./robei_sdk/drivers/robei_IT.o
 .debug_abbrev  0x0000000000000b17      0x2d8 ./robei_sdk/drivers/robei_UART.o
 .debug_abbrev  0x0000000000000def       0xae ./robei_sdk/libwrap/misc/write_hex.o
 .debug_abbrev  0x0000000000000e9d       0xb8 ./robei_sdk/libwrap/sys/_exit.o
 .debug_abbrev  0x0000000000000f55      0x206 ./robei_sdk/libwrap/sys/close.o
 .debug_abbrev  0x000000000000115b      0x206 ./robei_sdk/libwrap/sys/fstat.o
 .debug_abbrev  0x0000000000001361       0x76 ./robei_sdk/libwrap/sys/isatty.o
 .debug_abbrev  0x00000000000013d7      0x206 ./robei_sdk/libwrap/sys/lseek.o
 .debug_abbrev  0x00000000000015dd      0x206 ./robei_sdk/libwrap/sys/read.o
 .debug_abbrev  0x00000000000017e3       0xad ./robei_sdk/libwrap/sys/sbrk.o
 .debug_abbrev  0x0000000000001890      0x249 ./robei_sdk/libwrap/sys/write.o

.debug_aranges  0x0000000000000000      0x508
 .debug_aranges
                0x0000000000000000       0x40 ./src/main.o
 .debug_aranges
                0x0000000000000040       0x20 ./robei_sdk/env/rtos_start.o
 .debug_aranges
                0x0000000000000060       0x20 ./robei_sdk/env/start.o
 .debug_aranges
                0x0000000000000080       0x28 ./robei_sdk/env/robei/init.o
 .debug_aranges
                0x00000000000000a8       0x58 ./robei_sdk/drivers/robei_GPIO.o
 .debug_aranges
                0x0000000000000100       0x38 ./robei_sdk/drivers/robei_WWDG.o
 .debug_aranges
                0x0000000000000138      0x1c0 ./robei_sdk/drivers/robei_IT.o
 .debug_aranges
                0x00000000000002f8       0xc8 ./robei_sdk/drivers/robei_UART.o
 .debug_aranges
                0x00000000000003c0       0x20 ./robei_sdk/libwrap/misc/write_hex.o
 .debug_aranges
                0x00000000000003e0       0x20 ./robei_sdk/libwrap/sys/_exit.o
 .debug_aranges
                0x0000000000000400       0x28 ./robei_sdk/libwrap/sys/close.o
 .debug_aranges
                0x0000000000000428       0x28 ./robei_sdk/libwrap/sys/fstat.o
 .debug_aranges
                0x0000000000000450       0x20 ./robei_sdk/libwrap/sys/isatty.o
 .debug_aranges
                0x0000000000000470       0x28 ./robei_sdk/libwrap/sys/lseek.o
 .debug_aranges
                0x0000000000000498       0x28 ./robei_sdk/libwrap/sys/read.o
 .debug_aranges
                0x00000000000004c0       0x20 ./robei_sdk/libwrap/sys/sbrk.o
 .debug_aranges
                0x00000000000004e0       0x28 ./robei_sdk/libwrap/sys/write.o

.debug_ranges   0x0000000000000000      0x3d8
 .debug_ranges  0x0000000000000000       0x30 ./src/main.o
 .debug_ranges  0x0000000000000030       0x18 ./robei_sdk/env/robei/init.o
 .debug_ranges  0x0000000000000048       0x48 ./robei_sdk/drivers/robei_GPIO.o
 .debug_ranges  0x0000000000000090       0x28 ./robei_sdk/drivers/robei_WWDG.o
 .debug_ranges  0x00000000000000b8      0x1b0 ./robei_sdk/drivers/robei_IT.o
 .debug_ranges  0x0000000000000268       0xb8 ./robei_sdk/drivers/robei_UART.o
 .debug_ranges  0x0000000000000320       0x10 ./robei_sdk/libwrap/misc/write_hex.o
 .debug_ranges  0x0000000000000330       0x10 ./robei_sdk/libwrap/sys/_exit.o
 .debug_ranges  0x0000000000000340       0x18 ./robei_sdk/libwrap/sys/close.o
 .debug_ranges  0x0000000000000358       0x18 ./robei_sdk/libwrap/sys/fstat.o
 .debug_ranges  0x0000000000000370       0x10 ./robei_sdk/libwrap/sys/isatty.o
 .debug_ranges  0x0000000000000380       0x18 ./robei_sdk/libwrap/sys/lseek.o
 .debug_ranges  0x0000000000000398       0x18 ./robei_sdk/libwrap/sys/read.o
 .debug_ranges  0x00000000000003b0       0x10 ./robei_sdk/libwrap/sys/sbrk.o
 .debug_ranges  0x00000000000003c0       0x18 ./robei_sdk/libwrap/sys/write.o

.debug_macro    0x0000000000000000     0x7651
 .debug_macro   0x0000000000000000      0x2be ./src/main.o
 .debug_macro   0x00000000000002be      0x754 ./src/main.o
 .debug_macro   0x0000000000000a12       0x22 ./src/main.o
 .debug_macro   0x0000000000000a34       0x8e ./src/main.o
 .debug_macro   0x0000000000000ac2       0x51 ./src/main.o
 .debug_macro   0x0000000000000b13      0x174 ./src/main.o
 .debug_macro   0x0000000000000c87      0x330 ./src/main.o
 .debug_macro   0x0000000000000fb7       0x16 ./src/main.o
 .debug_macro   0x0000000000000fcd       0x22 ./src/main.o
 .debug_macro   0x0000000000000fef      0x33c ./src/main.o
 .debug_macro   0x000000000000132b       0xef ./src/main.o
 .debug_macro   0x000000000000141a       0x6a ./src/main.o
 .debug_macro   0x0000000000001484      0x1df ./src/main.o
 .debug_macro   0x0000000000001663       0x19 ./src/main.o
 .debug_macro   0x000000000000167c       0x4c ./src/main.o
 .debug_macro   0x00000000000016c8       0x19 ./src/main.o
 .debug_macro   0x00000000000016e1       0x34 ./src/main.o
 .debug_macro   0x0000000000001715       0x34 ./src/main.o
 .debug_macro   0x0000000000001749       0x16 ./src/main.o
 .debug_macro   0x000000000000175f       0x35 ./src/main.o
 .debug_macro   0x0000000000001794       0x10 ./src/main.o
 .debug_macro   0x00000000000017a4       0x52 ./src/main.o
 .debug_macro   0x00000000000017f6       0x1f ./src/main.o
 .debug_macro   0x0000000000001815       0x43 ./src/main.o
 .debug_macro   0x0000000000001858       0x20 ./src/main.o
 .debug_macro   0x0000000000001878      0x18e ./src/main.o
 .debug_macro   0x0000000000001a06       0x10 ./src/main.o
 .debug_macro   0x0000000000001a16       0x1c ./src/main.o
 .debug_macro   0x0000000000001a32       0x52 ./src/main.o
 .debug_macro   0x0000000000001a84       0x40 ./src/main.o
 .debug_macro   0x0000000000001ac4       0x10 ./src/main.o
 .debug_macro   0x0000000000001ad4       0x40 ./src/main.o
 .debug_macro   0x0000000000001b14       0xd7 ./src/main.o
 .debug_macro   0x0000000000001beb       0x1c ./src/main.o
 .debug_macro   0x0000000000001c07       0x3d ./src/main.o
 .debug_macro   0x0000000000001c44       0x16 ./src/main.o
 .debug_macro   0x0000000000001c5a      0x16f ./src/main.o
 .debug_macro   0x0000000000001dc9       0x10 ./src/main.o
 .debug_macro   0x0000000000001dd9       0x8e ./src/main.o
 .debug_macro   0x0000000000001e67      0x17e ./src/main.o
 .debug_macro   0x0000000000001fe5       0xac ./src/main.o
 .debug_macro   0x0000000000002091       0x8e ./src/main.o
 .debug_macro   0x000000000000211f      0x3a7 ./src/main.o
 .debug_macro   0x00000000000024c6      0x330 ./src/main.o
 .debug_macro   0x00000000000027f6      0x11e ./src/main.o
 .debug_macro   0x0000000000002914      0x22c ./src/main.o
 .debug_macro   0x0000000000002b40      0x3e1 ./src/main.o
 .debug_macro   0x0000000000002f21      0x1e7 ./src/main.o
 .debug_macro   0x0000000000003108      0x1f4 ./src/main.o
 .debug_macro   0x00000000000032fc      0x23e ./src/main.o
 .debug_macro   0x000000000000353a      0x1f0 ./src/main.o
 .debug_macro   0x000000000000372a      0x13c ./src/main.o
 .debug_macro   0x0000000000003866       0x16 ./src/main.o
 .debug_macro   0x000000000000387c       0x10 ./src/main.o
 .debug_macro   0x000000000000388c      0x241 ./src/main.o
 .debug_macro   0x0000000000003acd       0x16 ./src/main.o
 .debug_macro   0x0000000000003ae3      0x51a ./src/main.o
 .debug_macro   0x0000000000003ffd      0x1df ./robei_sdk/env/robei/init.o
 .debug_macro   0x00000000000041dc      0x295 ./robei_sdk/drivers/robei_GPIO.o
 .debug_macro   0x0000000000004471      0x295 ./robei_sdk/drivers/robei_WWDG.o
 .debug_macro   0x0000000000004706      0x29e ./robei_sdk/drivers/robei_IT.o
 .debug_macro   0x00000000000049a4     0x1584 ./robei_sdk/drivers/robei_IT.o
 .debug_macro   0x0000000000005f28      0x299 ./robei_sdk/drivers/robei_UART.o
 .debug_macro   0x00000000000061c1      0x1a4 ./robei_sdk/libwrap/misc/write_hex.o
 .debug_macro   0x0000000000006365       0x10 ./robei_sdk/libwrap/misc/write_hex.o
 .debug_macro   0x0000000000006375      0x351 ./robei_sdk/libwrap/misc/write_hex.o
 .debug_macro   0x00000000000066c6      0x1b3 ./robei_sdk/libwrap/sys/_exit.o
 .debug_macro   0x0000000000006879       0x10 ./robei_sdk/libwrap/sys/_exit.o
 .debug_macro   0x0000000000006889       0xef ./robei_sdk/libwrap/sys/close.o
 .debug_macro   0x0000000000006978      0x23b ./robei_sdk/libwrap/sys/close.o
 .debug_macro   0x0000000000006bb3      0x1eb ./robei_sdk/libwrap/sys/fstat.o
 .debug_macro   0x0000000000006d9e       0x10 ./robei_sdk/libwrap/sys/fstat.o
 .debug_macro   0x0000000000006dae       0x10 ./robei_sdk/libwrap/sys/fstat.o
 .debug_macro   0x0000000000006dbe       0x10 ./robei_sdk/libwrap/sys/fstat.o
 .debug_macro   0x0000000000006dce       0x35 ./robei_sdk/libwrap/sys/fstat.o
 .debug_macro   0x0000000000006e03      0x122 ./robei_sdk/libwrap/sys/fstat.o
 .debug_macro   0x0000000000006f25      0x174 ./robei_sdk/libwrap/sys/isatty.o
 .debug_macro   0x0000000000007099      0x1a3 ./robei_sdk/libwrap/sys/lseek.o
 .debug_macro   0x000000000000723c      0x1dc ./robei_sdk/libwrap/sys/read.o
 .debug_macro   0x0000000000007418       0x5d ./robei_sdk/libwrap/sys/sbrk.o
 .debug_macro   0x0000000000007475      0x1dc ./robei_sdk/libwrap/sys/write.o

.debug_line     0x0000000000000000     0x57f3
 .debug_line    0x0000000000000000      0x9c9 ./src/main.o
 .debug_line    0x00000000000009c9      0x10b ./robei_sdk/env/rtos_start.o
 .debug_line    0x0000000000000ad4      0x70c ./robei_sdk/env/start.o
 .debug_line    0x00000000000011e0      0x33c ./robei_sdk/env/robei/init.o
 .debug_line    0x000000000000151c      0x7a7 ./robei_sdk/drivers/robei_GPIO.o
 .debug_line    0x0000000000001cc3      0x5a4 ./robei_sdk/drivers/robei_WWDG.o
 .debug_line    0x0000000000002267      0xc4e ./robei_sdk/drivers/robei_IT.o
 .debug_line    0x0000000000002eb5      0xaee ./robei_sdk/drivers/robei_UART.o
 .debug_line    0x00000000000039a3      0x3fc ./robei_sdk/libwrap/misc/write_hex.o
 .debug_line    0x0000000000003d9f      0x391 ./robei_sdk/libwrap/sys/_exit.o
 .debug_line    0x0000000000004130      0x28e ./robei_sdk/libwrap/sys/close.o
 .debug_line    0x00000000000043be      0x391 ./robei_sdk/libwrap/sys/fstat.o
 .debug_line    0x000000000000474f      0x314 ./robei_sdk/libwrap/sys/isatty.o
 .debug_line    0x0000000000004a63      0x35e ./robei_sdk/libwrap/sys/lseek.o
 .debug_line    0x0000000000004dc1      0x3c9 ./robei_sdk/libwrap/sys/read.o
 .debug_line    0x000000000000518a      0x227 ./robei_sdk/libwrap/sys/sbrk.o
 .debug_line    0x00000000000053b1      0x442 ./robei_sdk/libwrap/sys/write.o

.debug_str      0x0000000000000000    0x16384
 .debug_str     0x0000000000000000    0x10b32 ./src/main.o
                                      0x110ba (size before relaxing)
 .debug_str     0x0000000000010b32       0x27 ./robei_sdk/env/rtos_start.o
                                         0x37 (size before relaxing)
 .debug_str     0x0000000000010b59       0x16 ./robei_sdk/env/start.o
                                         0x32 (size before relaxing)
 .debug_str     0x0000000000010b6f       0x27 ./robei_sdk/env/robei/init.o
                                       0x82df (size before relaxing)
 .debug_str     0x0000000000010b96      0x157 ./robei_sdk/drivers/robei_GPIO.o
                                       0xfca2 (size before relaxing)
 .debug_str     0x0000000000010ced       0x6c ./robei_sdk/drivers/robei_WWDG.o
                                       0xfb58 (size before relaxing)
 .debug_str     0x0000000000010d59     0x4b82 ./robei_sdk/drivers/robei_IT.o
                                      0x14684 (size before relaxing)
 .debug_str     0x00000000000158db      0x214 ./robei_sdk/drivers/robei_UART.o
                                       0xfd41 (size before relaxing)
 .debug_str     0x0000000000015aef       0x3b ./robei_sdk/libwrap/misc/write_hex.o
                                       0x7dc8 (size before relaxing)
 .debug_str     0x0000000000015b2a       0xcf ./robei_sdk/libwrap/sys/_exit.o
                                       0x7e54 (size before relaxing)
 .debug_str     0x0000000000015bf9       0x45 ./robei_sdk/libwrap/sys/close.o
                                       0x5aa2 (size before relaxing)
 .debug_str     0x0000000000015c3e      0x64e ./robei_sdk/libwrap/sys/fstat.o
                                       0x7e2c (size before relaxing)
 .debug_str     0x000000000001628c       0x2d ./robei_sdk/libwrap/sys/isatty.o
                                       0x6264 (size before relaxing)
 .debug_str     0x00000000000162b9       0x2b ./robei_sdk/libwrap/sys/lseek.o
                                       0x77a2 (size before relaxing)
 .debug_str     0x00000000000162e4       0x29 ./robei_sdk/libwrap/sys/read.o
                                       0x937d (size before relaxing)
 .debug_str     0x000000000001630d       0x3f ./robei_sdk/libwrap/sys/sbrk.o
                                       0x4015 (size before relaxing)
 .debug_str     0x000000000001634c       0x38 ./robei_sdk/libwrap/sys/write.o
                                       0x93a6 (size before relaxing)

.comment        0x0000000000000000       0x11
 .comment       0x0000000000000000       0x11 ./src/main.o
                                         0x12 (size before relaxing)
 .comment       0x0000000000000011       0x12 ./robei_sdk/env/robei/init.o
 .comment       0x0000000000000011       0x12 ./robei_sdk/drivers/robei_GPIO.o
 .comment       0x0000000000000011       0x12 ./robei_sdk/drivers/robei_WWDG.o
 .comment       0x0000000000000011       0x12 ./robei_sdk/drivers/robei_IT.o
 .comment       0x0000000000000011       0x12 ./robei_sdk/drivers/robei_UART.o
 .comment       0x0000000000000011       0x12 ./robei_sdk/libwrap/misc/write_hex.o
 .comment       0x0000000000000011       0x12 ./robei_sdk/libwrap/sys/_exit.o
 .comment       0x0000000000000011       0x12 ./robei_sdk/libwrap/sys/close.o
 .comment       0x0000000000000011       0x12 ./robei_sdk/libwrap/sys/fstat.o
 .comment       0x0000000000000011       0x12 ./robei_sdk/libwrap/sys/isatty.o
 .comment       0x0000000000000011       0x12 ./robei_sdk/libwrap/sys/lseek.o
 .comment       0x0000000000000011       0x12 ./robei_sdk/libwrap/sys/read.o
 .comment       0x0000000000000011       0x12 ./robei_sdk/libwrap/sys/sbrk.o
 .comment       0x0000000000000011       0x12 ./robei_sdk/libwrap/sys/write.o
 .comment       0x0000000000000011       0x12 d:/robeiide/tool/riscv64-unknown-elf-gcc/bin/../lib/gcc/riscv64-unknown-elf/8.1.0/../../../../riscv64-unknown-elf/lib/rv32im/ilp32\libc_nano.a(lib_a-atexit.o)
 .comment       0x0000000000000011       0x12 d:/robeiide/tool/riscv64-unknown-elf-gcc/bin/../lib/gcc/riscv64-unknown-elf/8.1.0/../../../../riscv64-unknown-elf/lib/rv32im/ilp32\libc_nano.a(lib_a-exit.o)
 .comment       0x0000000000000011       0x12 d:/robeiide/tool/riscv64-unknown-elf-gcc/bin/../lib/gcc/riscv64-unknown-elf/8.1.0/../../../../riscv64-unknown-elf/lib/rv32im/ilp32\libc_nano.a(lib_a-fini.o)
 .comment       0x0000000000000011       0x12 d:/robeiide/tool/riscv64-unknown-elf-gcc/bin/../lib/gcc/riscv64-unknown-elf/8.1.0/../../../../riscv64-unknown-elf/lib/rv32im/ilp32\libc_nano.a(lib_a-impure.o)
 .comment       0x0000000000000011       0x12 d:/robeiide/tool/riscv64-unknown-elf-gcc/bin/../lib/gcc/riscv64-unknown-elf/8.1.0/../../../../riscv64-unknown-elf/lib/rv32im/ilp32\libc_nano.a(lib_a-init.o)
 .comment       0x0000000000000011       0x12 d:/robeiide/tool/riscv64-unknown-elf-gcc/bin/../lib/gcc/riscv64-unknown-elf/8.1.0/../../../../riscv64-unknown-elf/lib/rv32im/ilp32\libc_nano.a(lib_a-printf.o)
 .comment       0x0000000000000011       0x12 d:/robeiide/tool/riscv64-unknown-elf-gcc/bin/../lib/gcc/riscv64-unknown-elf/8.1.0/../../../../riscv64-unknown-elf/lib/rv32im/ilp32\libc_nano.a(lib_a-__atexit.o)
 .comment       0x0000000000000011       0x12 d:/robeiide/tool/riscv64-unknown-elf-gcc/bin/../lib/gcc/riscv64-unknown-elf/8.1.0/../../../../riscv64-unknown-elf/lib/rv32im/ilp32\libc_nano.a(lib_a-__call_atexit.o)
 .comment       0x0000000000000011       0x12 d:/robeiide/tool/riscv64-unknown-elf-gcc/bin/../lib/gcc/riscv64-unknown-elf/8.1.0/../../../../riscv64-unknown-elf/lib/rv32im/ilp32\libc_nano.a(lib_a-findfp.o)
 .comment       0x0000000000000011       0x12 d:/robeiide/tool/riscv64-unknown-elf-gcc/bin/../lib/gcc/riscv64-unknown-elf/8.1.0/../../../../riscv64-unknown-elf/lib/rv32im/ilp32\libc_nano.a(lib_a-fwalk.o)
 .comment       0x0000000000000011       0x12 d:/robeiide/tool/riscv64-unknown-elf-gcc/bin/../lib/gcc/riscv64-unknown-elf/8.1.0/../../../../riscv64-unknown-elf/lib/rv32im/ilp32\libc_nano.a(lib_a-nano-mallocr.o)
 .comment       0x0000000000000011       0x12 d:/robeiide/tool/riscv64-unknown-elf-gcc/bin/../lib/gcc/riscv64-unknown-elf/8.1.0/../../../../riscv64-unknown-elf/lib/rv32im/ilp32\libc_nano.a(lib_a-nano-vfprintf.o)
 .comment       0x0000000000000011       0x12 d:/robeiide/tool/riscv64-unknown-elf-gcc/bin/../lib/gcc/riscv64-unknown-elf/8.1.0/../../../../riscv64-unknown-elf/lib/rv32im/ilp32\libc_nano.a(lib_a-sbrkr.o)
 .comment       0x0000000000000011       0x12 d:/robeiide/tool/riscv64-unknown-elf-gcc/bin/../lib/gcc/riscv64-unknown-elf/8.1.0/../../../../riscv64-unknown-elf/lib/rv32im/ilp32\libc_nano.a(lib_a-stdio.o)
 .comment       0x0000000000000011       0x12 d:/robeiide/tool/riscv64-unknown-elf-gcc/bin/../lib/gcc/riscv64-unknown-elf/8.1.0/../../../../riscv64-unknown-elf/lib/rv32im/ilp32\libc_nano.a(lib_a-wbuf.o)
 .comment       0x0000000000000011       0x12 d:/robeiide/tool/riscv64-unknown-elf-gcc/bin/../lib/gcc/riscv64-unknown-elf/8.1.0/../../../../riscv64-unknown-elf/lib/rv32im/ilp32\libc_nano.a(lib_a-writer.o)
 .comment       0x0000000000000011       0x12 d:/robeiide/tool/riscv64-unknown-elf-gcc/bin/../lib/gcc/riscv64-unknown-elf/8.1.0/../../../../riscv64-unknown-elf/lib/rv32im/ilp32\libc_nano.a(lib_a-wsetup.o)
 .comment       0x0000000000000011       0x12 d:/robeiide/tool/riscv64-unknown-elf-gcc/bin/../lib/gcc/riscv64-unknown-elf/8.1.0/../../../../riscv64-unknown-elf/lib/rv32im/ilp32\libc_nano.a(lib_a-closer.o)
 .comment       0x0000000000000011       0x12 d:/robeiide/tool/riscv64-unknown-elf-gcc/bin/../lib/gcc/riscv64-unknown-elf/8.1.0/../../../../riscv64-unknown-elf/lib/rv32im/ilp32\libc_nano.a(lib_a-fflush.o)
 .comment       0x0000000000000011       0x12 d:/robeiide/tool/riscv64-unknown-elf-gcc/bin/../lib/gcc/riscv64-unknown-elf/8.1.0/../../../../riscv64-unknown-elf/lib/rv32im/ilp32\libc_nano.a(lib_a-lseekr.o)
 .comment       0x0000000000000011       0x12 d:/robeiide/tool/riscv64-unknown-elf-gcc/bin/../lib/gcc/riscv64-unknown-elf/8.1.0/../../../../riscv64-unknown-elf/lib/rv32im/ilp32\libc_nano.a(lib_a-makebuf.o)
 .comment       0x0000000000000011       0x12 d:/robeiide/tool/riscv64-unknown-elf-gcc/bin/../lib/gcc/riscv64-unknown-elf/8.1.0/../../../../riscv64-unknown-elf/lib/rv32im/ilp32\libc_nano.a(lib_a-memchr.o)
 .comment       0x0000000000000011       0x12 d:/robeiide/tool/riscv64-unknown-elf-gcc/bin/../lib/gcc/riscv64-unknown-elf/8.1.0/../../../../riscv64-unknown-elf/lib/rv32im/ilp32\libc_nano.a(lib_a-mlock.o)
 .comment       0x0000000000000011       0x12 d:/robeiide/tool/riscv64-unknown-elf-gcc/bin/../lib/gcc/riscv64-unknown-elf/8.1.0/../../../../riscv64-unknown-elf/lib/rv32im/ilp32\libc_nano.a(lib_a-nano-freer.o)
 .comment       0x0000000000000011       0x12 d:/robeiide/tool/riscv64-unknown-elf-gcc/bin/../lib/gcc/riscv64-unknown-elf/8.1.0/../../../../riscv64-unknown-elf/lib/rv32im/ilp32\libc_nano.a(lib_a-nano-vfprintf_i.o)
 .comment       0x0000000000000011       0x12 d:/robeiide/tool/riscv64-unknown-elf-gcc/bin/../lib/gcc/riscv64-unknown-elf/8.1.0/../../../../riscv64-unknown-elf/lib/rv32im/ilp32\libc_nano.a(lib_a-readr.o)
 .comment       0x0000000000000011       0x12 d:/robeiide/tool/riscv64-unknown-elf-gcc/bin/../lib/gcc/riscv64-unknown-elf/8.1.0/../../../../riscv64-unknown-elf/lib/rv32im/ilp32\libc_nano.a(lib_a-reent.o)
 .comment       0x0000000000000011       0x12 d:/robeiide/tool/riscv64-unknown-elf-gcc/bin/../lib/gcc/riscv64-unknown-elf/8.1.0/../../../../riscv64-unknown-elf/lib/rv32im/ilp32\libc_nano.a(lib_a-fstatr.o)
 .comment       0x0000000000000011       0x12 d:/robeiide/tool/riscv64-unknown-elf-gcc/bin/../lib/gcc/riscv64-unknown-elf/8.1.0/../../../../riscv64-unknown-elf/lib/rv32im/ilp32\libc_nano.a(lib_a-isattyr.o)

.debug_frame    0x0000000000000000      0xeac
 .debug_frame   0x0000000000000000       0xbc ./src/main.o
 .debug_frame   0x00000000000000bc       0x50 ./robei_sdk/env/robei/init.o
 .debug_frame   0x000000000000010c      0x118 ./robei_sdk/drivers/robei_GPIO.o
 .debug_frame   0x0000000000000224       0x94 ./robei_sdk/drivers/robei_WWDG.o
 .debug_frame   0x00000000000002b8      0x6b0 ./robei_sdk/drivers/robei_IT.o
 .debug_frame   0x0000000000000968      0x2e0 ./robei_sdk/drivers/robei_UART.o
 .debug_frame   0x0000000000000c48       0x34 ./robei_sdk/libwrap/misc/write_hex.o
 .debug_frame   0x0000000000000c7c       0x2c ./robei_sdk/libwrap/sys/_exit.o
 .debug_frame   0x0000000000000ca8       0x54 ./robei_sdk/libwrap/sys/close.o
 .debug_frame   0x0000000000000cfc       0x54 ./robei_sdk/libwrap/sys/fstat.o
 .debug_frame   0x0000000000000d50       0x30 ./robei_sdk/libwrap/sys/isatty.o
 .debug_frame   0x0000000000000d80       0x54 ./robei_sdk/libwrap/sys/lseek.o
 .debug_frame   0x0000000000000dd4       0x54 ./robei_sdk/libwrap/sys/read.o
 .debug_frame   0x0000000000000e28       0x30 ./robei_sdk/libwrap/sys/sbrk.o
 .debug_frame   0x0000000000000e58       0x54 ./robei_sdk/libwrap/sys/write.o
