Archive member included to satisfy reference by file (symbol)

d:/robeiide/tool/riscv64-unknown-elf-gcc/bin/../lib/gcc/riscv64-unknown-elf/8.1.0/../../../../riscv64-unknown-elf/lib/rv32im/ilp32\libc_nano.a(lib_a-atexit.o)
                              ./robei_sdk/env/rtos_start.o (atexit)
d:/robeiide/tool/riscv64-unknown-elf-gcc/bin/../lib/gcc/riscv64-unknown-elf/8.1.0/../../../../riscv64-unknown-elf/lib/rv32im/ilp32\libc_nano.a(lib_a-exit.o)
                              ./robei_sdk/env/rtos_start.o (exit)
d:/robeiide/tool/riscv64-unknown-elf-gcc/bin/../lib/gcc/riscv64-unknown-elf/8.1.0/../../../../riscv64-unknown-elf/lib/rv32im/ilp32\libc_nano.a(lib_a-fini.o)
                              ./robei_sdk/env/rtos_start.o (__libc_fini_array)
d:/robeiide/tool/riscv64-unknown-elf-gcc/bin/../lib/gcc/riscv64-unknown-elf/8.1.0/../../../../riscv64-unknown-elf/lib/rv32im/ilp32\libc_nano.a(lib_a-impure.o)
                              d:/robeiide/tool/riscv64-unknown-elf-gcc/bin/../lib/gcc/riscv64-unknown-elf/8.1.0/../../../../riscv64-unknown-elf/lib/rv32im/ilp32\libc_nano.a(lib_a-exit.o) (_global_impure_ptr)
d:/robeiide/tool/riscv64-unknown-elf-gcc/bin/../lib/gcc/riscv64-unknown-elf/8.1.0/../../../../riscv64-unknown-elf/lib/rv32im/ilp32\libc_nano.a(lib_a-init.o)
                              ./robei_sdk/env/rtos_start.o (__libc_init_array)
d:/robeiide/tool/riscv64-unknown-elf-gcc/bin/../lib/gcc/riscv64-unknown-elf/8.1.0/../../../../riscv64-unknown-elf/lib/rv32im/ilp32\libc_nano.a(lib_a-printf.o)
                              ./src/main.o (printf)
d:/robeiide/tool/riscv64-unknown-elf-gcc/bin/../lib/gcc/riscv64-unknown-elf/8.1.0/../../../../riscv64-unknown-elf/lib/rv32im/ilp32\libc_nano.a(lib_a-__atexit.o)
                              d:/robeiide/tool/riscv64-unknown-elf-gcc/bin/../lib/gcc/riscv64-unknown-elf/8.1.0/../../../../riscv64-unknown-elf/lib/rv32im/ilp32\libc_nano.a(lib_a-atexit.o) (__register_exitproc)
d:/robeiide/tool/riscv64-unknown-elf-gcc/bin/../lib/gcc/riscv64-unknown-elf/8.1.0/../../../../riscv64-unknown-elf/lib/rv32im/ilp32\libc_nano.a(lib_a-__call_atexit.o)
                              d:/robeiide/tool/riscv64-unknown-elf-gcc/bin/../lib/gcc/riscv64-unknown-elf/8.1.0/../../../../riscv64-unknown-elf/lib/rv32im/ilp32\libc_nano.a(lib_a-__atexit.o) (__call_exitprocs)
d:/robeiide/tool/riscv64-unknown-elf-gcc/bin/../lib/gcc/riscv64-unknown-elf/8.1.0/../../../../riscv64-unknown-elf/lib/rv32im/ilp32\libc_nano.a(lib_a-findfp.o)
                              d:/robeiide/tool/riscv64-unknown-elf-gcc/bin/../lib/gcc/riscv64-unknown-elf/8.1.0/../../../../riscv64-unknown-elf/lib/rv32im/ilp32\libc_nano.a(lib_a-printf.o) (__sinit)
d:/robeiide/tool/riscv64-unknown-elf-gcc/bin/../lib/gcc/riscv64-unknown-elf/8.1.0/../../../../riscv64-unknown-elf/lib/rv32im/ilp32\libc_nano.a(lib_a-fwalk.o)
                              d:/robeiide/tool/riscv64-unknown-elf-gcc/bin/../lib/gcc/riscv64-unknown-elf/8.1.0/../../../../riscv64-unknown-elf/lib/rv32im/ilp32\libc_nano.a(lib_a-findfp.o) (_fwalk)
d:/robeiide/tool/riscv64-unknown-elf-gcc/bin/../lib/gcc/riscv64-unknown-elf/8.1.0/../../../../riscv64-unknown-elf/lib/rv32im/ilp32\libc_nano.a(lib_a-memset.o)
                              d:/robeiide/tool/riscv64-unknown-elf-gcc/bin/../lib/gcc/riscv64-unknown-elf/8.1.0/../../../../riscv64-unknown-elf/lib/rv32im/ilp32\libc_nano.a(lib_a-findfp.o) (memset)
d:/robeiide/tool/riscv64-unknown-elf-gcc/bin/../lib/gcc/riscv64-unknown-elf/8.1.0/../../../../riscv64-unknown-elf/lib/rv32im/ilp32\libc_nano.a(lib_a-nano-mallocr.o)
                              d:/robeiide/tool/riscv64-unknown-elf-gcc/bin/../lib/gcc/riscv64-unknown-elf/8.1.0/../../../../riscv64-unknown-elf/lib/rv32im/ilp32\libc_nano.a(lib_a-findfp.o) (_malloc_r)
d:/robeiide/tool/riscv64-unknown-elf-gcc/bin/../lib/gcc/riscv64-unknown-elf/8.1.0/../../../../riscv64-unknown-elf/lib/rv32im/ilp32\libc_nano.a(lib_a-nano-vfprintf.o)
                              d:/robeiide/tool/riscv64-unknown-elf-gcc/bin/../lib/gcc/riscv64-unknown-elf/8.1.0/../../../../riscv64-unknown-elf/lib/rv32im/ilp32\libc_nano.a(lib_a-printf.o) (_vfprintf_r)
d:/robeiide/tool/riscv64-unknown-elf-gcc/bin/../lib/gcc/riscv64-unknown-elf/8.1.0/../../../../riscv64-unknown-elf/lib/rv32im/ilp32\libc_nano.a(lib_a-sbrkr.o)
                              d:/robeiide/tool/riscv64-unknown-elf-gcc/bin/../lib/gcc/riscv64-unknown-elf/8.1.0/../../../../riscv64-unknown-elf/lib/rv32im/ilp32\libc_nano.a(lib_a-nano-mallocr.o) (_sbrk_r)
d:/robeiide/tool/riscv64-unknown-elf-gcc/bin/../lib/gcc/riscv64-unknown-elf/8.1.0/../../../../riscv64-unknown-elf/lib/rv32im/ilp32\libc_nano.a(lib_a-stdio.o)
                              d:/robeiide/tool/riscv64-unknown-elf-gcc/bin/../lib/gcc/riscv64-unknown-elf/8.1.0/../../../../riscv64-unknown-elf/lib/rv32im/ilp32\libc_nano.a(lib_a-findfp.o) (__sread)
d:/robeiide/tool/riscv64-unknown-elf-gcc/bin/../lib/gcc/riscv64-unknown-elf/8.1.0/../../../../riscv64-unknown-elf/lib/rv32im/ilp32\libc_nano.a(lib_a-wbuf.o)
[...]
Memory Configuration

Name             Origin             Length             Attributes
flash            0x0000000000000000 0x0000000000400000 axrl !w
ram              0x0000000002000000 0x0000000000004000 axw !rl
*default*        0x0000000000000000 0xffffffffffffffff

Linker script and memory map

                0x0000000000000400                __stack_size = 0x400
START GROUP
END GROUP
LOAD ./src/main.o
LOAD ./robei_sdk/env/entry.o
LOAD ./robei_sdk/env/rtos_start.o
LOAD ./robei_sdk/env/start.o
LOAD ./robei_sdk/env/robei/init.o
LOAD ./robei_sdk/drivers/robei_MPU.o
LOAD ./robei_sdk/drivers/robei_GPIO.o
LOAD ./robei_sdk/drivers/robei_DMA.o
LOAD ./robei_sdk/drivers/robei_IIC.o
LOAD ./robei_sdk/drivers/robei_IWDG.o
LOAD ./robei_sdk/drivers/robei_MEMIO.o
LOAD ./robei_sdk/drivers/robei_RTC.o
LOAD ./robei_sdk/drivers/robei_SPI.o
LOAD ./robei_sdk/drivers/robei_SYSCLK.o
LOAD ./robei_sdk/drivers/robei_WWDG.o
LOAD ./robei_sdk/drivers/robei_IT.o
LOAD ./robei_sdk/drivers/robei_UART.o
LOAD ./robei_sdk/drivers/robei_TIM16.o
LOAD ./robei_sdk/drivers/robei_TIM32.o
LOAD ./robei_sdk/libwrap/misc/write_hex.o
LOAD ./robei_sdk/libwrap/stdlib/malloc.o
LOAD ./robei_sdk/libwrap/sys/_exit.o
LOAD ./robei_sdk/libwrap/sys/close.o
LOAD ./robei_sdk/libwrap/sys/execve.o
LOAD ./robei_sdk/libwrap/sys/fork.o
LOAD ./robei_sdk/libwrap/sys/fstat.o
LOAD ./robei_sdk/libwrap/sys/getpid.o
LOAD ./robei_sdk/libwrap/sys/isatty.o
LOAD ./robei_sdk/libwrap/sys/kill.o
LOAD ./robei_sdk/libwrap/sys/link.o
LOAD ./robei_sdk/libwrap/sys/lseek.o
LOAD ./robei_sdk/libwrap/sys/open.o
LOAD ./robei_sdk/libwrap/sys/openat.o
LOAD ./robei_sdk/libwrap/sys/puts.o
LOAD ./robei_sdk/libwrap/sys/read.o
LOAD ./robei_sdk/libwrap/sys/sbrk.o
LOAD ./robei_sdk/libwrap/sys/stat.o
LOAD ./robei_sdk/libwrap/sys/times.o
LOAD ./robei_sdk/libwrap/sys/unlink.o
LOAD ./robei_sdk/libwrap/sys/wait.o
LOAD ./robei_sdk/libwrap/sys/write.o
LOAD d:/robeiide/tool/riscv64-unknown-elf-gcc/bin/../lib/gcc/riscv64-unknown-elf/8.1.0/../../../../riscv64-unknown-elf/lib/rv32im/ilp32\libc_nano.a
LOAD d:/robeiide/tool/riscv64-unknown-elf-gcc/bin/../lib/gcc/riscv64-unknown-elf/8.1.0/rv32im/ilp32\libgcc.a
LOAD d:/robeiide/tool/riscv64-unknown-elf-gcc/bin/../lib/gcc/riscv64-unknown-elf/8.1.0/../../../../riscv64-unknown-elf/lib/rv32im/ilp32\libg_nano.a
LOAD d:/robeiide/tool/riscv64-unknown-elf-gcc/bin/../lib/gcc/riscv64-unknown-elf/8.1.0/../../../../riscv64-unknown-elf/lib/rv32im/ilp32\libc_nano.a
LOAD d:/robeiide/tool/riscv64-unknown-elf-gcc/bin/../lib/gcc/riscv64-unknown-elf/8.1.0/rv32im/ilp32\libgcc.a
START GROUP
LOAD d:/robeiide/tool/riscv64-unknown-elf-gcc/bin/../lib/gcc/riscv64-unknown-elf/8.1.0/rv32im/ilp32\libgcc.a
LOAD d:/robeiide/tool/riscv64-unknown-elf-gcc/bin/../lib/gcc/riscv64-unknown-elf/8.1.0/../../../../riscv64-unknown-elf/lib/rv32im/ilp32\libc_nano.a
LOAD d:/robeiide/tool/riscv64-unknown-elf-gcc/bin/../lib/gcc/riscv64-unknown-elf/8.1.0/../../../../riscv64-unknown-elf/lib/rv32im/ilp32\libgloss_nano.a
END GROUP
                0x0000000000000800                __stack_size = DEFINED (__stack_size)?__stack_size:0x800

.init           0x0000000000000000      0x61c
 *(SORT_NONE(.init))
 .init          0x0000000000000000      0x61c ./robei_sdk/env/start.o
                0x0000000000000000                _start

.text           0x000000000000061c     0x27fc
 *(.text.unlikely .text.unlikely.*)
 *(.text.startup .text.startup.*)
 .text.startup.register_fini
                0x000000000000061c       0x1c d:/robeiide/tool/riscv64-unknown-elf-gcc/bin/../lib/gcc/riscv64-unknown-elf/8.1.0/../../../../riscv64-unknown-elf/lib/rv32im/ilp32\libc_nano.a(lib_a-__call_atexit.o)
 *(.text .text.*)
 .text.main     0x0000000000000638       0x34 ./src/main.o
                0x0000000000000638                main
 .text          0x000000000000066c       0x94 ./robei_sdk/env/rtos_start.o
                0x000000000000066c                _start_after_loder
 .text._init    0x0000000000000700       0x1c ./robei_sdk/env/robei/init.o
                0x0000000000000700                _init
 .text._fini    0x000000000000071c       0x1c ./robei_sdk/env/robei/init.o
                0x000000000000071c                _fini
 .text.Ro_WWDG_Refresh_IT
                0x0000000000000738       0x58 ./robei_sdk/drivers/robei_WWDG.o
                0x0000000000000738                Ro_WWDG_Refresh_IT
 .text.Ro_GPIO45_IRQHandle
                0x0000000000000790       0x1c ./robei_sdk/drivers/robei_IT.o
                0x0000000000000790                Ro_GPIO45_IRQHandle
 .text.Ro_GPIO6_IRQHandle
                0x00000000000007ac       0x1c ./robei_sdk/drivers/robei_IT.o
                0x00000000000007ac                Ro_GPIO6_IRQHandle
 .text.Ro_GPIO7_IRQHandle
                0x00000000000007c8       0x1c ./robei_sdk/drivers/robei_IT.o
                0x00000000000007c8                Ro_GPIO7_IRQHandle
 .text.Ro_GPIO0_IRQHandle
                0x00000000000007e4       0x1c ./robei_sdk/drivers/robei_IT.o
                0x00000000000007e4                Ro_GPIO0_IRQHandle
 .text.Ro_GPIO1_IRQHandle
                0x0000000000000800       0x1c ./robei_sdk/drivers/robei_IT.o
                0x0000000000000800                Ro_GPIO1_IRQHandle
 .text.Ro_GPIO2_IRQHandle
                0x000000000000081c       0x1c ./robei_sdk/drivers/robei_IT.o
                0x000000000000081c                Ro_GPIO2_IRQHandle
 .text.Ro_GPIO3_IRQHandle
                0x0000000000000838       0x1c ./robei_sdk/drivers/robei_IT.o
                0x0000000000000838                Ro_GPIO3_IRQHandle
 .text.Ro_WWDG_IRQHandle
                0x0000000000000854       0x2c ./robei_sdk/drivers/robei_IT.o
                0x0000000000000854                Ro_WWDG_IRQHandle
 .text.Ro_DMA0_CH01_IRQHandle
                0x0000000000000880       0x1c ./robei_sdk/drivers/robei_IT.o
                0x0000000000000880                Ro_DMA0_CH01_IRQHandle
 .text.Ro_DMA1_CH01_IRQHandle
                0x000000000000089c       0x1c ./robei_sdk/drivers/robei_IT.o
                0x000000000000089c                Ro_DMA1_CH01_IRQHandle
 .text.Ro_DMA01_CH2_IRQHandle
                0x00000000000008b8       0x1c ./robei_sdk/drivers/robei_IT.o
                0x00000000000008b8                Ro_DMA01_CH2_IRQHandle
 .text.Ro_DMA01_CH3_IRQHandle
                0x00000000000008d4       0x1c ./robei_sdk/drivers/robei_IT.o
                0x00000000000008d4                Ro_DMA01_CH3_IRQHandle
 .text.Ro_DMA01_CH4_IRQHandle
                0x00000000000008f0       0x1c ./robei_sdk/drivers/robei_IT.o
                0x00000000000008f0                Ro_DMA01_CH4_IRQHandle
 .text.Ro_DMA01_CH5_IRQHandle
                0x000000000000090c       0x1c ./robei_sdk/drivers/robei_IT.o
                0x000000000000090c                Ro_DMA01_CH5_IRQHandle
 .text.Ro_DMA01_CH6_IRQHandle
                0x0000000000000928       0x1c ./robei_sdk/drivers/robei_IT.o
                0x0000000000000928                Ro_DMA01_CH6_IRQHandle
 .text.Ro_TIM16_IRQHandle
                0x0000000000000944       0x1c ./robei_sdk/drivers/robei_IT.o
                0x0000000000000944                Ro_TIM16_IRQHandle
 .text.Ro_TIM32_IRQHandle
                0x0000000000000960       0x1c ./robei_sdk/drivers/robei_IT.o
                0x0000000000000960                Ro_TIM32_IRQHandle
 .text.Ro_DMA01_CH7_IRQHandle
                0x000000000000097c       0x1c ./robei_sdk/drivers/robei_IT.o
                0x000000000000097c                Ro_DMA01_CH7_IRQHandle
 .text.Ro_SSP0_IRQHandle
                0x0000000000000998       0x1c ./robei_sdk/drivers/robei_IT.o
                0x0000000000000998                Ro_SSP0_IRQHandle
 .text.Ro_SSP1_IRQHandle
                0x00000000000009b4       0x1c ./robei_sdk/drivers/robei_IT.o
                0x00000000000009b4                Ro_SSP1_IRQHandle
 .text.Ro_SSP2_IRQHandle
                0x00000000000009d0       0x1c ./robei_sdk/drivers/robei_IT.o
                0x00000000000009d0                Ro_SSP2_IRQHandle
 .text.Ro_Adptive_IRQHandle
                0x00000000000009ec       0x1c ./robei_sdk/drivers/robei_IT.o
                0x00000000000009ec                Ro_Adptive_IRQHandle
 .text.Ro_UART0_IRQHandle
                0x0000000000000a08       0x1c ./robei_sdk/drivers/robei_IT.o
                0x0000000000000a08                Ro_UART0_IRQHandle
 .text.Ro_UART1_IRQHandle
                0x0000000000000a24       0x1c ./robei_sdk/drivers/robei_IT.o
                0x0000000000000a24                Ro_UART1_IRQHandle
 .text.Ro_IIC_IRQHandle
                0x0000000000000a40       0x1c ./robei_sdk/drivers/robei_IT.o
                0x0000000000000a40                Ro_IIC_IRQHandle
 .text.Ro_Crash_IRQHandle
                0x0000000000000a5c       0x1c ./robei_sdk/drivers/robei_IT.o
                0x0000000000000a5c                Ro_Crash_IRQHandle
 .text.uart0_putchar
                0x0000000000000a78       0x48 ./robei_sdk/drivers/robei_UART.o
                0x0000000000000a78                uart0_putchar
 .text.uart1_putchar
                0x0000000000000ac0       0x48 ./robei_sdk/drivers/robei_UART.o
                0x0000000000000ac0                uart1_putchar
 .text.write_hex
                0x0000000000000b08       0xd8 ./robei_sdk/libwrap/misc/write_hex.o
                0x0000000000000b08                write_hex
 .text.__wrap_exit
                0x0000000000000be0       0x94 ./robei_sdk/libwrap/sys/_exit.o
                0x0000000000000be0                __wrap_exit
                0x0000000000000be0                __wrap__exit
 .text._stub    0x0000000000000c74       0x24 ./robei_sdk/libwrap/sys/close.o
 .text.__wrap_close
                0x0000000000000c98       0x34 ./robei_sdk/libwrap/sys/close.o
                0x0000000000000c98                __wrap__close
                0x0000000000000c98                __wrap_close
 .text._stub    0x0000000000000ccc       0x24 ./robei_sdk/libwrap/sys/fstat.o
 .text.__wrap_fstat
                0x0000000000000cf0       0x5c ./robei_sdk/libwrap/sys/fstat.o
                0x0000000000000cf0                __wrap__fstat
                0x0000000000000cf0                __wrap_fstat
 .text.__wrap_isatty
                0x0000000000000d4c       0x44 ./robei_sdk/libwrap/sys/isatty.o
                0x0000000000000d4c                __wrap__isatty
                0x0000000000000d4c                __wrap_isatty
 .text._stub    0x0000000000000d90       0x24 ./robei_sdk/libwrap/sys/lseek.o
 .text.__wrap_lseek
                0x0000000000000db4       0x54 ./robei_sdk/libwrap/sys/lseek.o
                0x0000000000000db4                __wrap_lseek
                0x0000000000000db4                __wrap__lseek
 .text._stub    0x0000000000000e08       0x24 ./robei_sdk/libwrap/sys/read.o
 .text.__wrap_read
                0x0000000000000e2c       0x3c ./robei_sdk/libwrap/sys/read.o
                0x0000000000000e2c                __wrap__read
                0x0000000000000e2c                __wrap_read
 .text.__wrap_sbrk
                0x0000000000000e68       0x9c ./robei_sdk/libwrap/sys/sbrk.o
                0x0000000000000e68                __wrap__sbrk
                0x0000000000000e68                __wrap_sbrk
 .text._stub    0x0000000000000f04       0x24 ./robei_sdk/libwrap/sys/write.o
 .text.__wrap_write
                0x0000000000000f28       0xc4 ./robei_sdk/libwrap/sys/write.o
                0x0000000000000f28                __wrap__write
                0x0000000000000f28                __wrap_write
 .text.atexit   0x0000000000000fec       0x14 d:/robeiide/tool/riscv64-unknown-elf-gcc/bin/../lib/gcc/riscv64-unknown-elf/8.1.0/../../../../riscv64-unknown-elf/lib/rv32im/ilp32\libc_nano.a(lib_a-atexit.o)
                0x0000000000000fec                atexit
 .text.exit     0x0000000000001000       0x44 d:/robeiide/tool/riscv64-unknown-elf-gcc/bin/../lib/gcc/riscv64-unknown-elf/8.1.0/../../../../riscv64-unknown-elf/lib/rv32im/ilp32\libc_nano.a(lib_a-exit.o)
                0x0000000000001000                exit
 .text.__libc_fini_array
                0x0000000000001044       0x5c d:/robeiide/tool/riscv64-unknown-elf-gcc/bin/../lib/gcc/riscv64-unknown-elf/8.1.0/../../../../riscv64-unknown-elf/lib/rv32im/ilp32\libc_nano.a(lib_a-fini.o)
                0x0000000000001044                __libc_fini_array
 .text.__libc_init_array
                0x00000000000010a0       0xa8 d:/robeiide/tool/riscv64-unknown-elf-gcc/bin/../lib/gcc/riscv64-unknown-elf/8.1.0/../../../../riscv64-unknown-elf/lib/rv32im/ilp32\libc_nano.a(lib_a-init.o)
                0x00000000000010a0                __libc_init_array
 .text.printf   0x0000000000001148       0x7c d:/robeiide/tool/riscv64-unknown-elf-gcc/bin/../lib/gcc/riscv64-unknown-elf/8.1.0/../../../../riscv64-unknown-elf/lib/rv32im/ilp32\libc_nano.a(lib_a-printf.o)
                0x0000000000001148                iprintf
                0x0000000000001148                printf
 .text.__register_exitproc
                0x00000000000011c4       0xa4 d:/robeiide/tool/riscv64-unknown-elf-gcc/bin/../lib/gcc/riscv64-unknown-elf/8.1.0/../../../../riscv64-unknown-elf/lib/rv32im/ilp32\libc_nano.a(lib_a-__atexit.o)
                0x00000000000011c4                __register_exitproc
 .text.__call_exitprocs
                0x0000000000001268      0x130 d:/robeiide/tool/riscv64-unknown-elf-gcc/bin/../lib/gcc/riscv64-unknown-elf/8.1.0/../../../../riscv64-unknown-elf/lib/rv32im/ilp32\libc_nano.a(lib_a-__call_atexit.o)
                0x0000000000001268                __call_exitprocs
 .text.std      0x0000000000001398       0x88 d:/robeiide/tool/riscv64-unknown-elf-gcc/bin/../lib/gcc/riscv64-unknown-elf/8.1.0/../../../../riscv64-unknown-elf/lib/rv32im/ilp32\libc_nano.a(lib_a-findfp.o)
 .text._cleanup_r
                0x0000000000001420        0xc d:/robeiide/tool/riscv64-unknown-elf-gcc/bin/../lib/gcc/riscv64-unknown-elf/8.1.0/../../../../riscv64-unknown-elf/lib/rv32im/ilp32\libc_nano.a(lib_a-findfp.o)
                0x0000000000001420                _cleanup_r
 .text.__sfmoreglue
                0x000000000000142c       0x6c d:/robeiide/tool/riscv64-unknown-elf-gcc/bin/../lib/gcc/riscv64-unknown-elf/8.1.0/../../../../riscv64-unknown-elf/lib/rv32im/ilp32\libc_nano.a(lib_a-findfp.o)
                0x000000000000142c                __sfmoreglue
 .text.__sinit  0x0000000000001498       0xb4 d:/robeiide/tool/riscv64-unknown-elf-gcc/bin/../lib/gcc/riscv64-unknown-elf/8.1.0/../../../../riscv64-unknown-elf/lib/rv32im/ilp32\libc_nano.a(lib_a-findfp.o)
                0x0000000000001498                __sinit
 .text.__sfp    0x000000000000154c       0xf0 d:/robeiide/tool/riscv64-unknown-elf-gcc/bin/../lib/gcc/riscv64-unknown-elf/8.1.0/../../../../riscv64-unknown-elf/lib/rv32im/ilp32\libc_nano.a(lib_a-findfp.o)
                0x000000000000154c                __sfp
 .text._fwalk_reent
                0x000000000000163c       0xb4 d:/robeiide/tool/riscv64-unknown-elf-gcc/bin/../lib/gcc/riscv64-unknown-elf/8.1.0/../../../../riscv64-unknown-elf/lib/rv32im/ilp32\libc_nano.a(lib_a-fwalk.o)
                0x000000000000163c                _fwalk_reent
 .text          0x00000000000016f0       0xdc d:/robeiide/tool/riscv64-unknown-elf-gcc/bin/../lib/gcc/riscv64-unknown-elf/8.1.0/../../../../riscv64-unknown-elf/lib/rv32im/ilp32\libc_nano.a(lib_a-memset.o)
                0x00000000000016f0                memset
 .text._malloc_r
                0x00000000000017cc      0x14c d:/robeiide/tool/riscv64-unknown-elf-gcc/bin/../lib/gcc/riscv64-unknown-elf/8.1.0/../../../../riscv64-unknown-elf/lib/rv32im/ilp32\libc_nano.a(lib_a-nano-mallocr.o)
                0x00000000000017cc                _malloc_r
 .text.__sfputc_r
                0x0000000000001918       0x3c d:/robeiide/tool/riscv64-unknown-elf-gcc/bin/../lib/gcc/riscv64-unknown-elf/8.1.0/../../../../riscv64-unknown-elf/lib/rv32im/ilp32\libc_nano.a(lib_a-nano-vfprintf.o)
 .text.__sfputs_r
                0x0000000000001954       0x74 d:/robeiide/tool/riscv64-unknown-elf-gcc/bin/../lib/gcc/riscv64-unknown-elf/8.1.0/../../../../riscv64-unknown-elf/lib/rv32im/ilp32\libc_nano.a(lib_a-nano-vfprintf.o)
                0x0000000000001954                __sfputs_r
 .text._vfprintf_r
                0x00000000000019c8      0x3c8 d:/robeiide/tool/riscv64-unknown-elf-gcc/bin/../lib/gcc/riscv64-unknown-elf/8.1.0/../../../../riscv64-unknown-elf/lib/rv32im/ilp32\libc_nano.a(lib_a-nano-vfprintf.o)
                0x00000000000019c8                _vfprintf_r
                0x00000000000019c8                _vfiprintf_r
 .text._sbrk_r  0x0000000000001d90       0x44 d:/robeiide/tool/riscv64-unknown-elf-gcc/bin/../lib/gcc/riscv64-unknown-elf/8.1.0/../../../../riscv64-unknown-elf/lib/rv32im/ilp32\libc_nano.a(lib_a-sbrkr.o)
                0x0000000000001d90                _sbrk_r
 .text.__sread  0x0000000000001dd4       0x50 d:/robeiide/tool/riscv64-unknown-elf-gcc/bin/../lib/gcc/riscv64-unknown-elf/8.1.0/../../../../riscv64-unknown-elf/lib/rv32im/ilp32\libc_nano.a(lib_a-stdio.o)
                0x0000000000001dd4                __sread
 .text.__swrite
                0x0000000000001e24       0x84 d:/robeiide/tool/riscv64-unknown-elf-gcc/bin/../lib/gcc/riscv64-unknown-elf/8.1.0/../../../../riscv64-unknown-elf/lib/rv32im/ilp32\libc_nano.a(lib_a-stdio.o)
                0x0000000000001e24                __swrite
 .text.__sseek  0x0000000000001ea8       0x58 d:/robeiide/tool/riscv64-unknown-elf-gcc/bin/../lib/gcc/riscv64-unknown-elf/8.1.0/../../../../riscv64-unknown-elf/lib/rv32im/ilp32\libc_nano.a(lib_a-stdio.o)
                0x0000000000001ea8                __sseek
 .text.__sclose
                0x0000000000001f00        0x8 d:/robeiide/tool/riscv64-unknown-elf-gcc/bin/../lib/gcc/riscv64-unknown-elf/8.1.0/../../../../riscv64-unknown-elf/lib/rv32im/ilp32\libc_nano.a(lib_a-stdio.o)
                0x0000000000001f00                __sclose
 .text.__swbuf_r
                0x0000000000001f08      0x138 d:/robeiide/tool/riscv64-unknown-elf-gcc/bin/../lib/gcc/riscv64-unknown-elf/8.1.0/../../../../riscv64-unknown-elf/lib/rv32im/ilp32\libc_nano.a(lib_a-wbuf.o)
                0x0000000000001f08                __swbuf_r
 .text._write_r
                0x0000000000002040       0x4c d:/robeiide/tool/riscv64-unknown-elf-gcc/bin/../lib/gcc/riscv64-unknown-elf/8.1.0/../../../../riscv64-unknown-elf/lib/rv32im/ilp32\libc_nano.a(lib_a-writer.o)
                0x0000000000002040                _write_r
 .text.__swsetup_r
                0x000000000000208c      0x180 d:/robeiide/tool/riscv64-unknown-elf-gcc/bin/../lib/gcc/riscv64-unknown-elf/8.1.0/../../../../riscv64-unknown-elf/lib/rv32im/ilp32\libc_nano.a(lib_a-wsetup.o)
                0x000000000000208c                __swsetup_r
 .text._close_r
                0x000000000000220c       0x44 d:/robeiide/tool/riscv64-unknown-elf-gcc/bin/../lib/gcc/riscv64-unknown-elf/8.1.0/../../../../riscv64-unknown-elf/lib/rv32im/ilp32\libc_nano.a(lib_a-closer.o)
                0x000000000000220c                _close_r
 .text.__sflush_r
                0x0000000000002250      0x1dc d:/robeiide/tool/riscv64-unknown-elf-gcc/bin/../lib/gcc/riscv64-unknown-elf/8.1.0/../../../../riscv64-unknown-elf/lib/rv32im/ilp32\libc_nano.a(lib_a-fflush.o)
                0x0000000000002250                __sflush_r
 .text._fflush_r
                0x000000000000242c       0xa0 d:/robeiide/tool/riscv64-unknown-elf-gcc/bin/../lib/gcc/riscv64-unknown-elf/8.1.0/../../../../riscv64-unknown-elf/lib/rv32im/ilp32\libc_nano.a(lib_a-fflush.o)
                0x000000000000242c                _fflush_r
 .text._lseek_r
                0x00000000000024cc       0x4c d:/robeiide/tool/riscv64-unknown-elf-gcc/bin/../lib/gcc/riscv64-unknown-elf/8.1.0/../../../../riscv64-unknown-elf/lib/rv32im/ilp32\libc_nano.a(lib_a-lseekr.o)
                0x00000000000024cc                _lseek_r
 .text.__swhatbuf_r
                0x0000000000002518       0x8c d:/robeiide/tool/riscv64-unknown-elf-gcc/bin/../lib/gcc/riscv64-unknown-elf/8.1.0/../../../../riscv64-unknown-elf/lib/rv32im/ilp32\libc_nano.a(lib_a-makebuf.o)
                0x0000000000002518                __swhatbuf_r
 .text.__smakebuf_r
                0x00000000000025a4       0xf0 d:/robeiide/tool/riscv64-unknown-elf-gcc/bin/../lib/gcc/riscv64-unknown-elf/8.1.0/../../../../riscv64-unknown-elf/lib/rv32im/ilp32\libc_nano.a(lib_a-makebuf.o)
                0x00000000000025a4                __smakebuf_r
 .text.memchr   0x0000000000002694       0x24 d:/robeiide/tool/riscv64-unknown-elf-gcc/bin/../lib/gcc/riscv64-unknown-elf/8.1.0/../../../../riscv64-unknown-elf/lib/rv32im/ilp32\libc_nano.a(lib_a-memchr.o)
                0x0000000000002694                memchr
 .text.__malloc_lock
                0x00000000000026b8        0x4 d:/robeiide/tool/riscv64-unknown-elf-gcc/bin/../lib/gcc/riscv64-unknown-elf/8.1.0/../../../../riscv64-unknown-elf/lib/rv32im/ilp32\libc_nano.a(lib_a-mlock.o)
                0x00000000000026b8                __malloc_lock
 .text.__malloc_unlock
                0x00000000000026bc        0x4 d:/robeiide/tool/riscv64-unknown-elf-gcc/bin/../lib/gcc/riscv64-unknown-elf/8.1.0/../../../../riscv64-unknown-elf/lib/rv32im/ilp32\libc_nano.a(lib_a-mlock.o)
                0x00000000000026bc                __malloc_unlock
 .text._free_r  0x00000000000026c0      0x104 d:/robeiide/tool/riscv64-unknown-elf-gcc/bin/../lib/gcc/riscv64-unknown-elf/8.1.0/../../../../riscv64-unknown-elf/lib/rv32im/ilp32\libc_nano.a(lib_a-nano-freer.o)
                0x00000000000026c0                _free_r
 .text._printf_common
                0x00000000000027c4      0x1b0 d:/robeiide/tool/riscv64-unknown-elf-gcc/bin/../lib/gcc/riscv64-unknown-elf/8.1.0/../../../../riscv64-unknown-elf/lib/rv32im/ilp32\libc_nano.a(lib_a-nano-vfprintf_i.o)
                0x00000000000027c4                _printf_common
 .text._printf_i
                0x0000000000002974      0x3cc d:/robeiide/tool/riscv64-unknown-elf-gcc/bin/../lib/gcc/riscv64-unknown-elf/8.1.0/../../../../riscv64-unknown-elf/lib/rv32im/ilp32\libc_nano.a(lib_a-nano-vfprintf_i.o)
                0x0000000000002974                _printf_i
 .text._read_r  0x0000000000002d40       0x4c d:/robeiide/tool/riscv64-unknown-elf-gcc/bin/../lib/gcc/riscv64-unknown-elf/8.1.0/../../../../riscv64-unknown-elf/lib/rv32im/ilp32\libc_nano.a(lib_a-readr.o)
                0x0000000000002d40                _read_r
 .text._fstat_r
                0x0000000000002d8c       0x48 d:/robeiide/tool/riscv64-unknown-elf-gcc/bin/../lib/gcc/riscv64-unknown-elf/8.1.0/../../../../riscv64-unknown-elf/lib/rv32im/ilp32\libc_nano.a(lib_a-fstatr.o)
                0x0000000000002d8c                _fstat_r
 .text._isatty_r
                0x0000000000002dd4       0x44 d:/robeiide/tool/riscv64-unknown-elf-gcc/bin/../lib/gcc/riscv64-unknown-elf/8.1.0/../../../../riscv64-unknown-elf/lib/rv32im/ilp32\libc_nano.a(lib_a-isattyr.o)
                0x0000000000002dd4                _isatty_r
 *(.gnu.linkonce.t.*)

.fini
 *(SORT_NONE(.fini))
                [!provide]                        PROVIDE (__etext = .)
                [!provide]                        PROVIDE (_etext = .)
                [!provide]                        PROVIDE (etext = .)

.rodata         0x0000000000002e18       0xd4
 *(.rdata)
 *(.rodata .rodata.*)
 .rodata        0x0000000000002e18        0xd ./src/main.o
 *fill*         0x0000000000002e25        0x3 
 .rodata        0x0000000000002e28        0x3 ./robei_sdk/libwrap/misc/write_hex.o
 *fill*         0x0000000000002e2b        0x1 
 .rodata        0x0000000000002e2c       0x22 ./robei_sdk/libwrap/sys/_exit.o
 *fill*         0x0000000000002e4e        0x2 
 .rodata.__sf_fake_stderr
                0x0000000000002e50       0x20 d:/robeiide/tool/riscv64-unknown-elf-gcc/bin/../lib/gcc/riscv64-unknown-elf/8.1.0/../../../../riscv64-unknown-elf/lib/rv32im/ilp32\libc_nano.a(lib_a-findfp.o)
                0x0000000000002e50                __sf_fake_stderr
 .rodata.__sf_fake_stdin
                0x0000000000002e70       0x20 d:/robeiide/tool/riscv64-unknown-elf-gcc/bin/../lib/gcc/riscv64-unknown-elf/8.1.0/../../../../riscv64-unknown-elf/lib/rv32im/ilp32\libc_nano.a(lib_a-findfp.o)
                0x0000000000002e70                __sf_fake_stdin
 .rodata.__sf_fake_stdout
                0x0000000000002e90       0x20 d:/robeiide/tool/riscv64-unknown-elf-gcc/bin/../lib/gcc/riscv64-unknown-elf/8.1.0/../../../../riscv64-unknown-elf/lib/rv32im/ilp32\libc_nano.a(lib_a-findfp.o)
                0x0000000000002e90                __sf_fake_stdout
 .rodata._vfprintf_r.str1.4
                0x0000000000002eb0       0x13 d:/robeiide/tool/riscv64-unknown-elf-gcc/bin/../lib/gcc/riscv64-unknown-elf/8.1.0/../../../../riscv64-unknown-elf/lib/rv32im/ilp32\libc_nano.a(lib_a-nano-vfprintf.o)
 *fill*         0x0000000000002ec3        0x1 
 .rodata._printf_i.str1.4
                0x0000000000002ec4       0x28 d:/robeiide/tool/riscv64-unknown-elf-gcc/bin/../lib/gcc/riscv64-unknown-elf/8.1.0/../../../../riscv64-unknown-elf/lib/rv32im/ilp32\libc_nano.a(lib_a-nano-vfprintf_i.o)
                                         0x25 (size before relaxing)
 *(.gnu.linkonce.r.*)

.sdata2._global_impure_ptr
                0x0000000000002eec        0x4
 .sdata2._global_impure_ptr
                0x0000000000002eec        0x4 d:/robeiide/tool/riscv64-unknown-elf-gcc/bin/../lib/gcc/riscv64-unknown-elf/8.1.0/../../../../riscv64-unknown-elf/lib/rv32im/ilp32\libc_nano.a(lib_a-impure.o)
                0x0000000000002eec                _global_impure_ptr

.rela.dyn       0x0000000000002ef0        0x0
 .rela.text     0x0000000000002ef0        0x0 ./src/main.o
 .rela.init     0x0000000000002ef0        0x0 ./src/main.o
 .rela.sdata.curbrk.1543
                0x0000000000002ef0        0x0 ./src/main.o
 .rela.text.__wrap_sbrk
                0x0000000000002ef0        0x0 ./src/main.o
 .rela.text.exit
                0x0000000000002ef0        0x0 ./src/main.o
 .rela.text.__libc_fini_array
                0x0000000000002ef0        0x0 ./src/main.o
 .rela.text.__libc_init_array
                0x0000000000002ef0        0x0 ./src/main.o
 .rela.text.__register_exitproc
                0x0000000000002ef0        0x0 ./src/main.o
 .rela.text.startup.register_fini
                0x0000000000002ef0        0x0 ./src/main.o
 .rela.text._vfprintf_r
                0x0000000000002ef0        0x0 ./src/main.o
 .rela.text._sbrk_r
                0x0000000000002ef0        0x0 ./src/main.o
 .rela.text._write_r
                0x0000000000002ef0        0x0 ./src/main.o
 .rela.text._close_r
                0x0000000000002ef0        0x0 ./src/main.o
 .rela.text._lseek_r
                0x0000000000002ef0        0x0 ./src/main.o
 .rela.text._read_r
                0x0000000000002ef0        0x0 ./src/main.o
 .rela.text._fstat_r
                0x0000000000002ef0        0x0 ./src/main.o
 .rela.text._isatty_r
                0x0000000000002ef0        0x0 ./src/main.o
                0x0000000000002ef0                . = ALIGN (0x4)

.preinit_array  0x0000000000002ef0        0x0
                0x0000000000002ef0                PROVIDE (__preinit_array_start = .)
 *(.preinit_array)
                0x0000000000002ef0                PROVIDE (__preinit_array_end = .)

.init_array     0x0000000000002ef0        0x4
                0x0000000000002ef0                PROVIDE (__init_array_start = .)
 *(SORT_BY_INIT_PRIORITY(.init_array.*) SORT_BY_INIT_PRIORITY(.ctors.*))
 .init_array.00000
                0x0000000000002ef0        0x4 d:/robeiide/tool/riscv64-unknown-elf-gcc/bin/../lib/gcc/riscv64-unknown-elf/8.1.0/../../../../riscv64-unknown-elf/lib/rv32im/ilp32\libc_nano.a(lib_a-__call_atexit.o)
 *(.init_array EXCLUDE_FILE(*crtend?.o *crtend.o *crtbegin?.o *crtbegin.o) .ctors)
                0x0000000000002ef4                PROVIDE (__init_array_end = .)

.fini_array     0x0000000000002ef4        0x0
                0x0000000000002ef4                PROVIDE (__fini_array_start = .)
 *(SORT_BY_INIT_PRIORITY(.fini_array.*) SORT_BY_INIT_PRIORITY(.dtors.*))
 *(.fini_array EXCLUDE_FILE(*crtend?.o *crtend.o *crtbegin?.o *crtbegin.o) .dtors)
                0x0000000000002ef4                PROVIDE (__fini_array_end = .)

.ctors
 *crtbegin.o(.ctors)
 *crtbegin?.o(.ctors)
 *(EXCLUDE_FILE(*crtend?.o *crtend.o) .ctors)
 *(SORT_BY_NAME(.ctors.*))
 *(.ctors)

.dtors
 *crtbegin.o(.dtors)
 *crtbegin?.o(.dtors)
 *(EXCLUDE_FILE(*crtend?.o *crtend.o) .dtors)
 *(SORT_BY_NAME(.dtors.*))
 *(.dtors)

.lalign         0x0000000000002ef4        0x0
                0x0000000000002ef4                . = ALIGN (0x4)
                0x0000000000002ef4                PROVIDE (_data_lma = .)

.dalign         0x0000000002000000        0x0 load address 0x0000000000002ef4
                0x0000000002000000                . = ALIGN (0x4)
                0x0000000002000000                PROVIDE (_data = .)

.data           0x0000000002000000       0x68 load address 0x0000000000002ef4
                [!provide]                        PROVIDE (_dataaddr = .)
 *(.data .data.*)
 .data.impure_data
                0x0000000002000000       0x60 d:/robeiide/tool/riscv64-unknown-elf-gcc/bin/../lib/gcc/riscv64-unknown-elf/8.1.0/../../../../riscv64-unknown-elf/lib/rv32im/ilp32\libc_nano.a(lib_a-impure.o)
 *(.gnu.linkonce.d.*)
                0x0000000002000060                . = ALIGN (0x8)
                0x0000000002000860                PROVIDE (__global_pointer$ = (. + 0x800))
 *(.sdata .sdata.*)
 .sdata.curbrk.1543
                0x0000000002000060        0x4 ./robei_sdk/libwrap/sys/sbrk.o
 .sdata._impure_ptr
                0x0000000002000064        0x4 d:/robeiide/tool/riscv64-unknown-elf-gcc/bin/../lib/gcc/riscv64-unknown-elf/8.1.0/../../../../riscv64-unknown-elf/lib/rv32im/ilp32\libc_nano.a(lib_a-impure.o)
                0x0000000002000064                _impure_ptr
 *(.gnu.linkonce.s.*)
                0x0000000002000068                . = ALIGN (0x8)
 *(.srodata.cst16)
 *(.srodata.cst8)
 *(.srodata.cst4)
 *(.srodata.cst2)
 *(.srodata .srodata.*)
                0x0000000002000068                . = ALIGN (0x4)
                0x0000000002000068                PROVIDE (_edata = .)
                [!provide]                        PROVIDE (edata = .)
                [!provide]                        PROVIDE (_fbss = .)
                0x0000000002000068                PROVIDE (__bss_start = .)

.bss            0x0000000002000068       0xa0
 *(.sbss*)
 .sbss.g_u8printsel
                0x0000000002000068        0x1 ./robei_sdk/libwrap/sys/write.o
                0x0000000002000068                g_u8printsel
 *fill*         0x0000000002000069        0x3 
 .sbss._global_atexit
                0x000000000200006c        0x4 d:/robeiide/tool/riscv64-unknown-elf-gcc/bin/../lib/gcc/riscv64-unknown-elf/8.1.0/../../../../riscv64-unknown-elf/lib/rv32im/ilp32\libc_nano.a(lib_a-__call_atexit.o)
                0x000000000200006c                _global_atexit
 .sbss.__malloc_free_list
                0x0000000002000070        0x4 d:/robeiide/tool/riscv64-unknown-elf-gcc/bin/../lib/gcc/riscv64-unknown-elf/8.1.0/../../../../riscv64-unknown-elf/lib/rv32im/ilp32\libc_nano.a(lib_a-nano-mallocr.o)
                0x0000000002000070                __malloc_free_list
 .sbss.__malloc_sbrk_start
                0x0000000002000074        0x4 d:/robeiide/tool/riscv64-unknown-elf-gcc/bin/../lib/gcc/riscv64-unknown-elf/8.1.0/../../../../riscv64-unknown-elf/lib/rv32im/ilp32\libc_nano.a(lib_a-nano-mallocr.o)
                0x0000000002000074                __malloc_sbrk_start
 *(.gnu.linkonce.sb.*)
 *(.bss .bss.*)
 .bss._global_atexit0
                0x0000000002000078       0x8c d:/robeiide/tool/riscv64-unknown-elf-gcc/bin/../lib/gcc/riscv64-unknown-elf/8.1.0/../../../../riscv64-unknown-elf/lib/rv32im/ilp32\libc_nano.a(lib_a-__atexit.o)
 *(.gnu.linkonce.b.*)
 *(COMMON)
 COMMON         0x0000000002000104        0x4 d:/robeiide/tool/riscv64-unknown-elf-gcc/bin/../lib/gcc/riscv64-unknown-elf/8.1.0/../../../../riscv64-unknown-elf/lib/rv32im/ilp32\libc_nano.a(lib_a-reent.o)
                0x0000000002000104                errno
                0x0000000002000108                . = ALIGN (0x4)
                0x0000000002000108                . = ALIGN (0x8)
                0x0000000002000108                PROVIDE (_end = .)
                [!provide]                        PROVIDE (end = .)

.stack          0x0000000002003c00      0x400 load address 0x0000000002000108
                0x0000000002003c00                PROVIDE (_heap_end = .)
                0x0000000000000400                . = __stack_size
 *fill*         0x0000000002003c00      0x400 
                0x0000000002004000                PROVIDE (_sp = .)
                0x0000000002004000                __freertos_irq_stack_top = .
OUTPUT(robei.elf elf32-littleriscv)

.debug_info     0x0000000000000000     0x780c
 .debug_info    0x0000000000000000      0xace ./src/main.o
 .debug_info    0x0000000000000ace       0x26 ./robei_sdk/env/rtos_start.o
 .debug_info    0x0000000000000af4       0x26 ./robei_sdk/env/start.o
 .debug_info    0x0000000000000b1a      0x98c ./robei_sdk/env/robei/init.o
 .debug_info    0x00000000000014a6      0xb80 ./robei_sdk/drivers/robei_WWDG.o
 .debug_info    0x0000000000002026      0xf0b ./robei_sdk/drivers/robei_IT.o
 .debug_info    0x0000000000002f31      0xffc ./robei_sdk/drivers/robei_UART.o
 .debug_info    0x0000000000003f2d      0x15e ./robei_sdk/libwrap/misc/write_hex.o
 .debug_info    0x000000000000408b      0x12f ./robei_sdk/libwrap/sys/_exit.o
 .debug_info    0x00000000000041ba      0x996 ./robei_sdk/libwrap/sys/close.o
 .debug_info    0x0000000000004b50      0xc23 ./robei_sdk/libwrap/sys/fstat.o
 .debug_info    0x0000000000005773       0xf7 ./robei_sdk/libwrap/sys/isatty.o
 .debug_info    0x000000000000586a      0xa1a ./robei_sdk/libwrap/sys/lseek.o
 .debug_info    0x0000000000006284      0xa1a ./robei_sdk/libwrap/sys/read.o
 .debug_info    0x0000000000006c9e       0xf1 ./robei_sdk/libwrap/sys/sbrk.o
 .debug_info    0x0000000000006d8f      0xa7d ./robei_sdk/libwrap/sys/write.o

.debug_abbrev   0x0000000000000000     0x17ef
 .debug_abbrev  0x0000000000000000      0x1db ./src/main.o
 .debug_abbrev  0x00000000000001db       0x14 ./robei_sdk/env/rtos_start.o
 .debug_abbrev  0x00000000000001ef       0x14 ./robei_sdk/env/start.o
 .debug_abbrev  0x0000000000000203      0x1d0 ./robei_sdk/env/robei/init.o
 .debug_abbrev  0x00000000000003d3      0x217 ./robei_sdk/drivers/robei_WWDG.o
 .debug_abbrev  0x00000000000005ea      0x243 ./robei_sdk/drivers/robei_IT.o
 .debug_abbrev  0x000000000000082d      0x2d8 ./robei_sdk/drivers/robei_UART.o
 .debug_abbrev  0x0000000000000b05       0xae ./robei_sdk/libwrap/misc/write_hex.o
 .debug_abbrev  0x0000000000000bb3       0xb8 ./robei_sdk/libwrap/sys/_exit.o
 .debug_abbrev  0x0000000000000c6b      0x206 ./robei_sdk/libwrap/sys/close.o
 .debug_abbrev  0x0000000000000e71      0x206 ./robei_sdk/libwrap/sys/fstat.o
 .debug_abbrev  0x0000000000001077       0x76 ./robei_sdk/libwrap/sys/isatty.o
 .debug_abbrev  0x00000000000010ed      0x206 ./robei_sdk/libwrap/sys/lseek.o
 .debug_abbrev  0x00000000000012f3      0x206 ./robei_sdk/libwrap/sys/read.o
 .debug_abbrev  0x00000000000014f9       0xad ./robei_sdk/libwrap/sys/sbrk.o
 .debug_abbrev  0x00000000000015a6      0x249 ./robei_sdk/libwrap/sys/write.o

.debug_aranges  0x0000000000000000      0x490
 .debug_aranges
                0x0000000000000000       0x20 ./src/main.o
 .debug_aranges
                0x0000000000000020       0x20 ./robei_sdk/env/rtos_start.o
 .debug_aranges
                0x0000000000000040       0x20 ./robei_sdk/env/start.o
 .debug_aranges
                0x0000000000000060       0x28 ./robei_sdk/env/robei/init.o
 .debug_aranges
                0x0000000000000088       0x38 ./robei_sdk/drivers/robei_WWDG.o
 .debug_aranges
                0x00000000000000c0      0x1c0 ./robei_sdk/drivers/robei_IT.o
 .debug_aranges
                0x0000000000000280       0xc8 ./robei_sdk/drivers/robei_UART.o
 .debug_aranges
                0x0000000000000348       0x20 ./robei_sdk/libwrap/misc/write_hex.o
 .debug_aranges
                0x0000000000000368       0x20 ./robei_sdk/libwrap/sys/_exit.o
 .debug_aranges
                0x0000000000000388       0x28 ./robei_sdk/libwrap/sys/close.o
 .debug_aranges
                0x00000000000003b0       0x28 ./robei_sdk/libwrap/sys/fstat.o
 .debug_aranges
                0x00000000000003d8       0x20 ./robei_sdk/libwrap/sys/isatty.o
 .debug_aranges
                0x00000000000003f8       0x28 ./robei_sdk/libwrap/sys/lseek.o
 .debug_aranges
                0x0000000000000420       0x28 ./robei_sdk/libwrap/sys/read.o
 .debug_aranges
                0x0000000000000448       0x20 ./robei_sdk/libwrap/sys/sbrk.o
 .debug_aranges
                0x0000000000000468       0x28 ./robei_sdk/libwrap/sys/write.o

.debug_ranges   0x0000000000000000      0x370
 .debug_ranges  0x0000000000000000       0x10 ./src/main.o
 .debug_ranges  0x0000000000000010       0x18 ./robei_sdk/env/robei/init.o
 .debug_ranges  0x0000000000000028       0x28 ./robei_sdk/drivers/robei_WWDG.o
 .debug_ranges  0x0000000000000050      0x1b0 ./robei_sdk/drivers/robei_IT.o
 .debug_ranges  0x0000000000000200       0xb8 ./robei_sdk/drivers/robei_UART.o
 .debug_ranges  0x00000000000002b8       0x10 ./robei_sdk/libwrap/misc/write_hex.o
 .debug_ranges  0x00000000000002c8       0x10 ./robei_sdk/libwrap/sys/_exit.o
 .debug_ranges  0x00000000000002d8       0x18 ./robei_sdk/libwrap/sys/close.o
 .debug_ranges  0x00000000000002f0       0x18 ./robei_sdk/libwrap/sys/fstat.o
 .debug_ranges  0x0000000000000308       0x10 ./robei_sdk/libwrap/sys/isatty.o
 .debug_ranges  0x0000000000000318       0x18 ./robei_sdk/libwrap/sys/lseek.o
 .debug_ranges  0x0000000000000330       0x18 ./robei_sdk/libwrap/sys/read.o
 .debug_ranges  0x0000000000000348       0x10 ./robei_sdk/libwrap/sys/sbrk.o
 .debug_ranges  0x0000000000000358       0x18 ./robei_sdk/libwrap/sys/write.o

.debug_macro    0x0000000000000000     0x7148
 .debug_macro   0x0000000000000000      0x28b ./src/main.o
 .debug_macro   0x000000000000028b      0x754 ./src/main.o
 .debug_macro   0x00000000000009df       0x22 ./src/main.o
 .debug_macro   0x0000000000000a01       0x8e ./src/main.o
 .debug_macro   0x0000000000000a8f       0x51 ./src/main.o
 .debug_macro   0x0000000000000ae0      0x174 ./src/main.o
 .debug_macro   0x0000000000000c54      0x330 ./src/main.o
 .debug_macro   0x0000000000000f84       0x16 ./src/main.o
 .debug_macro   0x0000000000000f9a       0x22 ./src/main.o
 .debug_macro   0x0000000000000fbc      0x33c ./src/main.o
 .debug_macro   0x00000000000012f8       0xef ./src/main.o
 .debug_macro   0x00000000000013e7       0x6a ./src/main.o
 .debug_macro   0x0000000000001451      0x1df ./src/main.o
 .debug_macro   0x0000000000001630       0x19 ./src/main.o
 .debug_macro   0x0000000000001649       0x4c ./src/main.o
 .debug_macro   0x0000000000001695       0x19 ./src/main.o
 .debug_macro   0x00000000000016ae       0x34 ./src/main.o
 .debug_macro   0x00000000000016e2       0x34 ./src/main.o
 .debug_macro   0x0000000000001716       0x16 ./src/main.o
 .debug_macro   0x000000000000172c       0x35 ./src/main.o
 .debug_macro   0x0000000000001761       0x10 ./src/main.o
 .debug_macro   0x0000000000001771       0x52 ./src/main.o
 .debug_macro   0x00000000000017c3       0x1f ./src/main.o
 .debug_macro   0x00000000000017e2       0x43 ./src/main.o
 .debug_macro   0x0000000000001825       0x20 ./src/main.o
 .debug_macro   0x0000000000001845      0x18e ./src/main.o
 .debug_macro   0x00000000000019d3       0x10 ./src/main.o
 .debug_macro   0x00000000000019e3       0x1c ./src/main.o
 .debug_macro   0x00000000000019ff       0x52 ./src/main.o
 .debug_macro   0x0000000000001a51       0x40 ./src/main.o
 .debug_macro   0x0000000000001a91       0x10 ./src/main.o
 .debug_macro   0x0000000000001aa1       0x40 ./src/main.o
 .debug_macro   0x0000000000001ae1       0xd7 ./src/main.o
 .debug_macro   0x0000000000001bb8       0x1c ./src/main.o
 .debug_macro   0x0000000000001bd4       0x3d ./src/main.o
 .debug_macro   0x0000000000001c11       0x16 ./src/main.o
 .debug_macro   0x0000000000001c27      0x16f ./src/main.o
 .debug_macro   0x0000000000001d96       0x10 ./src/main.o
 .debug_macro   0x0000000000001da6       0x8e ./src/main.o
 .debug_macro   0x0000000000001e34      0x17e ./src/main.o
 .debug_macro   0x0000000000001fb2       0xac ./src/main.o
 .debug_macro   0x000000000000205e       0x8e ./src/main.o
 .debug_macro   0x00000000000020ec      0x3a7 ./src/main.o
 .debug_macro   0x0000000000002493      0x330 ./src/main.o
 .debug_macro   0x00000000000027c3      0x11e ./src/main.o
 .debug_macro   0x00000000000028e1      0x22c ./src/main.o
 .debug_macro   0x0000000000002b0d      0x3e1 ./src/main.o
 .debug_macro   0x0000000000002eee      0x1e7 ./src/main.o
 .debug_macro   0x00000000000030d5      0x1f4 ./src/main.o
 .debug_macro   0x00000000000032c9      0x23e ./src/main.o
 .debug_macro   0x0000000000003507      0x1f0 ./src/main.o
 .debug_macro   0x00000000000036f7      0x13c ./src/main.o
 .debug_macro   0x0000000000003833       0x16 ./src/main.o
 .debug_macro   0x0000000000003849      0x1df ./robei_sdk/env/robei/init.o
 .debug_macro   0x0000000000003a28       0x16 ./robei_sdk/env/robei/init.o
 .debug_macro   0x0000000000003a3e      0x51a ./robei_sdk/env/robei/init.o
 .debug_macro   0x0000000000003f58      0x295 ./robei_sdk/drivers/robei_WWDG.o
 .debug_macro   0x00000000000041ed      0x29e ./robei_sdk/drivers/robei_IT.o
 .debug_macro   0x000000000000448b     0x1584 ./robei_sdk/drivers/robei_IT.o
 .debug_macro   0x0000000000005a0f      0x299 ./robei_sdk/drivers/robei_UART.o
 .debug_macro   0x0000000000005ca8      0x1a4 ./robei_sdk/libwrap/misc/write_hex.o
 .debug_macro   0x0000000000005e4c       0x10 ./robei_sdk/libwrap/misc/write_hex.o
 .debug_macro   0x0000000000005e5c      0x351 ./robei_sdk/libwrap/misc/write_hex.o
 .debug_macro   0x00000000000061ad      0x1b3 ./robei_sdk/libwrap/sys/_exit.o
 .debug_macro   0x0000000000006360       0x10 ./robei_sdk/libwrap/sys/_exit.o
 .debug_macro   0x0000000000006370       0xef ./robei_sdk/libwrap/sys/close.o
 .debug_macro   0x000000000000645f       0x10 ./robei_sdk/libwrap/sys/close.o
 .debug_macro   0x000000000000646f      0x23b ./robei_sdk/libwrap/sys/close.o
 .debug_macro   0x00000000000066aa      0x1eb ./robei_sdk/libwrap/sys/fstat.o
 .debug_macro   0x0000000000006895       0x10 ./robei_sdk/libwrap/sys/fstat.o
 .debug_macro   0x00000000000068a5       0x10 ./robei_sdk/libwrap/sys/fstat.o
 .debug_macro   0x00000000000068b5       0x10 ./robei_sdk/libwrap/sys/fstat.o
 .debug_macro   0x00000000000068c5       0x35 ./robei_sdk/libwrap/sys/fstat.o
 .debug_macro   0x00000000000068fa      0x122 ./robei_sdk/libwrap/sys/fstat.o
 .debug_macro   0x0000000000006a1c      0x174 ./robei_sdk/libwrap/sys/isatty.o
 .debug_macro   0x0000000000006b90      0x1a3 ./robei_sdk/libwrap/sys/lseek.o
 .debug_macro   0x0000000000006d33      0x1dc ./robei_sdk/libwrap/sys/read.o
 .debug_macro   0x0000000000006f0f       0x5d ./robei_sdk/libwrap/sys/sbrk.o
 .debug_macro   0x0000000000006f6c      0x1dc ./robei_sdk/libwrap/sys/write.o

.debug_line     0x0000000000000000     0x4b5f
 .debug_line    0x0000000000000000      0x4a2 ./src/main.o
 .debug_line    0x00000000000004a2      0x10b ./robei_sdk/env/rtos_start.o
 .debug_line    0x00000000000005ad      0x70c ./robei_sdk/env/start.o
 .debug_line    0x0000000000000cb9      0x33c ./robei_sdk/env/robei/init.o
 .debug_line    0x0000000000000ff5      0x5b4 ./robei_sdk/drivers/robei_WWDG.o
 .debug_line    0x00000000000015a9      0xc62 ./robei_sdk/drivers/robei_IT.o
 .debug_line    0x000000000000220b      0xae4 ./robei_sdk/drivers/robei_UART.o
 .debug_line    0x0000000000002cef      0x404 ./robei_sdk/libwrap/misc/write_hex.o
 .debug_line    0x00000000000030f3      0x399 ./robei_sdk/libwrap/sys/_exit.o
 .debug_line    0x000000000000348c      0x28e ./robei_sdk/libwrap/sys/close.o
 .debug_line    0x000000000000371a      0x391 ./robei_sdk/libwrap/sys/fstat.o
 .debug_line    0x0000000000003aab      0x314 ./robei_sdk/libwrap/sys/isatty.o
 .debug_line    0x0000000000003dbf      0x35e ./robei_sdk/libwrap/sys/lseek.o
 .debug_line    0x000000000000411d      0x3d1 ./robei_sdk/libwrap/sys/read.o
 .debug_line    0x00000000000044ee      0x227 ./robei_sdk/libwrap/sys/sbrk.o
 .debug_line    0x0000000000004715      0x44a ./robei_sdk/libwrap/sys/write.o

.debug_str      0x0000000000000000    0x16120
 .debug_str     0x0000000000000000     0xf587 ./src/main.o
                                       0xfae5 (size before relaxing)
 .debug_str     0x000000000000f587       0x27 ./robei_sdk/env/rtos_start.o
                                         0x3b (size before relaxing)
 .debug_str     0x000000000000f5ae       0x16 ./robei_sdk/env/start.o
                                         0x36 (size before relaxing)
 .debug_str     0x000000000000f5c4      0xff9 ./robei_sdk/env/robei/init.o
                                       0x82e3 (size before relaxing)
 .debug_str     0x00000000000105bd       0x77 ./robei_sdk/drivers/robei_WWDG.o
                                       0xfb5c (size before relaxing)
 .debug_str     0x0000000000010634     0x4bb3 ./robei_sdk/drivers/robei_IT.o
                                      0x14688 (size before relaxing)
 .debug_str     0x00000000000151e7      0x21e ./robei_sdk/drivers/robei_UART.o
                                       0xfd45 (size before relaxing)
 .debug_str     0x0000000000015405       0x3b ./robei_sdk/libwrap/misc/write_hex.o
                                       0x7dcc (size before relaxing)
 .debug_str     0x0000000000015440       0xcf ./robei_sdk/libwrap/sys/_exit.o
                                       0x7e58 (size before relaxing)
 .debug_str     0x000000000001550f      0x4c3 ./robei_sdk/libwrap/sys/close.o
                                       0x5aa6 (size before relaxing)
 .debug_str     0x00000000000159d2      0x64e ./robei_sdk/libwrap/sys/fstat.o
                                       0x7e30 (size before relaxing)
 .debug_str     0x0000000000016020       0x2d ./robei_sdk/libwrap/sys/isatty.o
                                       0x6268 (size before relaxing)
 .debug_str     0x000000000001604d       0x2b ./robei_sdk/libwrap/sys/lseek.o
                                       0x77a6 (size before relaxing)
 .debug_str     0x0000000000016078       0x29 ./robei_sdk/libwrap/sys/read.o
                                       0x9381 (size before relaxing)
 .debug_str     0x00000000000160a1       0x3f ./robei_sdk/libwrap/sys/sbrk.o
                                       0x4019 (size before relaxing)
 .debug_str     0x00000000000160e0       0x40 ./robei_sdk/libwrap/sys/write.o
                                       0x93aa (size before relaxing)

.comment        0x0000000000000000       0x11
 .comment       0x0000000000000000       0x11 ./src/main.o
                                         0x12 (size before relaxing)
 .comment       0x0000000000000011       0x12 ./robei_sdk/env/robei/init.o
 .comment       0x0000000000000011       0x12 ./robei_sdk/drivers/robei_WWDG.o
 .comment       0x0000000000000011       0x12 ./robei_sdk/drivers/robei_IT.o
 .comment       0x0000000000000011       0x12 ./robei_sdk/drivers/robei_UART.o
 .comment       0x0000000000000011       0x12 ./robei_sdk/libwrap/misc/write_hex.o
 .comment       0x0000000000000011       0x12 ./robei_sdk/libwrap/sys/_exit.o
 .comment       0x0000000000000011       0x12 ./robei_sdk/libwrap/sys/close.o
 .comment       0x0000000000000011       0x12 ./robei_sdk/libwrap/sys/fstat.o
 .comment       0x0000000000000011       0x12 ./robei_sdk/libwrap/sys/isatty.o
 .comment       0x0000000000000011       0x12 ./robei_sdk/libwrap/sys/lseek.o
 .comment       0x0000000000000011       0x12 ./robei_sdk/libwrap/sys/read.o
 .comment       0x0000000000000011       0x12 ./robei_sdk/libwrap/sys/sbrk.o
 .comment       0x0000000000000011       0x12 ./robei_sdk/libwrap/sys/write.o
 .comment       0x0000000000000011       0x12 d:/robeiide/tool/riscv64-unknown-elf-gcc/bin/../lib/gcc/riscv64-unknown-elf/8.1.0/../../../../riscv64-unknown-elf/lib/rv32im/ilp32\libc_nano.a(lib_a-atexit.o)
 .comment       0x0000000000000011       0x12 d:/robeiide/tool/riscv64-unknown-elf-gcc/bin/../lib/gcc/riscv64-unknown-elf/8.1.0/../../../../riscv64-unknown-elf/lib/rv32im/ilp32\libc_nano.a(lib_a-exit.o)
 .comment       0x0000000000000011       0x12 d:/robeiide/tool/riscv64-unknown-elf-gcc/bin/../lib/gcc/riscv64-unknown-elf/8.1.0/../../../../riscv64-unknown-elf/lib/rv32im/ilp32\libc_nano.a(lib_a-fini.o)
 .comment       0x0000000000000011       0x12 d:/robeiide/tool/riscv64-unknown-elf-gcc/bin/../lib/gcc/riscv64-unknown-elf/8.1.0/../../../../riscv64-unknown-elf/lib/rv32im/ilp32\libc_nano.a(lib_a-impure.o)
 .comment       0x0000000000000011       0x12 d:/robeiide/tool/riscv64-unknown-elf-gcc/bin/../lib/gcc/riscv64-unknown-elf/8.1.0/../../../../riscv64-unknown-elf/lib/rv32im/ilp32\libc_nano.a(lib_a-init.o)
 .comment       0x0000000000000011       0x12 d:/robeiide/tool/riscv64-unknown-elf-gcc/bin/../lib/gcc/riscv64-unknown-elf/8.1.0/../../../../riscv64-unknown-elf/lib/rv32im/ilp32\libc_nano.a(lib_a-printf.o)
 .comment       0x0000000000000011       0x12 d:/robeiide/tool/riscv64-unknown-elf-gcc/bin/../lib/gcc/riscv64-unknown-elf/8.1.0/../../../../riscv64-unknown-elf/lib/rv32im/ilp32\libc_nano.a(lib_a-__atexit.o)
 .comment       0x0000000000000011       0x12 d:/robeiide/tool/riscv64-unknown-elf-gcc/bin/../lib/gcc/riscv64-unknown-elf/8.1.0/../../../../riscv64-unknown-elf/lib/rv32im/ilp32\libc_nano.a(lib_a-__call_atexit.o)
 .comment       0x0000000000000011       0x12 d:/robeiide/tool/riscv64-unknown-elf-gcc/bin/../lib/gcc/riscv64-unknown-elf/8.1.0/../../../../riscv64-unknown-elf/lib/rv32im/ilp32\libc_nano.a(lib_a-findfp.o)
 .comment       0x0000000000000011       0x12 d:/robeiide/tool/riscv64-unknown-elf-gcc/bin/../lib/gcc/riscv64-unknown-elf/8.1.0/../../../../riscv64-unknown-elf/lib/rv32im/ilp32\libc_nano.a(lib_a-fwalk.o)
 .comment       0x0000000000000011       0x12 d:/robeiide/tool/riscv64-unknown-elf-gcc/bin/../lib/gcc/riscv64-unknown-elf/8.1.0/../../../../riscv64-unknown-elf/lib/rv32im/ilp32\libc_nano.a(lib_a-nano-mallocr.o)
 .comment       0x0000000000000011       0x12 d:/robeiide/tool/riscv64-unknown-elf-gcc/bin/../lib/gcc/riscv64-unknown-elf/8.1.0/../../../../riscv64-unknown-elf/lib/rv32im/ilp32\libc_nano.a(lib_a-nano-vfprintf.o)
 .comment       0x0000000000000011       0x12 d:/robeiide/tool/riscv64-unknown-elf-gcc/bin/../lib/gcc/riscv64-unknown-elf/8.1.0/../../../../riscv64-unknown-elf/lib/rv32im/ilp32\libc_nano.a(lib_a-sbrkr.o)
 .comment       0x0000000000000011       0x12 d:/robeiide/tool/riscv64-unknown-elf-gcc/bin/../lib/gcc/riscv64-unknown-elf/8.1.0/../../../../riscv64-unknown-elf/lib/rv32im/ilp32\libc_nano.a(lib_a-stdio.o)
 .comment       0x0000000000000011       0x12 d:/robeiide/tool/riscv64-unknown-elf-gcc/bin/../lib/gcc/riscv64-unknown-elf/8.1.0/../../../../riscv64-unknown-elf/lib/rv32im/ilp32\libc_nano.a(lib_a-wbuf.o)
 .comment       0x0000000000000011       0x12 d:/robeiide/tool/riscv64-unknown-elf-gcc/bin/../lib/gcc/riscv64-unknown-elf/8.1.0/../../../../riscv64-unknown-elf/lib/rv32im/ilp32\libc_nano.a(lib_a-writer.o)
 .comment       0x0000000000000011       0x12 d:/robeiide/tool/riscv64-unknown-elf-gcc/bin/../lib/gcc/riscv64-unknown-elf/8.1.0/../../../../riscv64-unknown-elf/lib/rv32im/ilp32\libc_nano.a(lib_a-wsetup.o)
 .comment       0x0000000000000011       0x12 d:/robeiide/tool/riscv64-unknown-elf-gcc/bin/../lib/gcc/riscv64-unknown-elf/8.1.0/../../../../riscv64-unknown-elf/lib/rv32im/ilp32\libc_nano.a(lib_a-closer.o)
 .comment       0x0000000000000011       0x12 d:/robeiide/tool/riscv64-unknown-elf-gcc/bin/../lib/gcc/riscv64-unknown-elf/8.1.0/../../../../riscv64-unknown-elf/lib/rv32im/ilp32\libc_nano.a(lib_a-fflush.o)
 .comment       0x0000000000000011       0x12 d:/robeiide/tool/riscv64-unknown-elf-gcc/bin/../lib/gcc/riscv64-unknown-elf/8.1.0/../../../../riscv64-unknown-elf/lib/rv32im/ilp32\libc_nano.a(lib_a-lseekr.o)
 .comment       0x0000000000000011       0x12 d:/robeiide/tool/riscv64-unknown-elf-gcc/bin/../lib/gcc/riscv64-unknown-elf/8.1.0/../../../../riscv64-unknown-elf/lib/rv32im/ilp32\libc_nano.a(lib_a-makebuf.o)
 .comment       0x0000000000000011       0x12 d:/robeiide/tool/riscv64-unknown-elf-gcc/bin/../lib/gcc/riscv64-unknown-elf/8.1.0/../../../../riscv64-unknown-elf/lib/rv32im/ilp32\libc_nano.a(lib_a-memchr.o)
 .comment       0x0000000000000011       0x12 d:/robeiide/tool/riscv64-unknown-elf-gcc/bin/../lib/gcc/riscv64-unknown-elf/8.1.0/../../../../riscv64-unknown-elf/lib/rv32im/ilp32\libc_nano.a(lib_a-mlock.o)
 .comment       0x0000000000000011       0x12 d:/robeiide/tool/riscv64-unknown-elf-gcc/bin/../lib/gcc/riscv64-unknown-elf/8.1.0/../../../../riscv64-unknown-elf/lib/rv32im/ilp32\libc_nano.a(lib_a-nano-freer.o)
 .comment       0x0000000000000011       0x12 d:/robeiide/tool/riscv64-unknown-elf-gcc/bin/../lib/gcc/riscv64-unknown-elf/8.1.0/../../../../riscv64-unknown-elf/lib/rv32im/ilp32\libc_nano.a(lib_a-nano-vfprintf_i.o)
 .comment       0x0000000000000011       0x12 d:/robeiide/tool/riscv64-unknown-elf-gcc/bin/../lib/gcc/riscv64-unknown-elf/8.1.0/../../../../riscv64-unknown-elf/lib/rv32im/ilp32\libc_nano.a(lib_a-readr.o)
 .comment       0x0000000000000011       0x12 d:/robeiide/tool/riscv64-unknown-elf-gcc/bin/../lib/gcc/riscv64-unknown-elf/8.1.0/../../../../riscv64-unknown-elf/lib/rv32im/ilp32\libc_nano.a(lib_a-reent.o)
 .comment       0x0000000000000011       0x12 d:/robeiide/tool/riscv64-unknown-elf-gcc/bin/../lib/gcc/riscv64-unknown-elf/8.1.0/../../../../riscv64-unknown-elf/lib/rv32im/ilp32\libc_nano.a(lib_a-fstatr.o)
 .comment       0x0000000000000011       0x12 d:/robeiide/tool/riscv64-unknown-elf-gcc/bin/../lib/gcc/riscv64-unknown-elf/8.1.0/../../../../riscv64-unknown-elf/lib/rv32im/ilp32\libc_nano.a(lib_a-isattyr.o)

.debug_frame    0x0000000000000000      0xd08
 .debug_frame   0x0000000000000000       0x34 ./src/main.o
 .debug_frame   0x0000000000000034       0x50 ./robei_sdk/env/robei/init.o
 .debug_frame   0x0000000000000084       0x94 ./robei_sdk/drivers/robei_WWDG.o
 .debug_frame   0x0000000000000118      0x6b0 ./robei_sdk/drivers/robei_IT.o
 .debug_frame   0x00000000000007c8      0x2dc ./robei_sdk/drivers/robei_UART.o
 .debug_frame   0x0000000000000aa4       0x34 ./robei_sdk/libwrap/misc/write_hex.o
 .debug_frame   0x0000000000000ad8       0x2c ./robei_sdk/libwrap/sys/_exit.o
 .debug_frame   0x0000000000000b04       0x54 ./robei_sdk/libwrap/sys/close.o
 .debug_frame   0x0000000000000b58       0x54 ./robei_sdk/libwrap/sys/fstat.o
 .debug_frame   0x0000000000000bac       0x30 ./robei_sdk/libwrap/sys/isatty.o
 .debug_frame   0x0000000000000bdc       0x54 ./robei_sdk/libwrap/sys/lseek.o
 .debug_frame   0x0000000000000c30       0x54 ./robei_sdk/libwrap/sys/read.o
 .debug_frame   0x0000000000000c84       0x30 ./robei_sdk/libwrap/sys/sbrk.o
 .debug_frame   0x0000000000000cb4       0x54 ./robei_sdk/libwrap/sys/write.o
