Archive member included to satisfy reference by file (symbol)

c:/program files/robeiide/tool/riscv64-unknown-elf-gcc/bin/../lib/gcc/riscv64-unknown-elf/8.1.0/../../../../riscv64-unknown-elf/lib/rv32im/ilp32\libc_nano.a(lib_a-atexit.o)
                              ./robei_sdk/env/rtos_start.o (atexit)
c:/program files/robeiide/tool/riscv64-unknown-elf-gcc/bin/../lib/gcc/riscv64-unknown-elf/8.1.0/../../../../riscv64-unknown-elf/lib/rv32im/ilp32\libc_nano.a(lib_a-exit.o)
                              ./robei_sdk/env/rtos_start.o (exit)
c:/program files/robeiide/tool/riscv64-unknown-elf-gcc/bin/../lib/gcc/riscv64-unknown-elf/8.1.0/../../../../riscv64-unknown-elf/lib/rv32im/ilp32\libc_nano.a(lib_a-fini.o)
                              ./robei_sdk/env/rtos_start.o (__libc_fini_array)
c:/program files/robeiide/tool/riscv64-unknown-elf-gcc/bin/../lib/gcc/riscv64-unknown-elf/8.1.0/../../../../riscv64-unknown-elf/lib/rv32im/ilp32\libc_nano.a(lib_a-impure.o)
                              c:/program files/robeiide/tool/riscv64-unknown-elf-gcc/bin/../lib/gcc/riscv64-unknown-elf/8.1.0/../../../../riscv64-unknown-elf/lib/rv32im/ilp32\libc_nano.a(lib_a-exit.o) (_global_impure_ptr)
c:/program files/robeiide/tool/riscv64-unknown-elf-gcc/bin/../lib/gcc/riscv64-unknown-elf/8.1.0/../../../../riscv64-unknown-elf/lib/rv32im/ilp32\libc_nano.a(lib_a-init.o)
                              ./robei_sdk/env/rtos_start.o (__libc_init_array)
c:/program files/robeiide/tool/riscv64-unknown-elf-gcc/bin/../lib/gcc/riscv64-unknown-elf/8.1.0/../../../../riscv64-unknown-elf/lib/rv32im/ilp32\libc_nano.a(lib_a-printf.o)
                              ./src/main.o (printf)
c:/program files/robeiide/tool/riscv64-unknown-elf-gcc/bin/../lib/gcc/riscv64-unknown-elf/8.1.0/../../../../riscv64-unknown-elf/lib/rv32im/ilp32\libc_nano.a(lib_a-__atexit.o)
                              c:/program files/robeiide/tool/riscv64-unknown-elf-gcc/bin/../lib/gcc/riscv64-unknown-elf/8.1.0/../../../../riscv64-unknown-elf/lib/rv32im/ilp32\libc_nano.a(lib_a-atexit.o) (__register_exitproc)
c:/program files/robeiide/tool/riscv64-unknown-elf-gcc/bin/../lib/gcc/riscv64-unknown-elf/8.1.0/../../../../riscv64-unknown-elf/lib/rv32im/ilp32\libc_nano.a(lib_a-__call_atexit.o)
                              c:/program files/robeiide/tool/riscv64-unknown-elf-gcc/bin/../lib/gcc/riscv64-unknown-elf/8.1.0/../../../../riscv64-unknown-elf/lib/rv32im/ilp32\libc_nano.a(lib_a-__atexit.o) (__call_exitprocs)
c:/program files/robeiide/tool/riscv64-unknown-elf-gcc/bin/../lib/gcc/riscv64-unknown-elf/8.1.0/../../../../riscv64-unknown-elf/lib/rv32im/ilp32\libc_nano.a(lib_a-findfp.o)
                              c:/program files/robeiide/tool/riscv64-unknown-elf-gcc/bin/../lib/gcc/riscv64-unknown-elf/8.1.0/../../../../riscv64-unknown-elf/lib/rv32im/ilp32\libc_nano.a(lib_a-printf.o) (__sinit)
c:/program files/robeiide/tool/riscv64-unknown-elf-gcc/bin/../lib/gcc/riscv64-unknown-elf/8.1.0/../../../../riscv64-unknown-elf/lib/rv32im/ilp32\libc_nano.a(lib_a-fwalk.o)
                              c:/program files/robeiide/tool/riscv64-unknown-elf-gcc/bin/../lib/gcc/riscv64-unknown-elf/8.1.0/../../../../riscv64-unknown-elf/lib/rv32im/ilp32\libc_nano.a(lib_a-findfp.o) (_fwalk)
c:/program files/robeiide/tool/riscv64-unknown-elf-gcc/bin/../lib/gcc/riscv64-unknown-elf/8.1.0/../../../../riscv64-unknown-elf/lib/rv32im/ilp32\libc_nano.a(lib_a-memset.o)
                              c:/program files/robeiide/tool/riscv64-unknown-elf-gcc/bin/../lib/gcc/riscv64-unknown-elf/8.1.0/../../../../riscv64-unknown-elf/lib/rv32im/ilp32\libc_nano.a(lib_a-findfp.o) (memset)
c:/program files/robeiide/tool/riscv64-unknown-elf-gcc/bin/../lib/gcc/riscv64-unknown-elf/8.1.0/../../../../riscv64-unknown-elf/lib/rv32im/ilp32\libc_nano.a(lib_a-nano-mallocr.o)
                              c:/program files/robeiide/tool/riscv64-unknown-elf-gcc/bin/../lib/gcc/riscv64-unknown-elf/8.1.0/../../../../riscv64-unknown-elf/lib/rv32im/ilp32\libc_nano.a(lib_a-findfp.o) (_malloc_r)
c:/program files/robeiide/tool/riscv64-unknown-elf-gcc/bin/../lib/gcc/riscv64-unknown-elf/8.1.0/../../../../riscv64-unknown-elf/lib/rv32im/ilp32\libc_nano.a(lib_a-nano-vfprintf.o)
                              c:/program files/robeiide/tool/riscv64-unknown-elf-gcc/bin/../lib/gcc/riscv64-unknown-elf/8.1.0/../../../../riscv64-unknown-elf/lib/rv32im/ilp32\libc_nano.a(lib_a-printf.o) (_vfprintf_r)
c:/program files/robeiide/tool/riscv64-unknown-elf-gcc/bin/../lib/gcc/riscv64-unknown-elf/8.1.0/../../../../riscv64-unknown-elf/lib/rv32im/ilp32\libc_nano.a(lib_a-sbrkr.o)
                              c:/program files/robeiide/tool/riscv64-unknown-elf-gcc/bin/../lib/gcc/riscv64-unknown-elf/8.1.0/../../../../riscv64-unknown-elf/lib/rv32im/ilp32\libc_nano.a(lib_a-nano-mallocr.o) (_sbrk_r)
c:/program files/robeiide/tool/riscv64-unknown-elf-gcc/bin/../lib/gcc/riscv64-unknown-elf/8.1.0/../../../../riscv64-unknown-elf/lib/rv32im/ilp32\libc_nano.a(lib_a-stdio.o)
[...]
Memory Configuration

Name             Origin             Length             Attributes
flash            0x0000000020000000 0x0000000000400000 axrl !w
ram              0x0000000001000000 0x0000000000004000 axw !rl
*default*        0x0000000000000000 0xffffffffffffffff

Linker script and memory map

                0x0000000000000400                __stack_size = 0x400
START GROUP
END GROUP
LOAD ./src/main.o
LOAD ./robei_sdk/env/entry.o
LOAD ./robei_sdk/env/rtos_start.o
LOAD ./robei_sdk/env/start.o
LOAD ./robei_sdk/env/robei/init.o
LOAD ./robei_sdk/drivers/robei_MPU.o
LOAD ./robei_sdk/drivers/robei_GPIO.o
LOAD ./robei_sdk/drivers/robei_DMA.o
LOAD ./robei_sdk/drivers/robei_IIC.o
LOAD ./robei_sdk/drivers/robei_IWDG.o
LOAD ./robei_sdk/drivers/robei_MEMIO.o
LOAD ./robei_sdk/drivers/robei_RTC.o
LOAD ./robei_sdk/drivers/robei_SPI.o
LOAD ./robei_sdk/drivers/robei_SYSCLK.o
LOAD ./robei_sdk/drivers/robei_WWDG.o
LOAD ./robei_sdk/drivers/robei_IT.o
LOAD ./robei_sdk/drivers/robei_UART.o
LOAD ./robei_sdk/drivers/robei_TIM16.o
LOAD ./robei_sdk/drivers/robei_TIM32.o
LOAD ./robei_sdk/libwrap/misc/write_hex.o
LOAD ./robei_sdk/libwrap/stdlib/malloc.o
LOAD ./robei_sdk/libwrap/sys/_exit.o
LOAD ./robei_sdk/libwrap/sys/close.o
LOAD ./robei_sdk/libwrap/sys/execve.o
LOAD ./robei_sdk/libwrap/sys/fork.o
LOAD ./robei_sdk/libwrap/sys/fstat.o
LOAD ./robei_sdk/libwrap/sys/getpid.o
LOAD ./robei_sdk/libwrap/sys/isatty.o
LOAD ./robei_sdk/libwrap/sys/kill.o
LOAD ./robei_sdk/libwrap/sys/link.o
LOAD ./robei_sdk/libwrap/sys/lseek.o
LOAD ./robei_sdk/libwrap/sys/open.o
LOAD ./robei_sdk/libwrap/sys/openat.o
LOAD ./robei_sdk/libwrap/sys/puts.o
LOAD ./robei_sdk/libwrap/sys/read.o
LOAD ./robei_sdk/libwrap/sys/sbrk.o
LOAD ./robei_sdk/libwrap/sys/stat.o
LOAD ./robei_sdk/libwrap/sys/times.o
LOAD ./robei_sdk/libwrap/sys/unlink.o
LOAD ./robei_sdk/libwrap/sys/wait.o
LOAD ./robei_sdk/libwrap/sys/write.o
LOAD c:/program files/robeiide/tool/riscv64-unknown-elf-gcc/bin/../lib/gcc/riscv64-unknown-elf/8.1.0/../../../../riscv64-unknown-elf/lib/rv32im/ilp32\libc_nano.a
LOAD c:/program files/robeiide/tool/riscv64-unknown-elf-gcc/bin/../lib/gcc/riscv64-unknown-elf/8.1.0/rv32im/ilp32\libgcc.a
LOAD c:/program files/robeiide/tool/riscv64-unknown-elf-gcc/bin/../lib/gcc/riscv64-unknown-elf/8.1.0/../../../../riscv64-unknown-elf/lib/rv32im/ilp32\libg_nano.a
LOAD c:/program files/robeiide/tool/riscv64-unknown-elf-gcc/bin/../lib/gcc/riscv64-unknown-elf/8.1.0/../../../../riscv64-unknown-elf/lib/rv32im/ilp32\libc_nano.a
LOAD c:/program files/robeiide/tool/riscv64-unknown-elf-gcc/bin/../lib/gcc/riscv64-unknown-elf/8.1.0/rv32im/ilp32\libgcc.a
START GROUP
LOAD c:/program files/robeiide/tool/riscv64-unknown-elf-gcc/bin/../lib/gcc/riscv64-unknown-elf/8.1.0/rv32im/ilp32\libgcc.a
LOAD c:/program files/robeiide/tool/riscv64-unknown-elf-gcc/bin/../lib/gcc/riscv64-unknown-elf/8.1.0/../../../../riscv64-unknown-elf/lib/rv32im/ilp32\libc_nano.a
LOAD c:/program files/robeiide/tool/riscv64-unknown-elf-gcc/bin/../lib/gcc/riscv64-unknown-elf/8.1.0/../../../../riscv64-unknown-elf/lib/rv32im/ilp32\libgloss_nano.a
END GROUP
                0x0000000000000800                __stack_size = DEFINED (__stack_size)?__stack_size:0x800

.init           0x0000000020000000      0x61c
 *(SORT_NONE(.init))
 .init          0x0000000020000000      0x61c ./robei_sdk/env/start.o
                0x0000000020000000                _start

.text           0x000000002000061c     0x351c
 *(.text.unlikely .text.unlikely.*)
 *(.text.startup .text.startup.*)
 .text.startup.register_fini
                0x000000002000061c       0x1c c:/program files/robeiide/tool/riscv64-unknown-elf-gcc/bin/../lib/gcc/riscv64-unknown-elf/8.1.0/../../../../riscv64-unknown-elf/lib/rv32im/ilp32\libc_nano.a(lib_a-__call_atexit.o)
 *(.text .text.*)
 .text.main     0x0000000020000638      0x1b0 ./src/main.o
                0x0000000020000638                main
 .text          0x00000000200007e8       0x94 ./robei_sdk/env/rtos_start.o
                0x00000000200007e8                _start_after_loder
 .text._init    0x000000002000087c       0x1c ./robei_sdk/env/robei/init.o
                0x000000002000087c                _init
 .text._fini    0x0000000020000898       0x1c ./robei_sdk/env/robei/init.o
                0x0000000020000898                _fini
 .text.Ro_GPIO_Init
                0x00000000200008b4      0x1b4 ./robei_sdk/drivers/robei_GPIO.o
                0x00000000200008b4                Ro_GPIO_Init
 .text.Ro_GPIO_ReadPin
                0x0000000020000a68       0x50 ./robei_sdk/drivers/robei_GPIO.o
                0x0000000020000a68                Ro_GPIO_ReadPin
 .text.Ro_WWDG_Refresh_IT
                0x0000000020000ab8       0x58 ./robei_sdk/drivers/robei_WWDG.o
                0x0000000020000ab8                Ro_WWDG_Refresh_IT
 .text.Ro_GPIO45_IRQHandle
                0x0000000020000b10       0x1c ./robei_sdk/drivers/robei_IT.o
                0x0000000020000b10                Ro_GPIO45_IRQHandle
 .text.Ro_GPIO6_IRQHandle
                0x0000000020000b2c       0x1c ./robei_sdk/drivers/robei_IT.o
                0x0000000020000b2c                Ro_GPIO6_IRQHandle
 .text.Ro_GPIO7_IRQHandle
                0x0000000020000b48       0x1c ./robei_sdk/drivers/robei_IT.o
                0x0000000020000b48                Ro_GPIO7_IRQHandle
 .text.Ro_GPIO0_IRQHandle
                0x0000000020000b64       0x1c ./robei_sdk/drivers/robei_IT.o
                0x0000000020000b64                Ro_GPIO0_IRQHandle
 .text.Ro_GPIO1_IRQHandle
                0x0000000020000b80       0x1c ./robei_sdk/drivers/robei_IT.o
                0x0000000020000b80                Ro_GPIO1_IRQHandle
 .text.Ro_GPIO2_IRQHandle
                0x0000000020000b9c       0x1c ./robei_sdk/drivers/robei_IT.o
                0x0000000020000b9c                Ro_GPIO2_IRQHandle
 .text.Ro_GPIO3_IRQHandle
                0x0000000020000bb8       0x1c ./robei_sdk/drivers/robei_IT.o
                0x0000000020000bb8                Ro_GPIO3_IRQHandle
 .text.Ro_WWDG_IRQHandle
                0x0000000020000bd4       0x2c ./robei_sdk/drivers/robei_IT.o
                0x0000000020000bd4                Ro_WWDG_IRQHandle
 .text.Ro_DMA0_CH01_IRQHandle
                0x0000000020000c00       0x1c ./robei_sdk/drivers/robei_IT.o
                0x0000000020000c00                Ro_DMA0_CH01_IRQHandle
 .text.Ro_DMA1_CH01_IRQHandle
                0x0000000020000c1c       0x1c ./robei_sdk/drivers/robei_IT.o
                0x0000000020000c1c                Ro_DMA1_CH01_IRQHandle
 .text.Ro_DMA01_CH2_IRQHandle
                0x0000000020000c38       0x1c ./robei_sdk/drivers/robei_IT.o
                0x0000000020000c38                Ro_DMA01_CH2_IRQHandle
 .text.Ro_DMA01_CH3_IRQHandle
                0x0000000020000c54       0x1c ./robei_sdk/drivers/robei_IT.o
                0x0000000020000c54                Ro_DMA01_CH3_IRQHandle
 .text.Ro_DMA01_CH4_IRQHandle
                0x0000000020000c70       0x1c ./robei_sdk/drivers/robei_IT.o
                0x0000000020000c70                Ro_DMA01_CH4_IRQHandle
 .text.Ro_DMA01_CH5_IRQHandle
                0x0000000020000c8c       0x1c ./robei_sdk/drivers/robei_IT.o
                0x0000000020000c8c                Ro_DMA01_CH5_IRQHandle
 .text.Ro_DMA01_CH6_IRQHandle
                0x0000000020000ca8       0x1c ./robei_sdk/drivers/robei_IT.o
                0x0000000020000ca8                Ro_DMA01_CH6_IRQHandle
 .text.Ro_TIM16_IRQHandle
                0x0000000020000cc4       0x1c ./robei_sdk/drivers/robei_IT.o
                0x0000000020000cc4                Ro_TIM16_IRQHandle
 .text.Ro_TIM32_IRQHandle
                0x0000000020000ce0       0x1c ./robei_sdk/drivers/robei_IT.o
                0x0000000020000ce0                Ro_TIM32_IRQHandle
 .text.Ro_DMA01_CH7_IRQHandle
                0x0000000020000cfc       0x1c ./robei_sdk/drivers/robei_IT.o
                0x0000000020000cfc                Ro_DMA01_CH7_IRQHandle
 .text.Ro_SSP0_IRQHandle
                0x0000000020000d18       0x1c ./robei_sdk/drivers/robei_IT.o
                0x0000000020000d18                Ro_SSP0_IRQHandle
 .text.Ro_SSP1_IRQHandle
                0x0000000020000d34       0x1c ./robei_sdk/drivers/robei_IT.o
                0x0000000020000d34                Ro_SSP1_IRQHandle
 .text.Ro_SSP2_IRQHandle
                0x0000000020000d50       0x1c ./robei_sdk/drivers/robei_IT.o
                0x0000000020000d50                Ro_SSP2_IRQHandle
 .text.Ro_Adptive_IRQHandle
                0x0000000020000d6c       0x1c ./robei_sdk/drivers/robei_IT.o
                0x0000000020000d6c                Ro_Adptive_IRQHandle
 .text.Ro_UART0_IRQHandle
                0x0000000020000d88       0x1c ./robei_sdk/drivers/robei_IT.o
                0x0000000020000d88                Ro_UART0_IRQHandle
 .text.Ro_UART1_IRQHandle
                0x0000000020000da4       0x1c ./robei_sdk/drivers/robei_IT.o
                0x0000000020000da4                Ro_UART1_IRQHandle
 .text.Ro_IIC_IRQHandle
                0x0000000020000dc0       0x1c ./robei_sdk/drivers/robei_IT.o
                0x0000000020000dc0                Ro_IIC_IRQHandle
 .text.Ro_Crash_IRQHandle
                0x0000000020000ddc       0x1c ./robei_sdk/drivers/robei_IT.o
                0x0000000020000ddc                Ro_Crash_IRQHandle
 .text.uart0_putchar
                0x0000000020000df8       0x48 ./robei_sdk/drivers/robei_UART.o
                0x0000000020000df8                uart0_putchar
 .text.uart1_putchar
                0x0000000020000e40       0x48 ./robei_sdk/drivers/robei_UART.o
                0x0000000020000e40                uart1_putchar
 .text.Ro_Uart_CLK
                0x0000000020000e88       0xdc ./robei_sdk/drivers/robei_UART.o
                0x0000000020000e88                Ro_Uart_CLK
 .text.Ro_Uart_Reset
                0x0000000020000f64       0x54 ./robei_sdk/drivers/robei_UART.o
                0x0000000020000f64                Ro_Uart_Reset
 .text.Ro_Uart_Enable
                0x0000000020000fb8      0x110 ./robei_sdk/drivers/robei_UART.o
                0x0000000020000fb8                Ro_Uart_Enable
 .text.Ro_Uart_ITEnable
                0x00000000200010c8      0x208 ./robei_sdk/drivers/robei_UART.o
                0x00000000200010c8                Ro_Uart_ITEnable
 .text.Ro_Uart_WLS
                0x00000000200012d0       0x84 ./robei_sdk/drivers/robei_UART.o
                0x00000000200012d0                Ro_Uart_WLS
 .text.Ro_Uart_OVS
                0x0000000020001354       0x68 ./robei_sdk/drivers/robei_UART.o
                0x0000000020001354                Ro_Uart_OVS
 .text.Ro_Uart_BaudRate
                0x00000000200013bc       0x64 ./robei_sdk/drivers/robei_UART.o
                0x00000000200013bc                Ro_Uart_BaudRate
 .text.Ro_Uart_Stopbit
                0x0000000020001420       0x64 ./robei_sdk/drivers/robei_UART.o
                0x0000000020001420                Ro_Uart_Stopbit
 .text.Ro_Uart_MSBFST
                0x0000000020001484       0x64 ./robei_sdk/drivers/robei_UART.o
                0x0000000020001484                Ro_Uart_MSBFST
 .text.Ro_Uart_SCKEN
                0x00000000200014e8       0x68 ./robei_sdk/drivers/robei_UART.o
                0x00000000200014e8                Ro_Uart_SCKEN
 .text.Ro_Uart_GPIO
                0x0000000020001550      0x130 ./robei_sdk/drivers/robei_UART.o
                0x0000000020001550                Ro_Uart_GPIO
 .text.Ro_Uart_RxDMA_Enable
                0x0000000020001680       0x6c ./robei_sdk/drivers/robei_UART.o
                0x0000000020001680                Ro_Uart_RxDMA_Enable
 .text.Ro_Uart_DMA_TimeOut
                0x00000000200016ec       0x64 ./robei_sdk/drivers/robei_UART.o
                0x00000000200016ec                Ro_Uart_DMA_TimeOut
 .text.Ro_Init_Uart
                0x0000000020001750       0xd8 ./robei_sdk/drivers/robei_UART.o
                0x0000000020001750                Ro_Init_Uart
 .text.write_hex
                0x0000000020001828       0xd8 ./robei_sdk/libwrap/misc/write_hex.o
                0x0000000020001828                write_hex
 .text.__wrap_exit
                0x0000000020001900       0x94 ./robei_sdk/libwrap/sys/_exit.o
                0x0000000020001900                __wrap_exit
                0x0000000020001900                __wrap__exit
 .text._stub    0x0000000020001994       0x24 ./robei_sdk/libwrap/sys/close.o
 .text.__wrap_close
                0x00000000200019b8       0x34 ./robei_sdk/libwrap/sys/close.o
                0x00000000200019b8                __wrap__close
                0x00000000200019b8                __wrap_close
 .text._stub    0x00000000200019ec       0x24 ./robei_sdk/libwrap/sys/fstat.o
 .text.__wrap_fstat
                0x0000000020001a10       0x5c ./robei_sdk/libwrap/sys/fstat.o
                0x0000000020001a10                __wrap__fstat
                0x0000000020001a10                __wrap_fstat
 .text.__wrap_isatty
                0x0000000020001a6c       0x44 ./robei_sdk/libwrap/sys/isatty.o
                0x0000000020001a6c                __wrap__isatty
                0x0000000020001a6c                __wrap_isatty
 .text._stub    0x0000000020001ab0       0x24 ./robei_sdk/libwrap/sys/lseek.o
 .text.__wrap_lseek
                0x0000000020001ad4       0x54 ./robei_sdk/libwrap/sys/lseek.o
                0x0000000020001ad4                __wrap_lseek
                0x0000000020001ad4                __wrap__lseek
 .text._stub    0x0000000020001b28       0x24 ./robei_sdk/libwrap/sys/read.o
 .text.__wrap_read
                0x0000000020001b4c       0x3c ./robei_sdk/libwrap/sys/read.o
                0x0000000020001b4c                __wrap__read
                0x0000000020001b4c                __wrap_read
 .text.__wrap_sbrk
                0x0000000020001b88       0x9c ./robei_sdk/libwrap/sys/sbrk.o
                0x0000000020001b88                __wrap__sbrk
                0x0000000020001b88                __wrap_sbrk
 .text._stub    0x0000000020001c24       0x24 ./robei_sdk/libwrap/sys/write.o
 .text.__wrap_write
                0x0000000020001c48       0xc4 ./robei_sdk/libwrap/sys/write.o
                0x0000000020001c48                __wrap__write
                0x0000000020001c48                __wrap_write
 .text.atexit   0x0000000020001d0c       0x14 c:/program files/robeiide/tool/riscv64-unknown-elf-gcc/bin/../lib/gcc/riscv64-unknown-elf/8.1.0/../../../../riscv64-unknown-elf/lib/rv32im/ilp32\libc_nano.a(lib_a-atexit.o)
                0x0000000020001d0c                atexit
 .text.exit     0x0000000020001d20       0x44 c:/program files/robeiide/tool/riscv64-unknown-elf-gcc/bin/../lib/gcc/riscv64-unknown-elf/8.1.0/../../../../riscv64-unknown-elf/lib/rv32im/ilp32\libc_nano.a(lib_a-exit.o)
                0x0000000020001d20                exit
 .text.__libc_fini_array
                0x0000000020001d64       0x5c c:/program files/robeiide/tool/riscv64-unknown-elf-gcc/bin/../lib/gcc/riscv64-unknown-elf/8.1.0/../../../../riscv64-unknown-elf/lib/rv32im/ilp32\libc_nano.a(lib_a-fini.o)
                0x0000000020001d64                __libc_fini_array
 .text.__libc_init_array
                0x0000000020001dc0       0xa8 c:/program files/robeiide/tool/riscv64-unknown-elf-gcc/bin/../lib/gcc/riscv64-unknown-elf/8.1.0/../../../../riscv64-unknown-elf/lib/rv32im/ilp32\libc_nano.a(lib_a-init.o)
                0x0000000020001dc0                __libc_init_array
 .text.printf   0x0000000020001e68       0x7c c:/program files/robeiide/tool/riscv64-unknown-elf-gcc/bin/../lib/gcc/riscv64-unknown-elf/8.1.0/../../../../riscv64-unknown-elf/lib/rv32im/ilp32\libc_nano.a(lib_a-printf.o)
                0x0000000020001e68                iprintf
                0x0000000020001e68                printf
 .text.__register_exitproc
                0x0000000020001ee4       0xa4 c:/program files/robeiide/tool/riscv64-unknown-elf-gcc/bin/../lib/gcc/riscv64-unknown-elf/8.1.0/../../../../riscv64-unknown-elf/lib/rv32im/ilp32\libc_nano.a(lib_a-__atexit.o)
                0x0000000020001ee4                __register_exitproc
 .text.__call_exitprocs
                0x0000000020001f88      0x130 c:/program files/robeiide/tool/riscv64-unknown-elf-gcc/bin/../lib/gcc/riscv64-unknown-elf/8.1.0/../../../../riscv64-unknown-elf/lib/rv32im/ilp32\libc_nano.a(lib_a-__call_atexit.o)
                0x0000000020001f88                __call_exitprocs
 .text.std      0x00000000200020b8       0x88 c:/program files/robeiide/tool/riscv64-unknown-elf-gcc/bin/../lib/gcc/riscv64-unknown-elf/8.1.0/../../../../riscv64-unknown-elf/lib/rv32im/ilp32\libc_nano.a(lib_a-findfp.o)
 .text._cleanup_r
                0x0000000020002140        0xc c:/program files/robeiide/tool/riscv64-unknown-elf-gcc/bin/../lib/gcc/riscv64-unknown-elf/8.1.0/../../../../riscv64-unknown-elf/lib/rv32im/ilp32\libc_nano.a(lib_a-findfp.o)
                0x0000000020002140                _cleanup_r
 .text.__sfmoreglue
                0x000000002000214c       0x6c c:/program files/robeiide/tool/riscv64-unknown-elf-gcc/bin/../lib/gcc/riscv64-unknown-elf/8.1.0/../../../../riscv64-unknown-elf/lib/rv32im/ilp32\libc_nano.a(lib_a-findfp.o)
                0x000000002000214c                __sfmoreglue
 .text.__sinit  0x00000000200021b8       0xb4 c:/program files/robeiide/tool/riscv64-unknown-elf-gcc/bin/../lib/gcc/riscv64-unknown-elf/8.1.0/../../../../riscv64-unknown-elf/lib/rv32im/ilp32\libc_nano.a(lib_a-findfp.o)
                0x00000000200021b8                __sinit
 .text.__sfp    0x000000002000226c       0xf0 c:/program files/robeiide/tool/riscv64-unknown-elf-gcc/bin/../lib/gcc/riscv64-unknown-elf/8.1.0/../../../../riscv64-unknown-elf/lib/rv32im/ilp32\libc_nano.a(lib_a-findfp.o)
                0x000000002000226c                __sfp
 .text._fwalk_reent
                0x000000002000235c       0xb4 c:/program files/robeiide/tool/riscv64-unknown-elf-gcc/bin/../lib/gcc/riscv64-unknown-elf/8.1.0/../../../../riscv64-unknown-elf/lib/rv32im/ilp32\libc_nano.a(lib_a-fwalk.o)
                0x000000002000235c                _fwalk_reent
 .text          0x0000000020002410       0xdc c:/program files/robeiide/tool/riscv64-unknown-elf-gcc/bin/../lib/gcc/riscv64-unknown-elf/8.1.0/../../../../riscv64-unknown-elf/lib/rv32im/ilp32\libc_nano.a(lib_a-memset.o)
                0x0000000020002410                memset
 .text._malloc_r
                0x00000000200024ec      0x14c c:/program files/robeiide/tool/riscv64-unknown-elf-gcc/bin/../lib/gcc/riscv64-unknown-elf/8.1.0/../../../../riscv64-unknown-elf/lib/rv32im/ilp32\libc_nano.a(lib_a-nano-mallocr.o)
                0x00000000200024ec                _malloc_r
 .text.__sfputc_r
                0x0000000020002638       0x3c c:/program files/robeiide/tool/riscv64-unknown-elf-gcc/bin/../lib/gcc/riscv64-unknown-elf/8.1.0/../../../../riscv64-unknown-elf/lib/rv32im/ilp32\libc_nano.a(lib_a-nano-vfprintf.o)
 .text.__sfputs_r
                0x0000000020002674       0x74 c:/program files/robeiide/tool/riscv64-unknown-elf-gcc/bin/../lib/gcc/riscv64-unknown-elf/8.1.0/../../../../riscv64-unknown-elf/lib/rv32im/ilp32\libc_nano.a(lib_a-nano-vfprintf.o)
                0x0000000020002674                __sfputs_r
 .text._vfprintf_r
                0x00000000200026e8      0x3c8 c:/program files/robeiide/tool/riscv64-unknown-elf-gcc/bin/../lib/gcc/riscv64-unknown-elf/8.1.0/../../../../riscv64-unknown-elf/lib/rv32im/ilp32\libc_nano.a(lib_a-nano-vfprintf.o)
                0x00000000200026e8                _vfprintf_r
                0x00000000200026e8                _vfiprintf_r
 .text._sbrk_r  0x0000000020002ab0       0x44 c:/program files/robeiide/tool/riscv64-unknown-elf-gcc/bin/../lib/gcc/riscv64-unknown-elf/8.1.0/../../../../riscv64-unknown-elf/lib/rv32im/ilp32\libc_nano.a(lib_a-sbrkr.o)
                0x0000000020002ab0                _sbrk_r
 .text.__sread  0x0000000020002af4       0x50 c:/program files/robeiide/tool/riscv64-unknown-elf-gcc/bin/../lib/gcc/riscv64-unknown-elf/8.1.0/../../../../riscv64-unknown-elf/lib/rv32im/ilp32\libc_nano.a(lib_a-stdio.o)
                0x0000000020002af4                __sread
 .text.__swrite
                0x0000000020002b44       0x84 c:/program files/robeiide/tool/riscv64-unknown-elf-gcc/bin/../lib/gcc/riscv64-unknown-elf/8.1.0/../../../../riscv64-unknown-elf/lib/rv32im/ilp32\libc_nano.a(lib_a-stdio.o)
                0x0000000020002b44                __swrite
 .text.__sseek  0x0000000020002bc8       0x58 c:/program files/robeiide/tool/riscv64-unknown-elf-gcc/bin/../lib/gcc/riscv64-unknown-elf/8.1.0/../../../../riscv64-unknown-elf/lib/rv32im/ilp32\libc_nano.a(lib_a-stdio.o)
                0x0000000020002bc8                __sseek
 .text.__sclose
                0x0000000020002c20        0x8 c:/program files/robeiide/tool/riscv64-unknown-elf-gcc/bin/../lib/gcc/riscv64-unknown-elf/8.1.0/../../../../riscv64-unknown-elf/lib/rv32im/ilp32\libc_nano.a(lib_a-stdio.o)
                0x0000000020002c20                __sclose
 .text.__swbuf_r
                0x0000000020002c28      0x138 c:/program files/robeiide/tool/riscv64-unknown-elf-gcc/bin/../lib/gcc/riscv64-unknown-elf/8.1.0/../../../../riscv64-unknown-elf/lib/rv32im/ilp32\libc_nano.a(lib_a-wbuf.o)
                0x0000000020002c28                __swbuf_r
 .text._write_r
                0x0000000020002d60       0x4c c:/program files/robeiide/tool/riscv64-unknown-elf-gcc/bin/../lib/gcc/riscv64-unknown-elf/8.1.0/../../../../riscv64-unknown-elf/lib/rv32im/ilp32\libc_nano.a(lib_a-writer.o)
                0x0000000020002d60                _write_r
 .text.__swsetup_r
                0x0000000020002dac      0x180 c:/program files/robeiide/tool/riscv64-unknown-elf-gcc/bin/../lib/gcc/riscv64-unknown-elf/8.1.0/../../../../riscv64-unknown-elf/lib/rv32im/ilp32\libc_nano.a(lib_a-wsetup.o)
                0x0000000020002dac                __swsetup_r
 .text._close_r
                0x0000000020002f2c       0x44 c:/program files/robeiide/tool/riscv64-unknown-elf-gcc/bin/../lib/gcc/riscv64-unknown-elf/8.1.0/../../../../riscv64-unknown-elf/lib/rv32im/ilp32\libc_nano.a(lib_a-closer.o)
                0x0000000020002f2c                _close_r
 .text.__sflush_r
                0x0000000020002f70      0x1dc c:/program files/robeiide/tool/riscv64-unknown-elf-gcc/bin/../lib/gcc/riscv64-unknown-elf/8.1.0/../../../../riscv64-unknown-elf/lib/rv32im/ilp32\libc_nano.a(lib_a-fflush.o)
                0x0000000020002f70                __sflush_r
 .text._fflush_r
                0x000000002000314c       0xa0 c:/program files/robeiide/tool/riscv64-unknown-elf-gcc/bin/../lib/gcc/riscv64-unknown-elf/8.1.0/../../../../riscv64-unknown-elf/lib/rv32im/ilp32\libc_nano.a(lib_a-fflush.o)
                0x000000002000314c                _fflush_r
 .text._lseek_r
                0x00000000200031ec       0x4c c:/program files/robeiide/tool/riscv64-unknown-elf-gcc/bin/../lib/gcc/riscv64-unknown-elf/8.1.0/../../../../riscv64-unknown-elf/lib/rv32im/ilp32\libc_nano.a(lib_a-lseekr.o)
                0x00000000200031ec                _lseek_r
 .text.__swhatbuf_r
                0x0000000020003238       0x8c c:/program files/robeiide/tool/riscv64-unknown-elf-gcc/bin/../lib/gcc/riscv64-unknown-elf/8.1.0/../../../../riscv64-unknown-elf/lib/rv32im/ilp32\libc_nano.a(lib_a-makebuf.o)
                0x0000000020003238                __swhatbuf_r
 .text.__smakebuf_r
                0x00000000200032c4       0xf0 c:/program files/robeiide/tool/riscv64-unknown-elf-gcc/bin/../lib/gcc/riscv64-unknown-elf/8.1.0/../../../../riscv64-unknown-elf/lib/rv32im/ilp32\libc_nano.a(lib_a-makebuf.o)
                0x00000000200032c4                __smakebuf_r
 .text.memchr   0x00000000200033b4       0x24 c:/program files/robeiide/tool/riscv64-unknown-elf-gcc/bin/../lib/gcc/riscv64-unknown-elf/8.1.0/../../../../riscv64-unknown-elf/lib/rv32im/ilp32\libc_nano.a(lib_a-memchr.o)
                0x00000000200033b4                memchr
 .text.__malloc_lock
                0x00000000200033d8        0x4 c:/program files/robeiide/tool/riscv64-unknown-elf-gcc/bin/../lib/gcc/riscv64-unknown-elf/8.1.0/../../../../riscv64-unknown-elf/lib/rv32im/ilp32\libc_nano.a(lib_a-mlock.o)
                0x00000000200033d8                __malloc_lock
 .text.__malloc_unlock
                0x00000000200033dc        0x4 c:/program files/robeiide/tool/riscv64-unknown-elf-gcc/bin/../lib/gcc/riscv64-unknown-elf/8.1.0/../../../../riscv64-unknown-elf/lib/rv32im/ilp32\libc_nano.a(lib_a-mlock.o)
                0x00000000200033dc                __malloc_unlock
 .text._free_r  0x00000000200033e0      0x104 c:/program files/robeiide/tool/riscv64-unknown-elf-gcc/bin/../lib/gcc/riscv64-unknown-elf/8.1.0/../../../../riscv64-unknown-elf/lib/rv32im/ilp32\libc_nano.a(lib_a-nano-freer.o)
                0x00000000200033e0                _free_r
 .text._printf_common
                0x00000000200034e4      0x1b0 c:/program files/robeiide/tool/riscv64-unknown-elf-gcc/bin/../lib/gcc/riscv64-unknown-elf/8.1.0/../../../../riscv64-unknown-elf/lib/rv32im/ilp32\libc_nano.a(lib_a-nano-vfprintf_i.o)
                0x00000000200034e4                _printf_common
 .text._printf_i
                0x0000000020003694      0x3cc c:/program files/robeiide/tool/riscv64-unknown-elf-gcc/bin/../lib/gcc/riscv64-unknown-elf/8.1.0/../../../../riscv64-unknown-elf/lib/rv32im/ilp32\libc_nano.a(lib_a-nano-vfprintf_i.o)
                0x0000000020003694                _printf_i
 .text._read_r  0x0000000020003a60       0x4c c:/program files/robeiide/tool/riscv64-unknown-elf-gcc/bin/../lib/gcc/riscv64-unknown-elf/8.1.0/../../../../riscv64-unknown-elf/lib/rv32im/ilp32\libc_nano.a(lib_a-readr.o)
                0x0000000020003a60                _read_r
 .text._fstat_r
                0x0000000020003aac       0x48 c:/program files/robeiide/tool/riscv64-unknown-elf-gcc/bin/../lib/gcc/riscv64-unknown-elf/8.1.0/../../../../riscv64-unknown-elf/lib/rv32im/ilp32\libc_nano.a(lib_a-fstatr.o)
                0x0000000020003aac                _fstat_r
 .text._isatty_r
                0x0000000020003af4       0x44 c:/program files/robeiide/tool/riscv64-unknown-elf-gcc/bin/../lib/gcc/riscv64-unknown-elf/8.1.0/../../../../riscv64-unknown-elf/lib/rv32im/ilp32\libc_nano.a(lib_a-isattyr.o)
                0x0000000020003af4                _isatty_r
 *(.gnu.linkonce.t.*)

.fini
 *(SORT_NONE(.fini))
                [!provide]                        PROVIDE (__etext = .)
                [!provide]                        PROVIDE (_etext = .)
                [!provide]                        PROVIDE (etext = .)

.rodata         0x0000000020003b38      0x100
 *(.rdata)
 *(.rodata .rodata.*)
 .rodata        0x0000000020003b38       0x39 ./src/main.o
 *fill*         0x0000000020003b71        0x3 
 .rodata        0x0000000020003b74        0x3 ./robei_sdk/libwrap/misc/write_hex.o
 *fill*         0x0000000020003b77        0x1 
 .rodata        0x0000000020003b78       0x22 ./robei_sdk/libwrap/sys/_exit.o
 *fill*         0x0000000020003b9a        0x2 
 .rodata.__sf_fake_stderr
                0x0000000020003b9c       0x20 c:/program files/robeiide/tool/riscv64-unknown-elf-gcc/bin/../lib/gcc/riscv64-unknown-elf/8.1.0/../../../../riscv64-unknown-elf/lib/rv32im/ilp32\libc_nano.a(lib_a-findfp.o)
                0x0000000020003b9c                __sf_fake_stderr
 .rodata.__sf_fake_stdin
                0x0000000020003bbc       0x20 c:/program files/robeiide/tool/riscv64-unknown-elf-gcc/bin/../lib/gcc/riscv64-unknown-elf/8.1.0/../../../../riscv64-unknown-elf/lib/rv32im/ilp32\libc_nano.a(lib_a-findfp.o)
                0x0000000020003bbc                __sf_fake_stdin
 .rodata.__sf_fake_stdout
                0x0000000020003bdc       0x20 c:/program files/robeiide/tool/riscv64-unknown-elf-gcc/bin/../lib/gcc/riscv64-unknown-elf/8.1.0/../../../../riscv64-unknown-elf/lib/rv32im/ilp32\libc_nano.a(lib_a-findfp.o)
                0x0000000020003bdc                __sf_fake_stdout
 .rodata._vfprintf_r.str1.4
                0x0000000020003bfc       0x13 c:/program files/robeiide/tool/riscv64-unknown-elf-gcc/bin/../lib/gcc/riscv64-unknown-elf/8.1.0/../../../../riscv64-unknown-elf/lib/rv32im/ilp32\libc_nano.a(lib_a-nano-vfprintf.o)
 *fill*         0x0000000020003c0f        0x1 
 .rodata._printf_i.str1.4
                0x0000000020003c10       0x28 c:/program files/robeiide/tool/riscv64-unknown-elf-gcc/bin/../lib/gcc/riscv64-unknown-elf/8.1.0/../../../../riscv64-unknown-elf/lib/rv32im/ilp32\libc_nano.a(lib_a-nano-vfprintf_i.o)
                                         0x25 (size before relaxing)
 *(.gnu.linkonce.r.*)

.sdata2._global_impure_ptr
                0x0000000020003c38        0x4
 .sdata2._global_impure_ptr
                0x0000000020003c38        0x4 c:/program files/robeiide/tool/riscv64-unknown-elf-gcc/bin/../lib/gcc/riscv64-unknown-elf/8.1.0/../../../../riscv64-unknown-elf/lib/rv32im/ilp32\libc_nano.a(lib_a-impure.o)
                0x0000000020003c38                _global_impure_ptr

.rela.dyn       0x0000000020003c3c        0x0
 .rela.text.main
                0x0000000020003c3c        0x0 ./src/main.o
 .rela.text     0x0000000020003c3c        0x0 ./src/main.o
 .rela.init     0x0000000020003c3c        0x0 ./src/main.o
 .rela.sdata.curbrk.1543
                0x0000000020003c3c        0x0 ./src/main.o
 .rela.text.__wrap_sbrk
                0x0000000020003c3c        0x0 ./src/main.o
 .rela.text.exit
                0x0000000020003c3c        0x0 ./src/main.o
 .rela.text.__libc_fini_array
                0x0000000020003c3c        0x0 ./src/main.o
 .rela.text.__libc_init_array
                0x0000000020003c3c        0x0 ./src/main.o
 .rela.text.__register_exitproc
                0x0000000020003c3c        0x0 ./src/main.o
 .rela.text.startup.register_fini
                0x0000000020003c3c        0x0 ./src/main.o
 .rela.text._vfprintf_r
                0x0000000020003c3c        0x0 ./src/main.o
 .rela.text._sbrk_r
                0x0000000020003c3c        0x0 ./src/main.o
 .rela.text._write_r
                0x0000000020003c3c        0x0 ./src/main.o
 .rela.text._close_r
                0x0000000020003c3c        0x0 ./src/main.o
 .rela.text._lseek_r
                0x0000000020003c3c        0x0 ./src/main.o
 .rela.text._read_r
                0x0000000020003c3c        0x0 ./src/main.o
 .rela.text._fstat_r
                0x0000000020003c3c        0x0 ./src/main.o
 .rela.text._isatty_r
                0x0000000020003c3c        0x0 ./src/main.o
                0x0000000020003c3c                . = ALIGN (0x4)

.preinit_array  0x0000000020003c3c        0x0
                0x0000000020003c3c                PROVIDE (__preinit_array_start = .)
 *(.preinit_array)
                0x0000000020003c3c                PROVIDE (__preinit_array_end = .)

.init_array     0x0000000020003c3c        0x4
                0x0000000020003c3c                PROVIDE (__init_array_start = .)
 *(SORT_BY_INIT_PRIORITY(.init_array.*) SORT_BY_INIT_PRIORITY(.ctors.*))
 .init_array.00000
                0x0000000020003c3c        0x4 c:/program files/robeiide/tool/riscv64-unknown-elf-gcc/bin/../lib/gcc/riscv64-unknown-elf/8.1.0/../../../../riscv64-unknown-elf/lib/rv32im/ilp32\libc_nano.a(lib_a-__call_atexit.o)
 *(.init_array EXCLUDE_FILE(*crtend?.o *crtend.o *crtbegin?.o *crtbegin.o) .ctors)
                0x0000000020003c40                PROVIDE (__init_array_end = .)

.fini_array     0x0000000020003c40        0x0
                0x0000000020003c40                PROVIDE (__fini_array_start = .)
 *(SORT_BY_INIT_PRIORITY(.fini_array.*) SORT_BY_INIT_PRIORITY(.dtors.*))
 *(.fini_array EXCLUDE_FILE(*crtend?.o *crtend.o *crtbegin?.o *crtbegin.o) .dtors)
                0x0000000020003c40                PROVIDE (__fini_array_end = .)

.ctors
 *crtbegin.o(.ctors)
 *crtbegin?.o(.ctors)
 *(EXCLUDE_FILE(*crtend?.o *crtend.o) .ctors)
 *(SORT_BY_NAME(.ctors.*))
 *(.ctors)

.dtors
 *crtbegin.o(.dtors)
 *crtbegin?.o(.dtors)
 *(EXCLUDE_FILE(*crtend?.o *crtend.o) .dtors)
 *(SORT_BY_NAME(.dtors.*))
 *(.dtors)

.lalign         0x0000000020003c40        0x0
                0x0000000020003c40                . = ALIGN (0x4)
                0x0000000020003c40                PROVIDE (_data_lma = .)

.dalign         0x0000000001000000        0x0 load address 0x0000000020003c40
                0x0000000001000000                . = ALIGN (0x4)
                0x0000000001000000                PROVIDE (_data = .)

.data           0x0000000001000000       0x68 load address 0x0000000020003c40
 *(.data .data.*)
 .data.impure_data
                0x0000000001000000       0x60 c:/program files/robeiide/tool/riscv64-unknown-elf-gcc/bin/../lib/gcc/riscv64-unknown-elf/8.1.0/../../../../riscv64-unknown-elf/lib/rv32im/ilp32\libc_nano.a(lib_a-impure.o)
 *(.gnu.linkonce.d.*)
                0x0000000001000060                . = ALIGN (0x8)
                0x0000000001000860                PROVIDE (__global_pointer$ = (. + 0x800))
 *(.sdata .sdata.*)
 .sdata.curbrk.1543
                0x0000000001000060        0x4 ./robei_sdk/libwrap/sys/sbrk.o
 .sdata._impure_ptr
                0x0000000001000064        0x4 c:/program files/robeiide/tool/riscv64-unknown-elf-gcc/bin/../lib/gcc/riscv64-unknown-elf/8.1.0/../../../../riscv64-unknown-elf/lib/rv32im/ilp32\libc_nano.a(lib_a-impure.o)
                0x0000000001000064                _impure_ptr
 *(.gnu.linkonce.s.*)
                0x0000000001000068                . = ALIGN (0x8)
 *(.srodata.cst16)
 *(.srodata.cst8)
 *(.srodata.cst4)
 *(.srodata.cst2)
 *(.srodata .srodata.*)
                0x0000000001000068                . = ALIGN (0x4)
                0x0000000001000068                PROVIDE (_edata = .)
                [!provide]                        PROVIDE (edata = .)
                [!provide]                        PROVIDE (_fbss = .)
                0x0000000001000068                PROVIDE (__bss_start = .)

.bss            0x0000000001000068       0xe0
 *(.sbss*)
 .sbss.g_u8printsel
                0x0000000001000068        0x1 ./robei_sdk/libwrap/sys/write.o
                0x0000000001000068                g_u8printsel
 *fill*         0x0000000001000069        0x3 
 .sbss._global_atexit
                0x000000000100006c        0x4 c:/program files/robeiide/tool/riscv64-unknown-elf-gcc/bin/../lib/gcc/riscv64-unknown-elf/8.1.0/../../../../riscv64-unknown-elf/lib/rv32im/ilp32\libc_nano.a(lib_a-__call_atexit.o)
                0x000000000100006c                _global_atexit
 .sbss.__malloc_free_list
                0x0000000001000070        0x4 c:/program files/robeiide/tool/riscv64-unknown-elf-gcc/bin/../lib/gcc/riscv64-unknown-elf/8.1.0/../../../../riscv64-unknown-elf/lib/rv32im/ilp32\libc_nano.a(lib_a-nano-mallocr.o)
                0x0000000001000070                __malloc_free_list
 .sbss.__malloc_sbrk_start
                0x0000000001000074        0x4 c:/program files/robeiide/tool/riscv64-unknown-elf-gcc/bin/../lib/gcc/riscv64-unknown-elf/8.1.0/../../../../riscv64-unknown-elf/lib/rv32im/ilp32\libc_nano.a(lib_a-nano-mallocr.o)
                0x0000000001000074                __malloc_sbrk_start
 *(.gnu.linkonce.sb.*)
 *(.bss .bss.*)
 .bss._global_atexit0
                0x0000000001000078       0x8c c:/program files/robeiide/tool/riscv64-unknown-elf-gcc/bin/../lib/gcc/riscv64-unknown-elf/8.1.0/../../../../riscv64-unknown-elf/lib/rv32im/ilp32\libc_nano.a(lib_a-__atexit.o)
 *(.gnu.linkonce.b.*)
 *(COMMON)
 COMMON         0x0000000001000104       0x40 ./robei_sdk/drivers/robei_UART.o
                0x0000000001000104                huart1
                0x0000000001000124                huart0
 COMMON         0x0000000001000144        0x4 c:/program files/robeiide/tool/riscv64-unknown-elf-gcc/bin/../lib/gcc/riscv64-unknown-elf/8.1.0/../../../../riscv64-unknown-elf/lib/rv32im/ilp32\libc_nano.a(lib_a-reent.o)
                0x0000000001000144                errno
                0x0000000001000148                . = ALIGN (0x4)
                0x0000000001000148                . = ALIGN (0x8)
                0x0000000001000148                PROVIDE (_end = .)
                [!provide]                        PROVIDE (end = .)

.stack          0x0000000001003c00      0x400 load address 0x0000000001000148
                0x0000000001003c00                PROVIDE (_heap_end = .)
                0x0000000000000400                . = __stack_size
 *fill*         0x0000000001003c00      0x400 
                0x0000000001004000                PROVIDE (_sp = .)
                0x0000000001004000                __freertos_irq_stack_top = .
OUTPUT(led_debug.elf elf32-littleriscv)

.debug_info     0x0000000000000000     0x873d
 .debug_info    0x0000000000000000      0xbf3 ./src/main.o
 .debug_info    0x0000000000000bf3       0x26 ./robei_sdk/env/rtos_start.o
 .debug_info    0x0000000000000c19       0x26 ./robei_sdk/env/start.o
 .debug_info    0x0000000000000c3f      0x98c ./robei_sdk/env/robei/init.o
 .debug_info    0x00000000000015cb      0xde2 ./robei_sdk/drivers/robei_GPIO.o
 .debug_info    0x00000000000023ad      0xb80 ./robei_sdk/drivers/robei_WWDG.o
 .debug_info    0x0000000000002f2d      0xf0b ./robei_sdk/drivers/robei_IT.o
 .debug_info    0x0000000000003e38     0x1026 ./robei_sdk/drivers/robei_UART.o
 .debug_info    0x0000000000004e5e      0x15e ./robei_sdk/libwrap/misc/write_hex.o
 .debug_info    0x0000000000004fbc      0x12f ./robei_sdk/libwrap/sys/_exit.o
 .debug_info    0x00000000000050eb      0x996 ./robei_sdk/libwrap/sys/close.o
 .debug_info    0x0000000000005a81      0xc23 ./robei_sdk/libwrap/sys/fstat.o
 .debug_info    0x00000000000066a4       0xf7 ./robei_sdk/libwrap/sys/isatty.o
 .debug_info    0x000000000000679b      0xa1a ./robei_sdk/libwrap/sys/lseek.o
 .debug_info    0x00000000000071b5      0xa1a ./robei_sdk/libwrap/sys/read.o
 .debug_info    0x0000000000007bcf       0xf1 ./robei_sdk/libwrap/sys/sbrk.o
 .debug_info    0x0000000000007cc0      0xa7d ./robei_sdk/libwrap/sys/write.o

.debug_abbrev   0x0000000000000000     0x1aa2
 .debug_abbrev  0x0000000000000000      0x219 ./src/main.o
 .debug_abbrev  0x0000000000000219       0x14 ./robei_sdk/env/rtos_start.o
 .debug_abbrev  0x000000000000022d       0x14 ./robei_sdk/env/start.o
 .debug_abbrev  0x0000000000000241      0x1d0 ./robei_sdk/env/robei/init.o
 .debug_abbrev  0x0000000000000411      0x248 ./robei_sdk/drivers/robei_GPIO.o
 .debug_abbrev  0x0000000000000659      0x217 ./robei_sdk/drivers/robei_WWDG.o
 .debug_abbrev  0x0000000000000870      0x243 ./robei_sdk/drivers/robei_IT.o
 .debug_abbrev  0x0000000000000ab3      0x305 ./robei_sdk/drivers/robei_UART.o
 .debug_abbrev  0x0000000000000db8       0xae ./robei_sdk/libwrap/misc/write_hex.o
 .debug_abbrev  0x0000000000000e66       0xb8 ./robei_sdk/libwrap/sys/_exit.o
 .debug_abbrev  0x0000000000000f1e      0x206 ./robei_sdk/libwrap/sys/close.o
 .debug_abbrev  0x0000000000001124      0x206 ./robei_sdk/libwrap/sys/fstat.o
 .debug_abbrev  0x000000000000132a       0x76 ./robei_sdk/libwrap/sys/isatty.o
 .debug_abbrev  0x00000000000013a0      0x206 ./robei_sdk/libwrap/sys/lseek.o
 .debug_abbrev  0x00000000000015a6      0x206 ./robei_sdk/libwrap/sys/read.o
 .debug_abbrev  0x00000000000017ac       0xad ./robei_sdk/libwrap/sys/sbrk.o
 .debug_abbrev  0x0000000000001859      0x249 ./robei_sdk/libwrap/sys/write.o

.debug_aranges  0x0000000000000000      0x500
 .debug_aranges
                0x0000000000000000       0x30 ./src/main.o
 .debug_aranges
                0x0000000000000030       0x20 ./robei_sdk/env/rtos_start.o
 .debug_aranges
                0x0000000000000050       0x20 ./robei_sdk/env/start.o
 .debug_aranges
                0x0000000000000070       0x28 ./robei_sdk/env/robei/init.o
 .debug_aranges
                0x0000000000000098       0x58 ./robei_sdk/drivers/robei_GPIO.o
 .debug_aranges
                0x00000000000000f0       0x38 ./robei_sdk/drivers/robei_WWDG.o
 .debug_aranges
                0x0000000000000128      0x1c0 ./robei_sdk/drivers/robei_IT.o
 .debug_aranges
                0x00000000000002e8       0xd0 ./robei_sdk/drivers/robei_UART.o
 .debug_aranges
                0x00000000000003b8       0x20 ./robei_sdk/libwrap/misc/write_hex.o
 .debug_aranges
                0x00000000000003d8       0x20 ./robei_sdk/libwrap/sys/_exit.o
 .debug_aranges
                0x00000000000003f8       0x28 ./robei_sdk/libwrap/sys/close.o
 .debug_aranges
                0x0000000000000420       0x28 ./robei_sdk/libwrap/sys/fstat.o
 .debug_aranges
                0x0000000000000448       0x20 ./robei_sdk/libwrap/sys/isatty.o
 .debug_aranges
                0x0000000000000468       0x28 ./robei_sdk/libwrap/sys/lseek.o
 .debug_aranges
                0x0000000000000490       0x28 ./robei_sdk/libwrap/sys/read.o
 .debug_aranges
                0x00000000000004b8       0x20 ./robei_sdk/libwrap/sys/sbrk.o
 .debug_aranges
                0x00000000000004d8       0x28 ./robei_sdk/libwrap/sys/write.o

.debug_ranges   0x0000000000000000      0x3d0
 .debug_ranges  0x0000000000000000       0x20 ./src/main.o
 .debug_ranges  0x0000000000000020       0x18 ./robei_sdk/env/robei/init.o
 .debug_ranges  0x0000000000000038       0x48 ./robei_sdk/drivers/robei_GPIO.o
 .debug_ranges  0x0000000000000080       0x28 ./robei_sdk/drivers/robei_WWDG.o
 .debug_ranges  0x00000000000000a8      0x1b0 ./robei_sdk/drivers/robei_IT.o
 .debug_ranges  0x0000000000000258       0xc0 ./robei_sdk/drivers/robei_UART.o
 .debug_ranges  0x0000000000000318       0x10 ./robei_sdk/libwrap/misc/write_hex.o
 .debug_ranges  0x0000000000000328       0x10 ./robei_sdk/libwrap/sys/_exit.o
 .debug_ranges  0x0000000000000338       0x18 ./robei_sdk/libwrap/sys/close.o
 .debug_ranges  0x0000000000000350       0x18 ./robei_sdk/libwrap/sys/fstat.o
 .debug_ranges  0x0000000000000368       0x10 ./robei_sdk/libwrap/sys/isatty.o
 .debug_ranges  0x0000000000000378       0x18 ./robei_sdk/libwrap/sys/lseek.o
 .debug_ranges  0x0000000000000390       0x18 ./robei_sdk/libwrap/sys/read.o
 .debug_ranges  0x00000000000003a8       0x10 ./robei_sdk/libwrap/sys/sbrk.o
 .debug_ranges  0x00000000000003b8       0x18 ./robei_sdk/libwrap/sys/write.o

.debug_macro    0x0000000000000000     0x7401
 .debug_macro   0x0000000000000000      0x2af ./src/main.o
 .debug_macro   0x00000000000002af      0x754 ./src/main.o
 .debug_macro   0x0000000000000a03       0x22 ./src/main.o
 .debug_macro   0x0000000000000a25       0x8e ./src/main.o
 .debug_macro   0x0000000000000ab3       0x51 ./src/main.o
 .debug_macro   0x0000000000000b04      0x174 ./src/main.o
 .debug_macro   0x0000000000000c78      0x330 ./src/main.o
 .debug_macro   0x0000000000000fa8       0x16 ./src/main.o
 .debug_macro   0x0000000000000fbe       0x22 ./src/main.o
 .debug_macro   0x0000000000000fe0      0x33c ./src/main.o
 .debug_macro   0x000000000000131c       0xef ./src/main.o
 .debug_macro   0x000000000000140b       0x6a ./src/main.o
 .debug_macro   0x0000000000001475      0x1df ./src/main.o
 .debug_macro   0x0000000000001654       0x19 ./src/main.o
 .debug_macro   0x000000000000166d       0x4c ./src/main.o
 .debug_macro   0x00000000000016b9       0x19 ./src/main.o
 .debug_macro   0x00000000000016d2       0x34 ./src/main.o
 .debug_macro   0x0000000000001706       0x34 ./src/main.o
 .debug_macro   0x000000000000173a       0x16 ./src/main.o
 .debug_macro   0x0000000000001750       0x35 ./src/main.o
 .debug_macro   0x0000000000001785       0x10 ./src/main.o
 .debug_macro   0x0000000000001795       0x52 ./src/main.o
 .debug_macro   0x00000000000017e7       0x1f ./src/main.o
 .debug_macro   0x0000000000001806       0x43 ./src/main.o
 .debug_macro   0x0000000000001849       0x20 ./src/main.o
 .debug_macro   0x0000000000001869      0x18e ./src/main.o
 .debug_macro   0x00000000000019f7       0x10 ./src/main.o
 .debug_macro   0x0000000000001a07       0x1c ./src/main.o
 .debug_macro   0x0000000000001a23       0x52 ./src/main.o
 .debug_macro   0x0000000000001a75       0x40 ./src/main.o
 .debug_macro   0x0000000000001ab5       0x10 ./src/main.o
 .debug_macro   0x0000000000001ac5       0x40 ./src/main.o
 .debug_macro   0x0000000000001b05       0xd7 ./src/main.o
 .debug_macro   0x0000000000001bdc       0x1c ./src/main.o
 .debug_macro   0x0000000000001bf8       0x3d ./src/main.o
 .debug_macro   0x0000000000001c35       0x16 ./src/main.o
 .debug_macro   0x0000000000001c4b      0x16f ./src/main.o
 .debug_macro   0x0000000000001dba       0x10 ./src/main.o
 .debug_macro   0x0000000000001dca       0x8e ./src/main.o
 .debug_macro   0x0000000000001e58      0x17e ./src/main.o
 .debug_macro   0x0000000000001fd6       0xac ./src/main.o
 .debug_macro   0x0000000000002082       0x8e ./src/main.o
 .debug_macro   0x0000000000002110      0x3a7 ./src/main.o
 .debug_macro   0x00000000000024b7      0x330 ./src/main.o
 .debug_macro   0x00000000000027e7      0x11e ./src/main.o
 .debug_macro   0x0000000000002905      0x22c ./src/main.o
 .debug_macro   0x0000000000002b31      0x3e1 ./src/main.o
 .debug_macro   0x0000000000002f12      0x1e7 ./src/main.o
 .debug_macro   0x00000000000030f9      0x1f4 ./src/main.o
 .debug_macro   0x00000000000032ed      0x23e ./src/main.o
 .debug_macro   0x000000000000352b      0x1f0 ./src/main.o
 .debug_macro   0x000000000000371b      0x13c ./src/main.o
 .debug_macro   0x0000000000003857       0x16 ./src/main.o
 .debug_macro   0x000000000000386d      0x1df ./robei_sdk/env/robei/init.o
 .debug_macro   0x0000000000003a4c       0x16 ./robei_sdk/env/robei/init.o
 .debug_macro   0x0000000000003a62      0x51a ./robei_sdk/env/robei/init.o
 .debug_macro   0x0000000000003f7c      0x295 ./robei_sdk/drivers/robei_GPIO.o
 .debug_macro   0x0000000000004211      0x295 ./robei_sdk/drivers/robei_WWDG.o
 .debug_macro   0x00000000000044a6      0x29e ./robei_sdk/drivers/robei_IT.o
 .debug_macro   0x0000000000004744     0x1584 ./robei_sdk/drivers/robei_IT.o
 .debug_macro   0x0000000000005cc8      0x299 ./robei_sdk/drivers/robei_UART.o
 .debug_macro   0x0000000000005f61      0x1a4 ./robei_sdk/libwrap/misc/write_hex.o
 .debug_macro   0x0000000000006105       0x10 ./robei_sdk/libwrap/misc/write_hex.o
 .debug_macro   0x0000000000006115      0x351 ./robei_sdk/libwrap/misc/write_hex.o
 .debug_macro   0x0000000000006466      0x1b3 ./robei_sdk/libwrap/sys/_exit.o
 .debug_macro   0x0000000000006619       0x10 ./robei_sdk/libwrap/sys/_exit.o
 .debug_macro   0x0000000000006629       0xef ./robei_sdk/libwrap/sys/close.o
 .debug_macro   0x0000000000006718       0x10 ./robei_sdk/libwrap/sys/close.o
 .debug_macro   0x0000000000006728      0x23b ./robei_sdk/libwrap/sys/close.o
 .debug_macro   0x0000000000006963      0x1eb ./robei_sdk/libwrap/sys/fstat.o
 .debug_macro   0x0000000000006b4e       0x10 ./robei_sdk/libwrap/sys/fstat.o
 .debug_macro   0x0000000000006b5e       0x10 ./robei_sdk/libwrap/sys/fstat.o
 .debug_macro   0x0000000000006b6e       0x10 ./robei_sdk/libwrap/sys/fstat.o
 .debug_macro   0x0000000000006b7e       0x35 ./robei_sdk/libwrap/sys/fstat.o
 .debug_macro   0x0000000000006bb3      0x122 ./robei_sdk/libwrap/sys/fstat.o
 .debug_macro   0x0000000000006cd5      0x174 ./robei_sdk/libwrap/sys/isatty.o
 .debug_macro   0x0000000000006e49      0x1a3 ./robei_sdk/libwrap/sys/lseek.o
 .debug_macro   0x0000000000006fec      0x1dc ./robei_sdk/libwrap/sys/read.o
 .debug_macro   0x00000000000071c8       0x5d ./robei_sdk/libwrap/sys/sbrk.o
 .debug_macro   0x0000000000007225      0x1dc ./robei_sdk/libwrap/sys/write.o

.debug_line     0x0000000000000000     0x595a
 .debug_line    0x0000000000000000      0x6e4 ./src/main.o
 .debug_line    0x00000000000006e4      0x10b ./robei_sdk/env/rtos_start.o
 .debug_line    0x00000000000007ef      0x70c ./robei_sdk/env/start.o
 .debug_line    0x0000000000000efb      0x374 ./robei_sdk/env/robei/init.o
 .debug_line    0x000000000000126f      0x80b ./robei_sdk/drivers/robei_GPIO.o
 .debug_line    0x0000000000001a7a      0x608 ./robei_sdk/drivers/robei_WWDG.o
 .debug_line    0x0000000000002082      0xcbd ./robei_sdk/drivers/robei_IT.o
 .debug_line    0x0000000000002d3f      0xb7b ./robei_sdk/drivers/robei_UART.o
 .debug_line    0x00000000000038ba      0x44a ./robei_sdk/libwrap/misc/write_hex.o
 .debug_line    0x0000000000003d04      0x3df ./robei_sdk/libwrap/sys/_exit.o
 .debug_line    0x00000000000040e3      0x2c6 ./robei_sdk/libwrap/sys/close.o
 .debug_line    0x00000000000043a9      0x3c9 ./robei_sdk/libwrap/sys/fstat.o
 .debug_line    0x0000000000004772      0x34c ./robei_sdk/libwrap/sys/isatty.o
 .debug_line    0x0000000000004abe      0x396 ./robei_sdk/libwrap/sys/lseek.o
 .debug_line    0x0000000000004e54      0x417 ./robei_sdk/libwrap/sys/read.o
 .debug_line    0x000000000000526b      0x25f ./robei_sdk/libwrap/sys/sbrk.o
 .debug_line    0x00000000000054ca      0x490 ./robei_sdk/libwrap/sys/write.o

.debug_str      0x0000000000000000    0x1635d
 .debug_str     0x0000000000000000     0xf68a ./src/main.o
                                       0xfbf1 (size before relaxing)
 .debug_str     0x000000000000f68a       0x32 ./robei_sdk/env/rtos_start.o
 .debug_str     0x000000000000f6bc       0x31 ./robei_sdk/env/start.o
                                         0x3d (size before relaxing)
 .debug_str     0x000000000000f6ed      0xff9 ./robei_sdk/env/robei/init.o
                                       0x82da (size before relaxing)
 .debug_str     0x00000000000106e6      0x157 ./robei_sdk/drivers/robei_GPIO.o
                                       0xfcad (size before relaxing)
 .debug_str     0x000000000001083d       0x6c ./robei_sdk/drivers/robei_WWDG.o
                                       0xfb63 (size before relaxing)
 .debug_str     0x00000000000108a9     0x4b82 ./robei_sdk/drivers/robei_IT.o
                                      0x1468f (size before relaxing)
 .debug_str     0x000000000001542b      0x21f ./robei_sdk/drivers/robei_UART.o
                                       0xfd57 (size before relaxing)
 .debug_str     0x000000000001564a       0x3b ./robei_sdk/libwrap/misc/write_hex.o
                                       0x7dd3 (size before relaxing)
 .debug_str     0x0000000000015685       0xcf ./robei_sdk/libwrap/sys/_exit.o
                                       0x7e5f (size before relaxing)
 .debug_str     0x0000000000015754      0x4c3 ./robei_sdk/libwrap/sys/close.o
                                       0x5a9d (size before relaxing)
 .debug_str     0x0000000000015c17      0x64e ./robei_sdk/libwrap/sys/fstat.o
                                       0x7e27 (size before relaxing)
 .debug_str     0x0000000000016265       0x2d ./robei_sdk/libwrap/sys/isatty.o
                                       0x625f (size before relaxing)
 .debug_str     0x0000000000016292       0x2b ./robei_sdk/libwrap/sys/lseek.o
                                       0x779d (size before relaxing)
 .debug_str     0x00000000000162bd       0x29 ./robei_sdk/libwrap/sys/read.o
                                       0x9388 (size before relaxing)
 .debug_str     0x00000000000162e6       0x3f ./robei_sdk/libwrap/sys/sbrk.o
                                       0x4010 (size before relaxing)
 .debug_str     0x0000000000016325       0x38 ./robei_sdk/libwrap/sys/write.o
                                       0x93b1 (size before relaxing)

.comment        0x0000000000000000       0x11
 .comment       0x0000000000000000       0x11 ./src/main.o
                                         0x12 (size before relaxing)
 .comment       0x0000000000000011       0x12 ./robei_sdk/env/robei/init.o
 .comment       0x0000000000000011       0x12 ./robei_sdk/drivers/robei_GPIO.o
 .comment       0x0000000000000011       0x12 ./robei_sdk/drivers/robei_WWDG.o
 .comment       0x0000000000000011       0x12 ./robei_sdk/drivers/robei_IT.o
 .comment       0x0000000000000011       0x12 ./robei_sdk/drivers/robei_UART.o
 .comment       0x0000000000000011       0x12 ./robei_sdk/libwrap/misc/write_hex.o
 .comment       0x0000000000000011       0x12 ./robei_sdk/libwrap/sys/_exit.o
 .comment       0x0000000000000011       0x12 ./robei_sdk/libwrap/sys/close.o
 .comment       0x0000000000000011       0x12 ./robei_sdk/libwrap/sys/fstat.o
 .comment       0x0000000000000011       0x12 ./robei_sdk/libwrap/sys/isatty.o
 .comment       0x0000000000000011       0x12 ./robei_sdk/libwrap/sys/lseek.o
 .comment       0x0000000000000011       0x12 ./robei_sdk/libwrap/sys/read.o
 .comment       0x0000000000000011       0x12 ./robei_sdk/libwrap/sys/sbrk.o
 .comment       0x0000000000000011       0x12 ./robei_sdk/libwrap/sys/write.o
 .comment       0x0000000000000011       0x12 c:/program files/robeiide/tool/riscv64-unknown-elf-gcc/bin/../lib/gcc/riscv64-unknown-elf/8.1.0/../../../../riscv64-unknown-elf/lib/rv32im/ilp32\libc_nano.a(lib_a-atexit.o)
 .comment       0x0000000000000011       0x12 c:/program files/robeiide/tool/riscv64-unknown-elf-gcc/bin/../lib/gcc/riscv64-unknown-elf/8.1.0/../../../../riscv64-unknown-elf/lib/rv32im/ilp32\libc_nano.a(lib_a-exit.o)
 .comment       0x0000000000000011       0x12 c:/program files/robeiide/tool/riscv64-unknown-elf-gcc/bin/../lib/gcc/riscv64-unknown-elf/8.1.0/../../../../riscv64-unknown-elf/lib/rv32im/ilp32\libc_nano.a(lib_a-fini.o)
 .comment       0x0000000000000011       0x12 c:/program files/robeiide/tool/riscv64-unknown-elf-gcc/bin/../lib/gcc/riscv64-unknown-elf/8.1.0/../../../../riscv64-unknown-elf/lib/rv32im/ilp32\libc_nano.a(lib_a-impure.o)
 .comment       0x0000000000000011       0x12 c:/program files/robeiide/tool/riscv64-unknown-elf-gcc/bin/../lib/gcc/riscv64-unknown-elf/8.1.0/../../../../riscv64-unknown-elf/lib/rv32im/ilp32\libc_nano.a(lib_a-init.o)
 .comment       0x0000000000000011       0x12 c:/program files/robeiide/tool/riscv64-unknown-elf-gcc/bin/../lib/gcc/riscv64-unknown-elf/8.1.0/../../../../riscv64-unknown-elf/lib/rv32im/ilp32\libc_nano.a(lib_a-printf.o)
 .comment       0x0000000000000011       0x12 c:/program files/robeiide/tool/riscv64-unknown-elf-gcc/bin/../lib/gcc/riscv64-unknown-elf/8.1.0/../../../../riscv64-unknown-elf/lib/rv32im/ilp32\libc_nano.a(lib_a-__atexit.o)
 .comment       0x0000000000000011       0x12 c:/program files/robeiide/tool/riscv64-unknown-elf-gcc/bin/../lib/gcc/riscv64-unknown-elf/8.1.0/../../../../riscv64-unknown-elf/lib/rv32im/ilp32\libc_nano.a(lib_a-__call_atexit.o)
 .comment       0x0000000000000011       0x12 c:/program files/robeiide/tool/riscv64-unknown-elf-gcc/bin/../lib/gcc/riscv64-unknown-elf/8.1.0/../../../../riscv64-unknown-elf/lib/rv32im/ilp32\libc_nano.a(lib_a-findfp.o)
 .comment       0x0000000000000011       0x12 c:/program files/robeiide/tool/riscv64-unknown-elf-gcc/bin/../lib/gcc/riscv64-unknown-elf/8.1.0/../../../../riscv64-unknown-elf/lib/rv32im/ilp32\libc_nano.a(lib_a-fwalk.o)
 .comment       0x0000000000000011       0x12 c:/program files/robeiide/tool/riscv64-unknown-elf-gcc/bin/../lib/gcc/riscv64-unknown-elf/8.1.0/../../../../riscv64-unknown-elf/lib/rv32im/ilp32\libc_nano.a(lib_a-nano-mallocr.o)
 .comment       0x0000000000000011       0x12 c:/program files/robeiide/tool/riscv64-unknown-elf-gcc/bin/../lib/gcc/riscv64-unknown-elf/8.1.0/../../../../riscv64-unknown-elf/lib/rv32im/ilp32\libc_nano.a(lib_a-nano-vfprintf.o)
 .comment       0x0000000000000011       0x12 c:/program files/robeiide/tool/riscv64-unknown-elf-gcc/bin/../lib/gcc/riscv64-unknown-elf/8.1.0/../../../../riscv64-unknown-elf/lib/rv32im/ilp32\libc_nano.a(lib_a-sbrkr.o)
 .comment       0x0000000000000011       0x12 c:/program files/robeiide/tool/riscv64-unknown-elf-gcc/bin/../lib/gcc/riscv64-unknown-elf/8.1.0/../../../../riscv64-unknown-elf/lib/rv32im/ilp32\libc_nano.a(lib_a-stdio.o)
 .comment       0x0000000000000011       0x12 c:/program files/robeiide/tool/riscv64-unknown-elf-gcc/bin/../lib/gcc/riscv64-unknown-elf/8.1.0/../../../../riscv64-unknown-elf/lib/rv32im/ilp32\libc_nano.a(lib_a-wbuf.o)
 .comment       0x0000000000000011       0x12 c:/program files/robeiide/tool/riscv64-unknown-elf-gcc/bin/../lib/gcc/riscv64-unknown-elf/8.1.0/../../../../riscv64-unknown-elf/lib/rv32im/ilp32\libc_nano.a(lib_a-writer.o)
 .comment       0x0000000000000011       0x12 c:/program files/robeiide/tool/riscv64-unknown-elf-gcc/bin/../lib/gcc/riscv64-unknown-elf/8.1.0/../../../../riscv64-unknown-elf/lib/rv32im/ilp32\libc_nano.a(lib_a-wsetup.o)
 .comment       0x0000000000000011       0x12 c:/program files/robeiide/tool/riscv64-unknown-elf-gcc/bin/../lib/gcc/riscv64-unknown-elf/8.1.0/../../../../riscv64-unknown-elf/lib/rv32im/ilp32\libc_nano.a(lib_a-closer.o)
 .comment       0x0000000000000011       0x12 c:/program files/robeiide/tool/riscv64-unknown-elf-gcc/bin/../lib/gcc/riscv64-unknown-elf/8.1.0/../../../../riscv64-unknown-elf/lib/rv32im/ilp32\libc_nano.a(lib_a-fflush.o)
 .comment       0x0000000000000011       0x12 c:/program files/robeiide/tool/riscv64-unknown-elf-gcc/bin/../lib/gcc/riscv64-unknown-elf/8.1.0/../../../../riscv64-unknown-elf/lib/rv32im/ilp32\libc_nano.a(lib_a-lseekr.o)
 .comment       0x0000000000000011       0x12 c:/program files/robeiide/tool/riscv64-unknown-elf-gcc/bin/../lib/gcc/riscv64-unknown-elf/8.1.0/../../../../riscv64-unknown-elf/lib/rv32im/ilp32\libc_nano.a(lib_a-makebuf.o)
 .comment       0x0000000000000011       0x12 c:/program files/robeiide/tool/riscv64-unknown-elf-gcc/bin/../lib/gcc/riscv64-unknown-elf/8.1.0/../../../../riscv64-unknown-elf/lib/rv32im/ilp32\libc_nano.a(lib_a-memchr.o)
 .comment       0x0000000000000011       0x12 c:/program files/robeiide/tool/riscv64-unknown-elf-gcc/bin/../lib/gcc/riscv64-unknown-elf/8.1.0/../../../../riscv64-unknown-elf/lib/rv32im/ilp32\libc_nano.a(lib_a-mlock.o)
 .comment       0x0000000000000011       0x12 c:/program files/robeiide/tool/riscv64-unknown-elf-gcc/bin/../lib/gcc/riscv64-unknown-elf/8.1.0/../../../../riscv64-unknown-elf/lib/rv32im/ilp32\libc_nano.a(lib_a-nano-freer.o)
 .comment       0x0000000000000011       0x12 c:/program files/robeiide/tool/riscv64-unknown-elf-gcc/bin/../lib/gcc/riscv64-unknown-elf/8.1.0/../../../../riscv64-unknown-elf/lib/rv32im/ilp32\libc_nano.a(lib_a-nano-vfprintf_i.o)
 .comment       0x0000000000000011       0x12 c:/program files/robeiide/tool/riscv64-unknown-elf-gcc/bin/../lib/gcc/riscv64-unknown-elf/8.1.0/../../../../riscv64-unknown-elf/lib/rv32im/ilp32\libc_nano.a(lib_a-readr.o)
 .comment       0x0000000000000011       0x12 c:/program files/robeiide/tool/riscv64-unknown-elf-gcc/bin/../lib/gcc/riscv64-unknown-elf/8.1.0/../../../../riscv64-unknown-elf/lib/rv32im/ilp32\libc_nano.a(lib_a-reent.o)
 .comment       0x0000000000000011       0x12 c:/program files/robeiide/tool/riscv64-unknown-elf-gcc/bin/../lib/gcc/riscv64-unknown-elf/8.1.0/../../../../riscv64-unknown-elf/lib/rv32im/ilp32\libc_nano.a(lib_a-fstatr.o)
 .comment       0x0000000000000011       0x12 c:/program files/robeiide/tool/riscv64-unknown-elf-gcc/bin/../lib/gcc/riscv64-unknown-elf/8.1.0/../../../../riscv64-unknown-elf/lib/rv32im/ilp32\libc_nano.a(lib_a-isattyr.o)

.debug_frame    0x0000000000000000      0xe84
 .debug_frame   0x0000000000000000       0x74 ./src/main.o
 .debug_frame   0x0000000000000074       0x50 ./robei_sdk/env/robei/init.o
 .debug_frame   0x00000000000000c4      0x118 ./robei_sdk/drivers/robei_GPIO.o
 .debug_frame   0x00000000000001dc       0x94 ./robei_sdk/drivers/robei_WWDG.o
 .debug_frame   0x0000000000000270      0x6b0 ./robei_sdk/drivers/robei_IT.o
 .debug_frame   0x0000000000000920      0x300 ./robei_sdk/drivers/robei_UART.o
 .debug_frame   0x0000000000000c20       0x34 ./robei_sdk/libwrap/misc/write_hex.o
 .debug_frame   0x0000000000000c54       0x2c ./robei_sdk/libwrap/sys/_exit.o
 .debug_frame   0x0000000000000c80       0x54 ./robei_sdk/libwrap/sys/close.o
 .debug_frame   0x0000000000000cd4       0x54 ./robei_sdk/libwrap/sys/fstat.o
 .debug_frame   0x0000000000000d28       0x30 ./robei_sdk/libwrap/sys/isatty.o
 .debug_frame   0x0000000000000d58       0x54 ./robei_sdk/libwrap/sys/lseek.o
 .debug_frame   0x0000000000000dac       0x54 ./robei_sdk/libwrap/sys/read.o
 .debug_frame   0x0000000000000e00       0x30 ./robei_sdk/libwrap/sys/sbrk.o
 .debug_frame   0x0000000000000e30       0x54 ./robei_sdk/libwrap/sys/write.o
